Archive member included to satisfy reference by file (symbol)

/mnt/sata_data/qemu/FreedomStudio-4.18.0.2021-04-1-x86_64-linux-ubuntu14/SiFive/riscv64-unknown-elf-toolchain-10.2.0-2020.12.8/bin/../lib/gcc/riscv64-unknown-elf/10.2.0/../../../../riscv64-unknown-elf/lib/rv32imac/ilp32/libc_nano.a(lib_a-assert.o)
                              /tmp/cc6czUBl.o (__assert_func)
/mnt/sata_data/qemu/FreedomStudio-4.18.0.2021-04-1-x86_64-linux-ubuntu14/SiFive/riscv64-unknown-elf-toolchain-10.2.0-2020.12.8/bin/../lib/gcc/riscv64-unknown-elf/10.2.0/../../../../riscv64-unknown-elf/lib/rv32imac/ilp32/libc_nano.a(lib_a-fprintf.o)
                              /mnt/sata_data/qemu/FreedomStudio-4.18.0.2021-04-1-x86_64-linux-ubuntu14/SiFive/riscv64-unknown-elf-toolchain-10.2.0-2020.12.8/bin/../lib/gcc/riscv64-unknown-elf/10.2.0/../../../../riscv64-unknown-elf/lib/rv32imac/ilp32/libc_nano.a(lib_a-assert.o) (fiprintf)
/mnt/sata_data/qemu/FreedomStudio-4.18.0.2021-04-1-x86_64-linux-ubuntu14/SiFive/riscv64-unknown-elf-toolchain-10.2.0-2020.12.8/bin/../lib/gcc/riscv64-unknown-elf/10.2.0/../../../../riscv64-unknown-elf/lib/rv32imac/ilp32/libc_nano.a(lib_a-impure.o)
                              /mnt/sata_data/qemu/FreedomStudio-4.18.0.2021-04-1-x86_64-linux-ubuntu14/SiFive/riscv64-unknown-elf-toolchain-10.2.0-2020.12.8/bin/../lib/gcc/riscv64-unknown-elf/10.2.0/../../../../riscv64-unknown-elf/lib/rv32imac/ilp32/libc_nano.a(lib_a-assert.o) (_impure_ptr)
/mnt/sata_data/qemu/FreedomStudio-4.18.0.2021-04-1-x86_64-linux-ubuntu14/SiFive/riscv64-unknown-elf-toolchain-10.2.0-2020.12.8/bin/../lib/gcc/riscv64-unknown-elf/10.2.0/../../../../riscv64-unknown-elf/lib/rv32imac/ilp32/libc_nano.a(lib_a-memcmp.o)
                              /tmp/cc6czUBl.o (memcmp)
/mnt/sata_data/qemu/FreedomStudio-4.18.0.2021-04-1-x86_64-linux-ubuntu14/SiFive/riscv64-unknown-elf-toolchain-10.2.0-2020.12.8/bin/../lib/gcc/riscv64-unknown-elf/10.2.0/../../../../riscv64-unknown-elf/lib/rv32imac/ilp32/libc_nano.a(lib_a-memcpy.o)
                              /tmp/cc6czUBl.o (memcpy)
/mnt/sata_data/qemu/FreedomStudio-4.18.0.2021-04-1-x86_64-linux-ubuntu14/SiFive/riscv64-unknown-elf-toolchain-10.2.0-2020.12.8/bin/../lib/gcc/riscv64-unknown-elf/10.2.0/../../../../riscv64-unknown-elf/lib/rv32imac/ilp32/libc_nano.a(lib_a-nano-vfprintf.o)
                              /mnt/sata_data/qemu/FreedomStudio-4.18.0.2021-04-1-x86_64-linux-ubuntu14/SiFive/riscv64-unknown-elf-toolchain-10.2.0-2020.12.8/bin/../lib/gcc/riscv64-unknown-elf/10.2.0/../../../../riscv64-unknown-elf/lib/rv32imac/ilp32/libc_nano.a(lib_a-fprintf.o) (_vfprintf_r)
/mnt/sata_data/qemu/FreedomStudio-4.18.0.2021-04-1-x86_64-linux-ubuntu14/SiFive/riscv64-unknown-elf-toolchain-10.2.0-2020.12.8/bin/../lib/gcc/riscv64-unknown-elf/10.2.0/../../../../riscv64-unknown-elf/lib/rv32imac/ilp32/libc_nano.a(lib_a-printf.o)
                              /tmp/ccxOjBqK.o (printf)
/mnt/sata_data/qemu/FreedomStudio-4.18.0.2021-04-1-x86_64-linux-ubuntu14/SiFive/riscv64-unknown-elf-toolchain-10.2.0-2020.12.8/bin/../lib/gcc/riscv64-unknown-elf/10.2.0/../../../../riscv64-unknown-elf/lib/rv32imac/ilp32/libc_nano.a(lib_a-wbuf.o)
                              /mnt/sata_data/qemu/FreedomStudio-4.18.0.2021-04-1-x86_64-linux-ubuntu14/SiFive/riscv64-unknown-elf-toolchain-10.2.0-2020.12.8/bin/../lib/gcc/riscv64-unknown-elf/10.2.0/../../../../riscv64-unknown-elf/lib/rv32imac/ilp32/libc_nano.a(lib_a-nano-vfprintf.o) (__swbuf_r)
/mnt/sata_data/qemu/FreedomStudio-4.18.0.2021-04-1-x86_64-linux-ubuntu14/SiFive/riscv64-unknown-elf-toolchain-10.2.0-2020.12.8/bin/../lib/gcc/riscv64-unknown-elf/10.2.0/../../../../riscv64-unknown-elf/lib/rv32imac/ilp32/libc_nano.a(lib_a-wsetup.o)
                              /mnt/sata_data/qemu/FreedomStudio-4.18.0.2021-04-1-x86_64-linux-ubuntu14/SiFive/riscv64-unknown-elf-toolchain-10.2.0-2020.12.8/bin/../lib/gcc/riscv64-unknown-elf/10.2.0/../../../../riscv64-unknown-elf/lib/rv32imac/ilp32/libc_nano.a(lib_a-nano-vfprintf.o) (__swsetup_r)
/mnt/sata_data/qemu/FreedomStudio-4.18.0.2021-04-1-x86_64-linux-ubuntu14/SiFive/riscv64-unknown-elf-toolchain-10.2.0-2020.12.8/bin/../lib/gcc/riscv64-unknown-elf/10.2.0/../../../../riscv64-unknown-elf/lib/rv32imac/ilp32/libc_nano.a(lib_a-abort.o)
                              /mnt/sata_data/qemu/FreedomStudio-4.18.0.2021-04-1-x86_64-linux-ubuntu14/SiFive/riscv64-unknown-elf-toolchain-10.2.0-2020.12.8/bin/../lib/gcc/riscv64-unknown-elf/10.2.0/../../../../riscv64-unknown-elf/lib/rv32imac/ilp32/libc_nano.a(lib_a-assert.o) (abort)
/mnt/sata_data/qemu/FreedomStudio-4.18.0.2021-04-1-x86_64-linux-ubuntu14/SiFive/riscv64-unknown-elf-toolchain-10.2.0-2020.12.8/bin/../lib/gcc/riscv64-unknown-elf/10.2.0/../../../../riscv64-unknown-elf/lib/rv32imac/ilp32/libc_nano.a(lib_a-fflush.o)
[...]
Memory Configuration

Name             Origin             Length             Attributes
ram              0x0000000080000000 0x0000000000400000 axrwl
rom              0x0000000020400000 0x000000001fc00000 xrl !aw
*default*        0x0000000000000000 0xffffffffffffffff

Linker script and memory map

LOAD /tmp/ccxOjBqK.o
LOAD /tmp/cconOdXx.o
LOAD /tmp/cc6czUBl.o
START GROUP
LOAD /mnt/sata_data/qemu/FreedomStudio-4.18.0.2021-04-1-x86_64-linux-ubuntu14/SiFive/riscv64-unknown-elf-toolchain-10.2.0-2020.12.8/bin/../lib/gcc/riscv64-unknown-elf/10.2.0/../../../../riscv64-unknown-elf/lib/rv32imac/ilp32/libc_nano.a
LOAD /mnt/sata_data/qemu/FreedomStudio-4.18.0.2021-04-1-x86_64-linux-ubuntu14/SiFive/riscv64-unknown-elf-toolchain-10.2.0-2020.12.8/bin/../lib/gcc/riscv64-unknown-elf/10.2.0/rv32imac/ilp32/libgcc.a
LOAD /mnt/sata_data/qemu/FreedomStudio-4.18.0.2021-04-1-x86_64-linux-ubuntu14/SiFive/riscv64-unknown-elf-toolchain-10.2.0-2020.12.8/bin/../lib/gcc/riscv64-unknown-elf/10.2.0/../../../../riscv64-unknown-elf/lib/rv32imac/ilp32/libm_nano.a
LOAD /mnt/sata_data/qemu/freedom_wb/qemu_sifive_e31_sifive_welcome/bsp/install/lib/debug//libmetal.a
LOAD /mnt/sata_data/qemu/freedom_wb/qemu_sifive_e31_sifive_welcome/bsp/install/lib/debug//libmetal-gloss.a
END GROUP
                0x0000000000000400                __stack_size = DEFINED (__stack_size)?__stack_size:0x400
                [!provide]                        PROVIDE (__stack_size = __stack_size)
                0x0000000000000800                __heap_size = DEFINED (__heap_size)?__heap_size:0x800
                0x0000000000000000                PROVIDE (__metal_boot_hart = 0x0)
                0x0000000000000001                PROVIDE (__metal_chicken_bit = 0x1)
                0x0000000000000000                PROVIDE (__metal_eccscrub_bit = 0x0)
                [!provide]                        PROVIDE (metal_dtim_0_memory_start = 0x80000000)
                [!provide]                        PROVIDE (metal_dtim_0_memory_end = 0x80010000)

.init           0x0000000020400000      0x2dc
 *(.text.metal.init.enter)
 .text.metal.init.enter
                0x0000000020400000       0x88 /mnt/sata_data/qemu/freedom_wb/qemu_sifive_e31_sifive_welcome/bsp/install/lib/debug//libmetal.a(entry.o)
                0x0000000020400000                _enter
 *(.text.metal.init.*)
 .text.metal.init.__register_frame_info
                0x0000000020400088        0x2 /mnt/sata_data/qemu/freedom_wb/qemu_sifive_e31_sifive_welcome/bsp/install/lib/debug//libmetal.a(entry.o)
                0x0000000020400088                __register_frame_info
 .text.metal.init.scrub
                0x000000002040008a       0xa8 /mnt/sata_data/qemu/freedom_wb/qemu_sifive_e31_sifive_welcome/bsp/install/lib/debug//libmetal.a(scrub.o)
                0x000000002040008a                metal_mem_scrub
                0x00000000204000cc                __metal_before_start
 *fill*         0x0000000020400132        0x2 
 .text.metal.init.trapvec
                0x0000000020400134        0xe /mnt/sata_data/qemu/freedom_wb/qemu_sifive_e31_sifive_welcome/bsp/install/lib/debug//libmetal.a(trap.o)
                0x0000000020400134                early_trap_vector
 *(SORT_NONE(.init))
 .init          0x0000000020400142        0xe /mnt/sata_data/qemu/freedom_wb/qemu_sifive_e31_sifive_welcome/bsp/install/lib/debug//libmetal.a(synchronize_harts.o)
                0x0000000020400142                __metal_synchronize_harts
 *(.text.libgloss.start)
 .text.libgloss.start
                0x0000000020400150      0x18c /mnt/sata_data/qemu/freedom_wb/qemu_sifive_e31_sifive_welcome/bsp/install/lib/debug//libmetal-gloss.a(crt0.o)
                0x0000000020400150                _start
                0x00000000204002ba                _init
                0x00000000204002ba                _fini
                0x00000000204002bc                secondary_main

.fini
 *(SORT_NONE(.fini))

.preinit_array  0x00000000204002e0        0x0
                0x00000000204002e0                PROVIDE (__preinit_array_start = .)
 *(.preinit_array)
                0x00000000204002e0                PROVIDE (__preinit_array_end = .)

.init_array     0x00000000204002e0        0xc
                0x00000000204002e0                PROVIDE (__init_array_start = .)
 *(SORT_BY_INIT_PRIORITY(.init_array.*) SORT_BY_INIT_PRIORITY(.ctors.*))
 *(.init_array EXCLUDE_FILE(*crtend?.o *crtend.o *crtbegin?.o *crtbegin.o) .ctors)
                0x00000000204002e0                PROVIDE (__init_array_end = .)
                0x00000000204002e0                PROVIDE (metal_constructors_start = .)
 *(SORT_BY_INIT_PRIORITY(.metal.init_array.*))
 .metal.init_array.5000
                0x00000000204002e0        0x4 /mnt/sata_data/qemu/freedom_wb/qemu_sifive_e31_sifive_welcome/bsp/install/lib/debug//libmetal.a(tty.o)
                0x00000000204002e0                _metal_tty_init_ptr
 .metal.init_array.5000
                0x00000000204002e4        0x8 /mnt/sata_data/qemu/freedom_wb/qemu_sifive_e31_sifive_welcome/bsp/install/lib/debug//libmetal.a(sifive_fe310-g000_pll.o)
                0x00000000204002e4                _metal_sifive_fe310_g000_pll_init_ptr
                0x00000000204002e8                _use_hfxosc_ptr
 *(.metal.init_array)
                0x00000000204002ec                PROVIDE (metal_constructors_end = .)

.fini_array     0x00000000204002f0        0x0
                0x00000000204002f0                PROVIDE (__fini_array_start = .)
 *(SORT_BY_INIT_PRIORITY(.fini_array.*) SORT_BY_INIT_PRIORITY(.dtors.*))
 *(.fini_array EXCLUDE_FILE(*crtend?.o *crtend.o *crtbegin?.o *crtbegin.o) .dtors)
                0x00000000204002f0                PROVIDE (__fini_array_end = .)
                0x00000000204002f0                PROVIDE (metal_destructors_start = .)
 *(SORT_BY_INIT_PRIORITY(.metal.fini_array.*))
 *(.metal.fini_array)
                0x00000000204002f0                PROVIDE (metal_destructors_end = .)

.ctors          0x00000000204002ec       0x7a
 *crtbegin.o(.ctors)
 *crtbegin?.o(.ctors)
 *(EXCLUDE_FILE(*crtend?.o *crtend.o) .ctors)
 *(SORT_BY_NAME(.ctors.*))
 *(.ctors)
 *(.metal.ctors .metal.ctors.*)
 .metal.ctors   0x00000000204002ec       0x24 /mnt/sata_data/qemu/freedom_wb/qemu_sifive_e31_sifive_welcome/bsp/install/lib/debug//libmetal.a(tty.o)
                0x00000000204002ec                metal_tty_init
 .metal.ctors   0x0000000020400310       0x56 /mnt/sata_data/qemu/freedom_wb/qemu_sifive_e31_sifive_welcome/bsp/install/lib/debug//libmetal.a(sifive_fe310-g000_pll.o)
                0x0000000020400310                metal_sifive_fe310_g000_pll_init
                0x000000002040033c                use_hfxosc

.dtors
 *crtbegin.o(.dtors)
 *crtbegin?.o(.dtors)
 *(EXCLUDE_FILE(*crtend?.o *crtend.o) .dtors)
 *(SORT_BY_NAME(.dtors.*))
 *(.dtors)
 *(.metal.dtors .metal.dtors.*)

.rodata         0x0000000020400368      0xdf0
 *(.rdata)
 *(.rodata .rodata.*)
 .rodata        0x0000000020400368        0x5 /tmp/ccxOjBqK.o
 *fill*         0x000000002040036d        0x3 
 .rodata.correct_ping_packet
                0x0000000020400370       0x62 /tmp/cc6czUBl.o
                0x0000000020400370                correct_ping_packet
 *fill*         0x00000000204003d2        0x2 
 .rodata.incorrect_ping_packet
                0x00000000204003d4       0x62 /tmp/cc6czUBl.o
                0x00000000204003d4                incorrect_ping_packet
 *fill*         0x0000000020400436        0x2 
 .rodata        0x0000000020400438       0x64 /tmp/cc6czUBl.o
 .rodata.__func__.0
                0x000000002040049c        0xe /tmp/cc6czUBl.o
 *fill*         0x00000000204004aa        0x2 
 .rodata.__assert_func.str1.4
                0x00000000204004ac       0x3f /mnt/sata_data/qemu/FreedomStudio-4.18.0.2021-04-1-x86_64-linux-ubuntu14/SiFive/riscv64-unknown-elf-toolchain-10.2.0-2020.12.8/bin/../lib/gcc/riscv64-unknown-elf/10.2.0/../../../../riscv64-unknown-elf/lib/rv32imac/ilp32/libc_nano.a(lib_a-assert.o)
                                         0x43 (size before relaxing)
 *fill*         0x00000000204004eb        0x1 
 .rodata._vfprintf_r.str1.4
                0x00000000204004ec       0x13 /mnt/sata_data/qemu/FreedomStudio-4.18.0.2021-04-1-x86_64-linux-ubuntu14/SiFive/riscv64-unknown-elf-toolchain-10.2.0-2020.12.8/bin/../lib/gcc/riscv64-unknown-elf/10.2.0/../../../../riscv64-unknown-elf/lib/rv32imac/ilp32/libc_nano.a(lib_a-nano-vfprintf.o)
 *fill*         0x00000000204004ff        0x1 
 .rodata.__sf_fake_stderr
                0x0000000020400500       0x20 /mnt/sata_data/qemu/FreedomStudio-4.18.0.2021-04-1-x86_64-linux-ubuntu14/SiFive/riscv64-unknown-elf-toolchain-10.2.0-2020.12.8/bin/../lib/gcc/riscv64-unknown-elf/10.2.0/../../../../riscv64-unknown-elf/lib/rv32imac/ilp32/libc_nano.a(lib_a-findfp.o)
                0x0000000020400500                __sf_fake_stderr
 .rodata.__sf_fake_stdin
                0x0000000020400520       0x20 /mnt/sata_data/qemu/FreedomStudio-4.18.0.2021-04-1-x86_64-linux-ubuntu14/SiFive/riscv64-unknown-elf-toolchain-10.2.0-2020.12.8/bin/../lib/gcc/riscv64-unknown-elf/10.2.0/../../../../riscv64-unknown-elf/lib/rv32imac/ilp32/libc_nano.a(lib_a-findfp.o)
                0x0000000020400520                __sf_fake_stdin
 .rodata.__sf_fake_stdout
                0x0000000020400540       0x20 /mnt/sata_data/qemu/FreedomStudio-4.18.0.2021-04-1-x86_64-linux-ubuntu14/SiFive/riscv64-unknown-elf-toolchain-10.2.0-2020.12.8/bin/../lib/gcc/riscv64-unknown-elf/10.2.0/../../../../riscv64-unknown-elf/lib/rv32imac/ilp32/libc_nano.a(lib_a-findfp.o)
                0x0000000020400540                __sf_fake_stdout
 .rodata._printf_i.str1.4
                0x0000000020400560       0x25 /mnt/sata_data/qemu/FreedomStudio-4.18.0.2021-04-1-x86_64-linux-ubuntu14/SiFive/riscv64-unknown-elf-toolchain-10.2.0-2020.12.8/bin/../lib/gcc/riscv64-unknown-elf/10.2.0/../../../../riscv64-unknown-elf/lib/rv32imac/ilp32/libc_nano.a(lib_a-nano-vfprintf_i.o)
 *fill*         0x0000000020400585        0x3 
 .rodata._printf_i
                0x0000000020400588       0x58 /mnt/sata_data/qemu/FreedomStudio-4.18.0.2021-04-1-x86_64-linux-ubuntu14/SiFive/riscv64-unknown-elf-toolchain-10.2.0-2020.12.8/bin/../lib/gcc/riscv64-unknown-elf/10.2.0/../../../../riscv64-unknown-elf/lib/rv32imac/ilp32/libc_nano.a(lib_a-nano-vfprintf_i.o)
 .rodata.libgloss.start
                0x00000000204005e0       0x11 /mnt/sata_data/qemu/freedom_wb/qemu_sifive_e31_sifive_welcome/bsp/install/lib/debug//libmetal-gloss.a(crt0.o)
 *fill*         0x00000000204005f1        0x3 
 .rodata.__metal_driver_vtable_riscv_clint0
                0x00000000204005f4       0x64 /mnt/sata_data/qemu/freedom_wb/qemu_sifive_e31_sifive_welcome/bsp/install/lib/debug//libmetal.a(riscv_clint0.o)
                0x00000000204005f4                __metal_driver_vtable_riscv_clint0
 .rodata.__metal_local_interrupt_enable
                0x0000000020400658       0x80 /mnt/sata_data/qemu/freedom_wb/qemu_sifive_e31_sifive_welcome/bsp/install/lib/debug//libmetal.a(riscv_cpu.o)
 .rodata.__metal_driver_vtable_riscv_cpu_intc
                0x00000000204006d8       0x64 /mnt/sata_data/qemu/freedom_wb/qemu_sifive_e31_sifive_welcome/bsp/install/lib/debug//libmetal.a(riscv_cpu.o)
                0x00000000204006d8                __metal_driver_vtable_riscv_cpu_intc
 .rodata.__metal_driver_vtable_cpu
                0x000000002040073c       0x44 /mnt/sata_data/qemu/freedom_wb/qemu_sifive_e31_sifive_welcome/bsp/install/lib/debug//libmetal.a(riscv_cpu.o)
                0x000000002040073c                __metal_driver_vtable_cpu
 .rodata.__metal_driver_vtable_riscv_plic0
                0x0000000020400780       0x64 /mnt/sata_data/qemu/freedom_wb/qemu_sifive_e31_sifive_welcome/bsp/install/lib/debug//libmetal.a(riscv_plic0.o)
                0x0000000020400780                __metal_driver_vtable_riscv_plic0
 .rodata.pll_configs
                0x00000000204007e4      0x880 /mnt/sata_data/qemu/freedom_wb/qemu_sifive_e31_sifive_welcome/bsp/install/lib/debug//libmetal.a(sifive_fe310-g000_pll.o)
 .rodata.__metal_driver_vtable_sifive_fe310_g000_pll
                0x0000000020401064        0xc /mnt/sata_data/qemu/freedom_wb/qemu_sifive_e31_sifive_welcome/bsp/install/lib/debug//libmetal.a(sifive_fe310-g000_pll.o)
                0x0000000020401064                __metal_driver_vtable_sifive_fe310_g000_pll
 .rodata.__metal_driver_sifive_gpio0_config_int
                0x0000000020401070       0x20 /mnt/sata_data/qemu/freedom_wb/qemu_sifive_e31_sifive_welcome/bsp/install/lib/debug//libmetal.a(sifive_gpio0.o)
 .rodata.__metal_driver_sifive_gpio0_clear_int
                0x0000000020401090       0x20 /mnt/sata_data/qemu/freedom_wb/qemu_sifive_e31_sifive_welcome/bsp/install/lib/debug//libmetal.a(sifive_gpio0.o)
 .rodata.__metal_driver_vtable_sifive_gpio0
                0x00000000204010b0       0x3c /mnt/sata_data/qemu/freedom_wb/qemu_sifive_e31_sifive_welcome/bsp/install/lib/debug//libmetal.a(sifive_gpio0.o)
                0x00000000204010b0                __metal_driver_vtable_sifive_gpio0
 .rodata.__metal_driver_vtable_sifive_uart0
                0x00000000204010ec       0x40 /mnt/sata_data/qemu/freedom_wb/qemu_sifive_e31_sifive_welcome/bsp/install/lib/debug//libmetal.a(sifive_uart0.o)
                0x00000000204010ec                __metal_driver_vtable_sifive_uart0
 *(.gnu.linkonce.r.*)
                0x0000000020401130                . = ALIGN (0x8)
 *fill*         0x000000002040112c        0x4 
 *(.srodata.cst16)
 *(.srodata.cst8)
 *(.srodata.cst4)
 *(.srodata.cst2)
 *(.srodata .srodata.*)
 .srodata._global_impure_ptr
                0x0000000020401130        0x4 /mnt/sata_data/qemu/FreedomStudio-4.18.0.2021-04-1-x86_64-linux-ubuntu14/SiFive/riscv64-unknown-elf-toolchain-10.2.0-2020.12.8/bin/../lib/gcc/riscv64-unknown-elf/10.2.0/../../../../riscv64-unknown-elf/lib/rv32imac/ilp32/libc_nano.a(lib_a-impure.o)
                0x0000000020401130                _global_impure_ptr
 .srodata.__metal_driver_vtable_sifive_fe310_g000_hfrosc
                0x0000000020401134        0x8 /mnt/sata_data/qemu/freedom_wb/qemu_sifive_e31_sifive_welcome/bsp/install/lib/debug//libmetal.a(sifive_fe310-g000_hfrosc.o)
                0x0000000020401134                __metal_driver_vtable_sifive_fe310_g000_hfrosc
 .srodata.__metal_driver_vtable_sifive_fe310_g000_hfxosc
                0x000000002040113c        0x8 /mnt/sata_data/qemu/freedom_wb/qemu_sifive_e31_sifive_welcome/bsp/install/lib/debug//libmetal.a(sifive_fe310-g000_hfxosc.o)
                0x000000002040113c                __metal_driver_vtable_sifive_fe310_g000_hfxosc
 .srodata.__metal_driver_vtable_sifive_fe310_g000_prci
                0x0000000020401144        0x8 /mnt/sata_data/qemu/freedom_wb/qemu_sifive_e31_sifive_welcome/bsp/install/lib/debug//libmetal.a(sifive_fe310-g000_prci.o)
                0x0000000020401144                __metal_driver_vtable_sifive_fe310_g000_prci
 .srodata.__metal_driver_vtable_sifive_test0
                0x000000002040114c        0x4 /mnt/sata_data/qemu/freedom_wb/qemu_sifive_e31_sifive_welcome/bsp/install/lib/debug//libmetal.a(sifive_test0.o)
                0x000000002040114c                __metal_driver_vtable_sifive_test0
 .srodata.__metal_driver_vtable_fixed_clock
                0x0000000020401150        0x8 /mnt/sata_data/qemu/freedom_wb/qemu_sifive_e31_sifive_welcome/bsp/install/lib/debug//libmetal.a(fixed-clock.o)
                0x0000000020401150                __metal_driver_vtable_fixed_clock

.itim           0x0000000080000000        0x0 load address 0x0000000020401158
 *(.itim .itim.*)
                0x0000000020401158                PROVIDE (metal_segment_itim_source_start = LOADADDR (.itim))
                0x0000000080000000                PROVIDE (metal_segment_itim_target_start = ADDR (.itim))
                0x0000000080000000                PROVIDE (metal_segment_itim_target_end = (ADDR (.itim) + SIZEOF (.itim)))

.lim            0x0000000080000000        0x0 load address 0x0000000020401158
 *(.lim .lim.*)
                0x0000000020401158                PROVIDE (metal_segment_lim_source_start = LOADADDR (.lim))
                0x0000000080000000                PROVIDE (metal_segment_lim_target_start = ADDR (.lim))
                0x0000000080000000                PROVIDE (metal_segment_lim_target_end = (ADDR (.lim) + SIZEOF (.lim)))

.text           0x0000000020401180     0x6322
 *(.text.unlikely .text.unlikely.*)
 *(.text.startup .text.startup.*)
 *(.text .text.*)
 .text.main     0x0000000020401180       0x22 /tmp/ccxOjBqK.o
                0x0000000020401180                main
 .text.htons    0x00000000204011a2       0x38 /tmp/cconOdXx.o
                0x00000000204011a2                htons
 .text.ntohs    0x00000000204011da       0x22 /tmp/cconOdXx.o
                0x00000000204011da                ntohs
 .text.sum      0x00000000204011fc       0x7e /tmp/cc6czUBl.o
 .text.checksum
                0x000000002040127a       0x6e /tmp/cc6czUBl.o
 .text.get_ip_chksum
                0x00000000204012e8       0x28 /tmp/cc6czUBl.o
                0x00000000204012e8                get_ip_chksum
 .text.check_ip_crc
                0x0000000020401310       0xc6 /tmp/cc6czUBl.o
                0x0000000020401310                check_ip_crc
 .text.test_checksum
                0x00000000204013d6       0xc6 /tmp/cc6czUBl.o
                0x00000000204013d6                test_checksum
 .text.__assert_func
                0x000000002040149c       0x3a /mnt/sata_data/qemu/FreedomStudio-4.18.0.2021-04-1-x86_64-linux-ubuntu14/SiFive/riscv64-unknown-elf-toolchain-10.2.0-2020.12.8/bin/../lib/gcc/riscv64-unknown-elf/10.2.0/../../../../riscv64-unknown-elf/lib/rv32imac/ilp32/libc_nano.a(lib_a-assert.o)
                0x000000002040149c                __assert_func
 .text.fprintf  0x00000000204014d6       0x28 /mnt/sata_data/qemu/FreedomStudio-4.18.0.2021-04-1-x86_64-linux-ubuntu14/SiFive/riscv64-unknown-elf-toolchain-10.2.0-2020.12.8/bin/../lib/gcc/riscv64-unknown-elf/10.2.0/../../../../riscv64-unknown-elf/lib/rv32imac/ilp32/libc_nano.a(lib_a-fprintf.o)
                0x00000000204014d6                fprintf
                0x00000000204014d6                fiprintf
 .text.memcmp   0x00000000204014fe       0x26 /mnt/sata_data/qemu/FreedomStudio-4.18.0.2021-04-1-x86_64-linux-ubuntu14/SiFive/riscv64-unknown-elf-toolchain-10.2.0-2020.12.8/bin/../lib/gcc/riscv64-unknown-elf/10.2.0/../../../../riscv64-unknown-elf/lib/rv32imac/ilp32/libc_nano.a(lib_a-memcmp.o)
                0x00000000204014fe                memcmp
 .text.memcpy   0x0000000020401524       0xdc /mnt/sata_data/qemu/FreedomStudio-4.18.0.2021-04-1-x86_64-linux-ubuntu14/SiFive/riscv64-unknown-elf-toolchain-10.2.0-2020.12.8/bin/../lib/gcc/riscv64-unknown-elf/10.2.0/../../../../riscv64-unknown-elf/lib/rv32imac/ilp32/libc_nano.a(lib_a-memcpy.o)
                0x0000000020401524                memcpy
 .text.__sfputc_r
                0x0000000020401600       0x28 /mnt/sata_data/qemu/FreedomStudio-4.18.0.2021-04-1-x86_64-linux-ubuntu14/SiFive/riscv64-unknown-elf-toolchain-10.2.0-2020.12.8/bin/../lib/gcc/riscv64-unknown-elf/10.2.0/../../../../riscv64-unknown-elf/lib/rv32imac/ilp32/libc_nano.a(lib_a-nano-vfprintf.o)
 .text.__sfputs_r
                0x0000000020401628       0x42 /mnt/sata_data/qemu/FreedomStudio-4.18.0.2021-04-1-x86_64-linux-ubuntu14/SiFive/riscv64-unknown-elf-toolchain-10.2.0-2020.12.8/bin/../lib/gcc/riscv64-unknown-elf/10.2.0/../../../../riscv64-unknown-elf/lib/rv32imac/ilp32/libc_nano.a(lib_a-nano-vfprintf.o)
                0x0000000020401628                __sfputs_r
 .text._vfprintf_r
                0x000000002040166a      0x29a /mnt/sata_data/qemu/FreedomStudio-4.18.0.2021-04-1-x86_64-linux-ubuntu14/SiFive/riscv64-unknown-elf-toolchain-10.2.0-2020.12.8/bin/../lib/gcc/riscv64-unknown-elf/10.2.0/../../../../riscv64-unknown-elf/lib/rv32imac/ilp32/libc_nano.a(lib_a-nano-vfprintf.o)
                0x000000002040166a                _vfiprintf_r
                0x000000002040166a                _vfprintf_r
 .text.printf   0x0000000020401904       0x3c /mnt/sata_data/qemu/FreedomStudio-4.18.0.2021-04-1-x86_64-linux-ubuntu14/SiFive/riscv64-unknown-elf-toolchain-10.2.0-2020.12.8/bin/../lib/gcc/riscv64-unknown-elf/10.2.0/../../../../riscv64-unknown-elf/lib/rv32imac/ilp32/libc_nano.a(lib_a-printf.o)
                0x0000000020401904                printf
                0x0000000020401904                iprintf
 .text.__swbuf_r
                0x0000000020401940       0xc0 /mnt/sata_data/qemu/FreedomStudio-4.18.0.2021-04-1-x86_64-linux-ubuntu14/SiFive/riscv64-unknown-elf-toolchain-10.2.0-2020.12.8/bin/../lib/gcc/riscv64-unknown-elf/10.2.0/../../../../riscv64-unknown-elf/lib/rv32imac/ilp32/libc_nano.a(lib_a-wbuf.o)
                0x0000000020401940                __swbuf_r
 .text.__swsetup_r
                0x0000000020401a00      0x10a /mnt/sata_data/qemu/FreedomStudio-4.18.0.2021-04-1-x86_64-linux-ubuntu14/SiFive/riscv64-unknown-elf-toolchain-10.2.0-2020.12.8/bin/../lib/gcc/riscv64-unknown-elf/10.2.0/../../../../riscv64-unknown-elf/lib/rv32imac/ilp32/libc_nano.a(lib_a-wsetup.o)
                0x0000000020401a00                __swsetup_r
 .text.abort    0x0000000020401b0a       0x10 /mnt/sata_data/qemu/FreedomStudio-4.18.0.2021-04-1-x86_64-linux-ubuntu14/SiFive/riscv64-unknown-elf-toolchain-10.2.0-2020.12.8/bin/../lib/gcc/riscv64-unknown-elf/10.2.0/../../../../riscv64-unknown-elf/lib/rv32imac/ilp32/libc_nano.a(lib_a-abort.o)
                0x0000000020401b0a                abort
 .text.__sflush_r
                0x0000000020401b1a      0x146 /mnt/sata_data/qemu/FreedomStudio-4.18.0.2021-04-1-x86_64-linux-ubuntu14/SiFive/riscv64-unknown-elf-toolchain-10.2.0-2020.12.8/bin/../lib/gcc/riscv64-unknown-elf/10.2.0/../../../../riscv64-unknown-elf/lib/rv32imac/ilp32/libc_nano.a(lib_a-fflush.o)
                0x0000000020401b1a                __sflush_r
 .text._fflush_r
                0x0000000020401c60       0x64 /mnt/sata_data/qemu/FreedomStudio-4.18.0.2021-04-1-x86_64-linux-ubuntu14/SiFive/riscv64-unknown-elf-toolchain-10.2.0-2020.12.8/bin/../lib/gcc/riscv64-unknown-elf/10.2.0/../../../../riscv64-unknown-elf/lib/rv32imac/ilp32/libc_nano.a(lib_a-fflush.o)
                0x0000000020401c60                _fflush_r
 .text.std      0x0000000020401cc4       0x68 /mnt/sata_data/qemu/FreedomStudio-4.18.0.2021-04-1-x86_64-linux-ubuntu14/SiFive/riscv64-unknown-elf-toolchain-10.2.0-2020.12.8/bin/../lib/gcc/riscv64-unknown-elf/10.2.0/../../../../riscv64-unknown-elf/lib/rv32imac/ilp32/libc_nano.a(lib_a-findfp.o)
 .text._cleanup_r
                0x0000000020401d2c        0xa /mnt/sata_data/qemu/FreedomStudio-4.18.0.2021-04-1-x86_64-linux-ubuntu14/SiFive/riscv64-unknown-elf-toolchain-10.2.0-2020.12.8/bin/../lib/gcc/riscv64-unknown-elf/10.2.0/../../../../riscv64-unknown-elf/lib/rv32imac/ilp32/libc_nano.a(lib_a-findfp.o)
                0x0000000020401d2c                _cleanup_r
 .text.__sfmoreglue
                0x0000000020401d36       0x44 /mnt/sata_data/qemu/FreedomStudio-4.18.0.2021-04-1-x86_64-linux-ubuntu14/SiFive/riscv64-unknown-elf-toolchain-10.2.0-2020.12.8/bin/../lib/gcc/riscv64-unknown-elf/10.2.0/../../../../riscv64-unknown-elf/lib/rv32imac/ilp32/libc_nano.a(lib_a-findfp.o)
                0x0000000020401d36                __sfmoreglue
 .text.__sinit  0x0000000020401d7a       0x6a /mnt/sata_data/qemu/FreedomStudio-4.18.0.2021-04-1-x86_64-linux-ubuntu14/SiFive/riscv64-unknown-elf-toolchain-10.2.0-2020.12.8/bin/../lib/gcc/riscv64-unknown-elf/10.2.0/../../../../riscv64-unknown-elf/lib/rv32imac/ilp32/libc_nano.a(lib_a-findfp.o)
                0x0000000020401d7a                __sinit
 .text.__sfp    0x0000000020401de4       0x9c /mnt/sata_data/qemu/FreedomStudio-4.18.0.2021-04-1-x86_64-linux-ubuntu14/SiFive/riscv64-unknown-elf-toolchain-10.2.0-2020.12.8/bin/../lib/gcc/riscv64-unknown-elf/10.2.0/../../../../riscv64-unknown-elf/lib/rv32imac/ilp32/libc_nano.a(lib_a-findfp.o)
                0x0000000020401de4                __sfp
 .text._fwalk_reent
                0x0000000020401e80       0x6a /mnt/sata_data/qemu/FreedomStudio-4.18.0.2021-04-1-x86_64-linux-ubuntu14/SiFive/riscv64-unknown-elf-toolchain-10.2.0-2020.12.8/bin/../lib/gcc/riscv64-unknown-elf/10.2.0/../../../../riscv64-unknown-elf/lib/rv32imac/ilp32/libc_nano.a(lib_a-fwalk.o)
                0x0000000020401e80                _fwalk_reent
 .text.__swhatbuf_r
                0x0000000020401eea       0x5c /mnt/sata_data/qemu/FreedomStudio-4.18.0.2021-04-1-x86_64-linux-ubuntu14/SiFive/riscv64-unknown-elf-toolchain-10.2.0-2020.12.8/bin/../lib/gcc/riscv64-unknown-elf/10.2.0/../../../../riscv64-unknown-elf/lib/rv32imac/ilp32/libc_nano.a(lib_a-makebuf.o)
                0x0000000020401eea                __swhatbuf_r
 .text.__smakebuf_r
                0x0000000020401f46       0x9e /mnt/sata_data/qemu/FreedomStudio-4.18.0.2021-04-1-x86_64-linux-ubuntu14/SiFive/riscv64-unknown-elf-toolchain-10.2.0-2020.12.8/bin/../lib/gcc/riscv64-unknown-elf/10.2.0/../../../../riscv64-unknown-elf/lib/rv32imac/ilp32/libc_nano.a(lib_a-makebuf.o)
                0x0000000020401f46                __smakebuf_r
 .text.memchr   0x0000000020401fe4       0x1a /mnt/sata_data/qemu/FreedomStudio-4.18.0.2021-04-1-x86_64-linux-ubuntu14/SiFive/riscv64-unknown-elf-toolchain-10.2.0-2020.12.8/bin/../lib/gcc/riscv64-unknown-elf/10.2.0/../../../../riscv64-unknown-elf/lib/rv32imac/ilp32/libc_nano.a(lib_a-memchr.o)
                0x0000000020401fe4                memchr
 .text          0x0000000020401ffe       0xa8 /mnt/sata_data/qemu/FreedomStudio-4.18.0.2021-04-1-x86_64-linux-ubuntu14/SiFive/riscv64-unknown-elf-toolchain-10.2.0-2020.12.8/bin/../lib/gcc/riscv64-unknown-elf/10.2.0/../../../../riscv64-unknown-elf/lib/rv32imac/ilp32/libc_nano.a(lib_a-memset.o)
                0x0000000020401ffe                memset
 .text._free_r  0x00000000204020a6       0xa6 /mnt/sata_data/qemu/FreedomStudio-4.18.0.2021-04-1-x86_64-linux-ubuntu14/SiFive/riscv64-unknown-elf-toolchain-10.2.0-2020.12.8/bin/../lib/gcc/riscv64-unknown-elf/10.2.0/../../../../riscv64-unknown-elf/lib/rv32imac/ilp32/libc_nano.a(lib_a-nano-freer.o)
                0x00000000204020a6                _free_r
 .text._malloc_r
                0x000000002040214c       0xd8 /mnt/sata_data/qemu/FreedomStudio-4.18.0.2021-04-1-x86_64-linux-ubuntu14/SiFive/riscv64-unknown-elf-toolchain-10.2.0-2020.12.8/bin/../lib/gcc/riscv64-unknown-elf/10.2.0/../../../../riscv64-unknown-elf/lib/rv32imac/ilp32/libc_nano.a(lib_a-nano-mallocr.o)
                0x000000002040214c                _malloc_r
 .text._printf_common
                0x0000000020402224      0x10c /mnt/sata_data/qemu/FreedomStudio-4.18.0.2021-04-1-x86_64-linux-ubuntu14/SiFive/riscv64-unknown-elf-toolchain-10.2.0-2020.12.8/bin/../lib/gcc/riscv64-unknown-elf/10.2.0/../../../../riscv64-unknown-elf/lib/rv32imac/ilp32/libc_nano.a(lib_a-nano-vfprintf_i.o)
                0x0000000020402224                _printf_common
 .text._printf_i
                0x0000000020402330      0x270 /mnt/sata_data/qemu/FreedomStudio-4.18.0.2021-04-1-x86_64-linux-ubuntu14/SiFive/riscv64-unknown-elf-toolchain-10.2.0-2020.12.8/bin/../lib/gcc/riscv64-unknown-elf/10.2.0/../../../../riscv64-unknown-elf/lib/rv32imac/ilp32/libc_nano.a(lib_a-nano-vfprintf_i.o)
                0x0000000020402330                _printf_i
 .text._sbrk_r  0x00000000204025a0       0x2e /mnt/sata_data/qemu/FreedomStudio-4.18.0.2021-04-1-x86_64-linux-ubuntu14/SiFive/riscv64-unknown-elf-toolchain-10.2.0-2020.12.8/bin/../lib/gcc/riscv64-unknown-elf/10.2.0/../../../../riscv64-unknown-elf/lib/rv32imac/ilp32/libc_nano.a(lib_a-sbrkr.o)
                0x00000000204025a0                _sbrk_r
 .text._raise_r
                0x00000000204025ce       0x62 /mnt/sata_data/qemu/FreedomStudio-4.18.0.2021-04-1-x86_64-linux-ubuntu14/SiFive/riscv64-unknown-elf-toolchain-10.2.0-2020.12.8/bin/../lib/gcc/riscv64-unknown-elf/10.2.0/../../../../riscv64-unknown-elf/lib/rv32imac/ilp32/libc_nano.a(lib_a-signal.o)
                0x00000000204025ce                _raise_r
 .text.raise    0x0000000020402630        0xc /mnt/sata_data/qemu/FreedomStudio-4.18.0.2021-04-1-x86_64-linux-ubuntu14/SiFive/riscv64-unknown-elf-toolchain-10.2.0-2020.12.8/bin/../lib/gcc/riscv64-unknown-elf/10.2.0/../../../../riscv64-unknown-elf/lib/rv32imac/ilp32/libc_nano.a(lib_a-signal.o)
                0x0000000020402630                raise
 .text._kill_r  0x000000002040263c       0x30 /mnt/sata_data/qemu/FreedomStudio-4.18.0.2021-04-1-x86_64-linux-ubuntu14/SiFive/riscv64-unknown-elf-toolchain-10.2.0-2020.12.8/bin/../lib/gcc/riscv64-unknown-elf/10.2.0/../../../../riscv64-unknown-elf/lib/rv32imac/ilp32/libc_nano.a(lib_a-signalr.o)
                0x000000002040263c                _kill_r
 .text._getpid_r
                0x000000002040266c        0x2 /mnt/sata_data/qemu/FreedomStudio-4.18.0.2021-04-1-x86_64-linux-ubuntu14/SiFive/riscv64-unknown-elf-toolchain-10.2.0-2020.12.8/bin/../lib/gcc/riscv64-unknown-elf/10.2.0/../../../../riscv64-unknown-elf/lib/rv32imac/ilp32/libc_nano.a(lib_a-signalr.o)
                0x000000002040266c                _getpid_r
 .text.__sread  0x000000002040266e       0x30 /mnt/sata_data/qemu/FreedomStudio-4.18.0.2021-04-1-x86_64-linux-ubuntu14/SiFive/riscv64-unknown-elf-toolchain-10.2.0-2020.12.8/bin/../lib/gcc/riscv64-unknown-elf/10.2.0/../../../../riscv64-unknown-elf/lib/rv32imac/ilp32/libc_nano.a(lib_a-stdio.o)
                0x000000002040266e                __sread
 .text.__swrite
                0x000000002040269e       0x4e /mnt/sata_data/qemu/FreedomStudio-4.18.0.2021-04-1-x86_64-linux-ubuntu14/SiFive/riscv64-unknown-elf-toolchain-10.2.0-2020.12.8/bin/../lib/gcc/riscv64-unknown-elf/10.2.0/../../../../riscv64-unknown-elf/lib/rv32imac/ilp32/libc_nano.a(lib_a-stdio.o)
                0x000000002040269e                __swrite
 .text.__sseek  0x00000000204026ec       0x36 /mnt/sata_data/qemu/FreedomStudio-4.18.0.2021-04-1-x86_64-linux-ubuntu14/SiFive/riscv64-unknown-elf-toolchain-10.2.0-2020.12.8/bin/../lib/gcc/riscv64-unknown-elf/10.2.0/../../../../riscv64-unknown-elf/lib/rv32imac/ilp32/libc_nano.a(lib_a-stdio.o)
                0x00000000204026ec                __sseek
 .text.__sclose
                0x0000000020402722        0x6 /mnt/sata_data/qemu/FreedomStudio-4.18.0.2021-04-1-x86_64-linux-ubuntu14/SiFive/riscv64-unknown-elf-toolchain-10.2.0-2020.12.8/bin/../lib/gcc/riscv64-unknown-elf/10.2.0/../../../../riscv64-unknown-elf/lib/rv32imac/ilp32/libc_nano.a(lib_a-stdio.o)
                0x0000000020402722                __sclose
 .text._write_r
                0x0000000020402728       0x32 /mnt/sata_data/qemu/FreedomStudio-4.18.0.2021-04-1-x86_64-linux-ubuntu14/SiFive/riscv64-unknown-elf-toolchain-10.2.0-2020.12.8/bin/../lib/gcc/riscv64-unknown-elf/10.2.0/../../../../riscv64-unknown-elf/lib/rv32imac/ilp32/libc_nano.a(lib_a-writer.o)
                0x0000000020402728                _write_r
 .text._close_r
                0x000000002040275a       0x2e /mnt/sata_data/qemu/FreedomStudio-4.18.0.2021-04-1-x86_64-linux-ubuntu14/SiFive/riscv64-unknown-elf-toolchain-10.2.0-2020.12.8/bin/../lib/gcc/riscv64-unknown-elf/10.2.0/../../../../riscv64-unknown-elf/lib/rv32imac/ilp32/libc_nano.a(lib_a-closer.o)
                0x000000002040275a                _close_r
 .text._fstat_r
                0x0000000020402788       0x30 /mnt/sata_data/qemu/FreedomStudio-4.18.0.2021-04-1-x86_64-linux-ubuntu14/SiFive/riscv64-unknown-elf-toolchain-10.2.0-2020.12.8/bin/../lib/gcc/riscv64-unknown-elf/10.2.0/../../../../riscv64-unknown-elf/lib/rv32imac/ilp32/libc_nano.a(lib_a-fstatr.o)
                0x0000000020402788                _fstat_r
 .text._isatty_r
                0x00000000204027b8       0x2e /mnt/sata_data/qemu/FreedomStudio-4.18.0.2021-04-1-x86_64-linux-ubuntu14/SiFive/riscv64-unknown-elf-toolchain-10.2.0-2020.12.8/bin/../lib/gcc/riscv64-unknown-elf/10.2.0/../../../../riscv64-unknown-elf/lib/rv32imac/ilp32/libc_nano.a(lib_a-isattyr.o)
                0x00000000204027b8                _isatty_r
 .text._lseek_r
                0x00000000204027e6       0x32 /mnt/sata_data/qemu/FreedomStudio-4.18.0.2021-04-1-x86_64-linux-ubuntu14/SiFive/riscv64-unknown-elf-toolchain-10.2.0-2020.12.8/bin/../lib/gcc/riscv64-unknown-elf/10.2.0/../../../../riscv64-unknown-elf/lib/rv32imac/ilp32/libc_nano.a(lib_a-lseekr.o)
                0x00000000204027e6                _lseek_r
 .text.__malloc_lock
                0x0000000020402818        0x2 /mnt/sata_data/qemu/FreedomStudio-4.18.0.2021-04-1-x86_64-linux-ubuntu14/SiFive/riscv64-unknown-elf-toolchain-10.2.0-2020.12.8/bin/../lib/gcc/riscv64-unknown-elf/10.2.0/../../../../riscv64-unknown-elf/lib/rv32imac/ilp32/libc_nano.a(lib_a-mlock.o)
                0x0000000020402818                __malloc_lock
 .text.__malloc_unlock
                0x000000002040281a        0x2 /mnt/sata_data/qemu/FreedomStudio-4.18.0.2021-04-1-x86_64-linux-ubuntu14/SiFive/riscv64-unknown-elf-toolchain-10.2.0-2020.12.8/bin/../lib/gcc/riscv64-unknown-elf/10.2.0/../../../../riscv64-unknown-elf/lib/rv32imac/ilp32/libc_nano.a(lib_a-mlock.o)
                0x000000002040281a                __malloc_unlock
 .text._read_r  0x000000002040281c       0x32 /mnt/sata_data/qemu/FreedomStudio-4.18.0.2021-04-1-x86_64-linux-ubuntu14/SiFive/riscv64-unknown-elf-toolchain-10.2.0-2020.12.8/bin/../lib/gcc/riscv64-unknown-elf/10.2.0/../../../../riscv64-unknown-elf/lib/rv32imac/ilp32/libc_nano.a(lib_a-readr.o)
                0x000000002040281c                _read_r
 .text._close   0x000000002040284e       0x22 /mnt/sata_data/qemu/freedom_wb/qemu_sifive_e31_sifive_welcome/bsp/install/lib/debug//libmetal-gloss.a(sys_close.o)
                0x000000002040284e                _close
 .text._exit    0x0000000020402870       0x12 /mnt/sata_data/qemu/freedom_wb/qemu_sifive_e31_sifive_welcome/bsp/install/lib/debug//libmetal-gloss.a(sys_exit.o)
                0x0000000020402870                _exit
 .text._fstat   0x0000000020402882       0x26 /mnt/sata_data/qemu/freedom_wb/qemu_sifive_e31_sifive_welcome/bsp/install/lib/debug//libmetal-gloss.a(sys_fstat.o)
                0x0000000020402882                _fstat
 .text._getpid  0x00000000204028a8       0x10 /mnt/sata_data/qemu/freedom_wb/qemu_sifive_e31_sifive_welcome/bsp/install/lib/debug//libmetal-gloss.a(sys_getpid.o)
                0x00000000204028a8                _getpid
 .text._isatty  0x00000000204028b8       0x20 /mnt/sata_data/qemu/freedom_wb/qemu_sifive_e31_sifive_welcome/bsp/install/lib/debug//libmetal-gloss.a(sys_isatty.o)
                0x00000000204028b8                _isatty
 .text._kill    0x00000000204028d8       0x26 /mnt/sata_data/qemu/freedom_wb/qemu_sifive_e31_sifive_welcome/bsp/install/lib/debug//libmetal-gloss.a(sys_kill.o)
                0x00000000204028d8                _kill
 .text._lseek   0x00000000204028fe       0x2a /mnt/sata_data/qemu/freedom_wb/qemu_sifive_e31_sifive_welcome/bsp/install/lib/debug//libmetal-gloss.a(sys_lseek.o)
                0x00000000204028fe                _lseek
 .text._read    0x0000000020402928       0x2a /mnt/sata_data/qemu/freedom_wb/qemu_sifive_e31_sifive_welcome/bsp/install/lib/debug//libmetal-gloss.a(sys_read.o)
                0x0000000020402928                _read
 .text._sbrk    0x0000000020402952       0x7e /mnt/sata_data/qemu/freedom_wb/qemu_sifive_e31_sifive_welcome/bsp/install/lib/debug//libmetal-gloss.a(sys_sbrk.o)
                0x0000000020402952                _sbrk
 .text._write   0x00000000204029d0       0x6e /mnt/sata_data/qemu/freedom_wb/qemu_sifive_e31_sifive_welcome/bsp/install/lib/debug//libmetal-gloss.a(sys_write.o)
                0x00000000204029d0                write
                0x00000000204029d0                _write
 .text.atexit   0x0000000020402a3e        0xa /mnt/sata_data/qemu/FreedomStudio-4.18.0.2021-04-1-x86_64-linux-ubuntu14/SiFive/riscv64-unknown-elf-toolchain-10.2.0-2020.12.8/bin/../lib/gcc/riscv64-unknown-elf/10.2.0/../../../../riscv64-unknown-elf/lib/rv32imac/ilp32/libc_nano.a(lib_a-atexit.o)
                0x0000000020402a3e                atexit
 .text.__errno  0x0000000020402a48        0xa /mnt/sata_data/qemu/FreedomStudio-4.18.0.2021-04-1-x86_64-linux-ubuntu14/SiFive/riscv64-unknown-elf-toolchain-10.2.0-2020.12.8/bin/../lib/gcc/riscv64-unknown-elf/10.2.0/../../../../riscv64-unknown-elf/lib/rv32imac/ilp32/libc_nano.a(lib_a-errno.o)
                0x0000000020402a48                __errno
 .text.exit     0x0000000020402a52       0x28 /mnt/sata_data/qemu/FreedomStudio-4.18.0.2021-04-1-x86_64-linux-ubuntu14/SiFive/riscv64-unknown-elf-toolchain-10.2.0-2020.12.8/bin/../lib/gcc/riscv64-unknown-elf/10.2.0/../../../../riscv64-unknown-elf/lib/rv32imac/ilp32/libc_nano.a(lib_a-exit.o)
                0x0000000020402a52                exit
 .text.__libc_fini_array
                0x0000000020402a7a       0x36 /mnt/sata_data/qemu/FreedomStudio-4.18.0.2021-04-1-x86_64-linux-ubuntu14/SiFive/riscv64-unknown-elf-toolchain-10.2.0-2020.12.8/bin/../lib/gcc/riscv64-unknown-elf/10.2.0/../../../../riscv64-unknown-elf/lib/rv32imac/ilp32/libc_nano.a(lib_a-fini.o)
                0x0000000020402a7a                __libc_fini_array
 .text.__libc_init_array
                0x0000000020402ab0       0x5e /mnt/sata_data/qemu/FreedomStudio-4.18.0.2021-04-1-x86_64-linux-ubuntu14/SiFive/riscv64-unknown-elf-toolchain-10.2.0-2020.12.8/bin/../lib/gcc/riscv64-unknown-elf/10.2.0/../../../../riscv64-unknown-elf/lib/rv32imac/ilp32/libc_nano.a(lib_a-init.o)
                0x0000000020402ab0                __libc_init_array
 .text.__register_exitproc
                0x0000000020402b0e       0x7c /mnt/sata_data/qemu/FreedomStudio-4.18.0.2021-04-1-x86_64-linux-ubuntu14/SiFive/riscv64-unknown-elf-toolchain-10.2.0-2020.12.8/bin/../lib/gcc/riscv64-unknown-elf/10.2.0/../../../../riscv64-unknown-elf/lib/rv32imac/ilp32/libc_nano.a(lib_a-__atexit.o)
                0x0000000020402b0e                __register_exitproc
 .text.__call_exitprocs
                0x0000000020402b8a       0xc8 /mnt/sata_data/qemu/FreedomStudio-4.18.0.2021-04-1-x86_64-linux-ubuntu14/SiFive/riscv64-unknown-elf-toolchain-10.2.0-2020.12.8/bin/../lib/gcc/riscv64-unknown-elf/10.2.0/../../../../riscv64-unknown-elf/lib/rv32imac/ilp32/libc_nano.a(lib_a-__call_atexit.o)
                0x0000000020402b8a                __call_exitprocs
 .text.metal_init
                0x0000000020402c52       0x78 /mnt/sata_data/qemu/freedom_wb/qemu_sifive_e31_sifive_welcome/bsp/install/lib/debug//libmetal.a(init.o)
                0x0000000020402c52                metal_init
 .text.metal_fini
                0x0000000020402cca       0x78 /mnt/sata_data/qemu/freedom_wb/qemu_sifive_e31_sifive_welcome/bsp/install/lib/debug//libmetal.a(init.o)
                0x0000000020402cca                metal_fini
 .text.metal_init_run
                0x0000000020402d42       0x14 /mnt/sata_data/qemu/freedom_wb/qemu_sifive_e31_sifive_welcome/bsp/install/lib/debug//libmetal.a(init.o)
                0x0000000020402d42                metal_init_run
 .text.metal_fini_run
                0x0000000020402d56       0x14 /mnt/sata_data/qemu/freedom_wb/qemu_sifive_e31_sifive_welcome/bsp/install/lib/debug//libmetal.a(init.o)
                0x0000000020402d56                metal_fini_run
 .text.__metal_shutdown_exit
                0x0000000020402d6a       0x22 /mnt/sata_data/qemu/freedom_wb/qemu_sifive_e31_sifive_welcome/bsp/install/lib/debug//libmetal.a(shutdown.o)
                0x0000000020402d6a                __metal_shutdown_exit
 .text.metal_shutdown
                0x0000000020402d8c       0x16 /mnt/sata_data/qemu/freedom_wb/qemu_sifive_e31_sifive_welcome/bsp/install/lib/debug//libmetal.a(shutdown.o)
                0x0000000020402d8c                metal_shutdown
 .text.metal_tty_putc
                0x0000000020402da2       0x26 /mnt/sata_data/qemu/freedom_wb/qemu_sifive_e31_sifive_welcome/bsp/install/lib/debug//libmetal.a(tty.o)
                0x0000000020402da2                metal_tty_putc
 .text.metal_uart_init
                0x0000000020402dc8       0x2c /mnt/sata_data/qemu/freedom_wb/qemu_sifive_e31_sifive_welcome/bsp/install/lib/debug//libmetal.a(uart.o)
                0x0000000020402dc8                metal_uart_init
 .text.metal_uart_putc
                0x0000000020402df4       0x2e /mnt/sata_data/qemu/freedom_wb/qemu_sifive_e31_sifive_welcome/bsp/install/lib/debug//libmetal.a(uart.o)
                0x0000000020402df4                metal_uart_putc
 .text.metal_uart_set_baud_rate
                0x0000000020402e22       0x2e /mnt/sata_data/qemu/freedom_wb/qemu_sifive_e31_sifive_welcome/bsp/install/lib/debug//libmetal.a(uart.o)
                0x0000000020402e22                metal_uart_set_baud_rate
 .text.__metal_driver_sifive_clint0_control_base
                0x0000000020402e50       0x2a /mnt/sata_data/qemu/freedom_wb/qemu_sifive_e31_sifive_welcome/bsp/install/lib/debug//libmetal.a(riscv_clint0.o)
 .text.__metal_driver_sifive_clint0_num_interrupts
                0x0000000020402e7a       0x28 /mnt/sata_data/qemu/freedom_wb/qemu_sifive_e31_sifive_welcome/bsp/install/lib/debug//libmetal.a(riscv_clint0.o)
 .text.__metal_driver_sifive_clint0_interrupt_parents
                0x0000000020402ea2       0x3c /mnt/sata_data/qemu/freedom_wb/qemu_sifive_e31_sifive_welcome/bsp/install/lib/debug//libmetal.a(riscv_clint0.o)
 .text.__metal_driver_sifive_clint0_interrupt_lines
                0x0000000020402ede       0x30 /mnt/sata_data/qemu/freedom_wb/qemu_sifive_e31_sifive_welcome/bsp/install/lib/debug//libmetal.a(riscv_clint0.o)
 .text.__metal_clint0_mtime_get
                0x0000000020402f0e       0x9a /mnt/sata_data/qemu/freedom_wb/qemu_sifive_e31_sifive_welcome/bsp/install/lib/debug//libmetal.a(riscv_clint0.o)
                0x0000000020402f0e                __metal_clint0_mtime_get
 .text.__metal_driver_riscv_clint0_mtimecmp_set
                0x0000000020402fa8       0x96 /mnt/sata_data/qemu/freedom_wb/qemu_sifive_e31_sifive_welcome/bsp/install/lib/debug//libmetal.a(riscv_clint0.o)
                0x0000000020402fa8                __metal_driver_riscv_clint0_mtimecmp_set
 .text._get_cpu_intc
                0x000000002040303e       0x36 /mnt/sata_data/qemu/freedom_wb/qemu_sifive_e31_sifive_welcome/bsp/install/lib/debug//libmetal.a(riscv_clint0.o)
 .text.__metal_driver_riscv_clint0_init
                0x0000000020403074       0x88 /mnt/sata_data/qemu/freedom_wb/qemu_sifive_e31_sifive_welcome/bsp/install/lib/debug//libmetal.a(riscv_clint0.o)
                0x0000000020403074                __metal_driver_riscv_clint0_init
 .text.__metal_driver_riscv_clint0_register
                0x00000000204030fc       0xda /mnt/sata_data/qemu/freedom_wb/qemu_sifive_e31_sifive_welcome/bsp/install/lib/debug//libmetal.a(riscv_clint0.o)
                0x00000000204030fc                __metal_driver_riscv_clint0_register
 .text.__metal_driver_riscv_clint0_vector_register
                0x00000000204031d6       0x28 /mnt/sata_data/qemu/freedom_wb/qemu_sifive_e31_sifive_welcome/bsp/install/lib/debug//libmetal.a(riscv_clint0.o)
                0x00000000204031d6                __metal_driver_riscv_clint0_vector_register
 .text.__metal_driver_riscv_clint0_get_vector_mode
                0x00000000204031fe       0x1c /mnt/sata_data/qemu/freedom_wb/qemu_sifive_e31_sifive_welcome/bsp/install/lib/debug//libmetal.a(riscv_clint0.o)
                0x00000000204031fe                __metal_driver_riscv_clint0_get_vector_mode
 .text.__metal_driver_riscv_clint0_set_vector_mode
                0x000000002040321a       0x58 /mnt/sata_data/qemu/freedom_wb/qemu_sifive_e31_sifive_welcome/bsp/install/lib/debug//libmetal.a(riscv_clint0.o)
                0x000000002040321a                __metal_driver_riscv_clint0_set_vector_mode
 .text.__metal_driver_riscv_clint0_enable
                0x0000000020403272       0xb2 /mnt/sata_data/qemu/freedom_wb/qemu_sifive_e31_sifive_welcome/bsp/install/lib/debug//libmetal.a(riscv_clint0.o)
                0x0000000020403272                __metal_driver_riscv_clint0_enable
 .text.__metal_driver_riscv_clint0_disable
                0x0000000020403324       0xb6 /mnt/sata_data/qemu/freedom_wb/qemu_sifive_e31_sifive_welcome/bsp/install/lib/debug//libmetal.a(riscv_clint0.o)
                0x0000000020403324                __metal_driver_riscv_clint0_disable
 .text.__metal_driver_riscv_clint0_command_request
                0x00000000204033da      0x140 /mnt/sata_data/qemu/freedom_wb/qemu_sifive_e31_sifive_welcome/bsp/install/lib/debug//libmetal.a(riscv_clint0.o)
                0x00000000204033da                __metal_driver_riscv_clint0_command_request
 .text.__metal_driver_riscv_clint0_clear_interrupt
                0x000000002040351a       0x34 /mnt/sata_data/qemu/freedom_wb/qemu_sifive_e31_sifive_welcome/bsp/install/lib/debug//libmetal.a(riscv_clint0.o)
                0x000000002040351a                __metal_driver_riscv_clint0_clear_interrupt
 .text.__metal_driver_riscv_clint0_set_interrupt
                0x000000002040354e       0x34 /mnt/sata_data/qemu/freedom_wb/qemu_sifive_e31_sifive_welcome/bsp/install/lib/debug//libmetal.a(riscv_clint0.o)
                0x000000002040354e                __metal_driver_riscv_clint0_set_interrupt
 .text.__metal_driver_cpu_hartid
                0x0000000020403582       0x24 /mnt/sata_data/qemu/freedom_wb/qemu_sifive_e31_sifive_welcome/bsp/install/lib/debug//libmetal.a(riscv_cpu.o)
 .text.__metal_driver_cpu_timebase
                0x00000000204035a6       0x2a /mnt/sata_data/qemu/freedom_wb/qemu_sifive_e31_sifive_welcome/bsp/install/lib/debug//libmetal.a(riscv_cpu.o)
 .text.__metal_driver_cpu_interrupt_controller
                0x00000000204035d0       0x2a /mnt/sata_data/qemu/freedom_wb/qemu_sifive_e31_sifive_welcome/bsp/install/lib/debug//libmetal.a(riscv_cpu.o)
 .text.__metal_driver_cpu_buserror
                0x00000000204035fa       0x24 /mnt/sata_data/qemu/freedom_wb/qemu_sifive_e31_sifive_welcome/bsp/install/lib/debug//libmetal.a(riscv_cpu.o)
 .text.__metal_driver_cpu_get
                0x000000002040361e       0x30 /mnt/sata_data/qemu/freedom_wb/qemu_sifive_e31_sifive_welcome/bsp/install/lib/debug//libmetal.a(riscv_cpu.o)
                0x000000002040361e                __metal_driver_cpu_get
 .text.__metal_myhart_id
                0x000000002040364e       0x1a /mnt/sata_data/qemu/freedom_wb/qemu_sifive_e31_sifive_welcome/bsp/install/lib/debug//libmetal.a(riscv_cpu.o)
                0x000000002040364e                __metal_myhart_id
 .text.__metal_interrupt_global_enable
                0x0000000020403668       0x18 /mnt/sata_data/qemu/freedom_wb/qemu_sifive_e31_sifive_welcome/bsp/install/lib/debug//libmetal.a(riscv_cpu.o)
                0x0000000020403668                __metal_interrupt_global_enable
 .text.__metal_interrupt_global_disable
                0x0000000020403680       0x18 /mnt/sata_data/qemu/freedom_wb/qemu_sifive_e31_sifive_welcome/bsp/install/lib/debug//libmetal.a(riscv_cpu.o)
                0x0000000020403680                __metal_interrupt_global_disable
 .text.__metal_interrupt_software_enable
                0x0000000020403698       0x18 /mnt/sata_data/qemu/freedom_wb/qemu_sifive_e31_sifive_welcome/bsp/install/lib/debug//libmetal.a(riscv_cpu.o)
                0x0000000020403698                __metal_interrupt_software_enable
 .text.__metal_interrupt_software_disable
                0x00000000204036b0       0x18 /mnt/sata_data/qemu/freedom_wb/qemu_sifive_e31_sifive_welcome/bsp/install/lib/debug//libmetal.a(riscv_cpu.o)
                0x00000000204036b0                __metal_interrupt_software_disable
 .text.__metal_interrupt_timer_enable
                0x00000000204036c8       0x1a /mnt/sata_data/qemu/freedom_wb/qemu_sifive_e31_sifive_welcome/bsp/install/lib/debug//libmetal.a(riscv_cpu.o)
                0x00000000204036c8                __metal_interrupt_timer_enable
 .text.__metal_interrupt_timer_disable
                0x00000000204036e2       0x1a /mnt/sata_data/qemu/freedom_wb/qemu_sifive_e31_sifive_welcome/bsp/install/lib/debug//libmetal.a(riscv_cpu.o)
                0x00000000204036e2                __metal_interrupt_timer_disable
 .text.__metal_interrupt_external_enable
                0x00000000204036fc       0x1c /mnt/sata_data/qemu/freedom_wb/qemu_sifive_e31_sifive_welcome/bsp/install/lib/debug//libmetal.a(riscv_cpu.o)
                0x00000000204036fc                __metal_interrupt_external_enable
 .text.__metal_interrupt_external_disable
                0x0000000020403718       0x1c /mnt/sata_data/qemu/freedom_wb/qemu_sifive_e31_sifive_welcome/bsp/install/lib/debug//libmetal.a(riscv_cpu.o)
                0x0000000020403718                __metal_interrupt_external_disable
 .text.__metal_interrupt_local_enable
                0x0000000020403734       0x2c /mnt/sata_data/qemu/freedom_wb/qemu_sifive_e31_sifive_welcome/bsp/install/lib/debug//libmetal.a(riscv_cpu.o)
                0x0000000020403734                __metal_interrupt_local_enable
 .text.__metal_interrupt_local_disable
                0x0000000020403760       0x2c /mnt/sata_data/qemu/freedom_wb/qemu_sifive_e31_sifive_welcome/bsp/install/lib/debug//libmetal.a(riscv_cpu.o)
                0x0000000020403760                __metal_interrupt_local_disable
 .text.__metal_default_exception_handler
                0x000000002040378c       0x18 /mnt/sata_data/qemu/freedom_wb/qemu_sifive_e31_sifive_welcome/bsp/install/lib/debug//libmetal.a(riscv_cpu.o)
                0x000000002040378c                __metal_default_exception_handler
 .text.__metal_default_interrupt_handler
                0x00000000204037a4       0x18 /mnt/sata_data/qemu/freedom_wb/qemu_sifive_e31_sifive_welcome/bsp/install/lib/debug//libmetal.a(riscv_cpu.o)
                0x00000000204037a4                __metal_default_interrupt_handler
 .text.metal_interrupt_vector_handler
                0x00000000204037bc       0x2e /mnt/sata_data/qemu/freedom_wb/qemu_sifive_e31_sifive_welcome/bsp/install/lib/debug//libmetal.a(riscv_cpu.o)
                0x00000000204037bc                metal_interrupt_vector_handler
 .text.metal_software_interrupt_vector_handler
                0x00000000204037ea       0x92 /mnt/sata_data/qemu/freedom_wb/qemu_sifive_e31_sifive_welcome/bsp/install/lib/debug//libmetal.a(riscv_cpu.o)
                0x00000000204037ea                metal_software_interrupt_vector_handler
 .text.__metal_default_sw_handler
                0x000000002040387c       0x68 /mnt/sata_data/qemu/freedom_wb/qemu_sifive_e31_sifive_welcome/bsp/install/lib/debug//libmetal.a(riscv_cpu.o)
                0x000000002040387c                __metal_default_sw_handler
 .text.metal_timer_interrupt_vector_handler
                0x00000000204038e4       0x92 /mnt/sata_data/qemu/freedom_wb/qemu_sifive_e31_sifive_welcome/bsp/install/lib/debug//libmetal.a(riscv_cpu.o)
                0x00000000204038e4                metal_timer_interrupt_vector_handler
 .text.__metal_default_beu_handler
                0x0000000020403976       0x16 /mnt/sata_data/qemu/freedom_wb/qemu_sifive_e31_sifive_welcome/bsp/install/lib/debug//libmetal.a(riscv_cpu.o)
                0x0000000020403976                __metal_default_beu_handler
 .text.__metal_default_timer_handler
                0x000000002040398c       0x66 /mnt/sata_data/qemu/freedom_wb/qemu_sifive_e31_sifive_welcome/bsp/install/lib/debug//libmetal.a(riscv_cpu.o)
                0x000000002040398c                __metal_default_timer_handler
 *fill*         0x00000000204039f2        0xe 
 .text.__metal_exception_handler
                0x0000000020403a00      0x1fa /mnt/sata_data/qemu/freedom_wb/qemu_sifive_e31_sifive_welcome/bsp/install/lib/debug//libmetal.a(riscv_cpu.o)
                0x0000000020403a00                __metal_exception_handler
 .text.metal_lc0_interrupt_vector_handler
                0x0000000020403bfa       0x96 /mnt/sata_data/qemu/freedom_wb/qemu_sifive_e31_sifive_welcome/bsp/install/lib/debug//libmetal.a(riscv_cpu.o)
                0x0000000020403bfa                metal_lc0_interrupt_vector_handler
 .text.metal_lc1_interrupt_vector_handler
                0x0000000020403c90       0x96 /mnt/sata_data/qemu/freedom_wb/qemu_sifive_e31_sifive_welcome/bsp/install/lib/debug//libmetal.a(riscv_cpu.o)
                0x0000000020403c90                metal_lc1_interrupt_vector_handler
 .text.metal_lc2_interrupt_vector_handler
                0x0000000020403d26       0x96 /mnt/sata_data/qemu/freedom_wb/qemu_sifive_e31_sifive_welcome/bsp/install/lib/debug//libmetal.a(riscv_cpu.o)
                0x0000000020403d26                metal_lc2_interrupt_vector_handler
 .text.metal_lc3_interrupt_vector_handler
                0x0000000020403dbc       0x96 /mnt/sata_data/qemu/freedom_wb/qemu_sifive_e31_sifive_welcome/bsp/install/lib/debug//libmetal.a(riscv_cpu.o)
                0x0000000020403dbc                metal_lc3_interrupt_vector_handler
 .text.metal_lc4_interrupt_vector_handler
                0x0000000020403e52       0x96 /mnt/sata_data/qemu/freedom_wb/qemu_sifive_e31_sifive_welcome/bsp/install/lib/debug//libmetal.a(riscv_cpu.o)
                0x0000000020403e52                metal_lc4_interrupt_vector_handler
 .text.metal_lc5_interrupt_vector_handler
                0x0000000020403ee8       0x96 /mnt/sata_data/qemu/freedom_wb/qemu_sifive_e31_sifive_welcome/bsp/install/lib/debug//libmetal.a(riscv_cpu.o)
                0x0000000020403ee8                metal_lc5_interrupt_vector_handler
 .text.metal_lc6_interrupt_vector_handler
                0x0000000020403f7e       0x96 /mnt/sata_data/qemu/freedom_wb/qemu_sifive_e31_sifive_welcome/bsp/install/lib/debug//libmetal.a(riscv_cpu.o)
                0x0000000020403f7e                metal_lc6_interrupt_vector_handler
 .text.metal_lc7_interrupt_vector_handler
                0x0000000020404014       0x96 /mnt/sata_data/qemu/freedom_wb/qemu_sifive_e31_sifive_welcome/bsp/install/lib/debug//libmetal.a(riscv_cpu.o)
                0x0000000020404014                metal_lc7_interrupt_vector_handler
 .text.metal_lc8_interrupt_vector_handler
                0x00000000204040aa       0x96 /mnt/sata_data/qemu/freedom_wb/qemu_sifive_e31_sifive_welcome/bsp/install/lib/debug//libmetal.a(riscv_cpu.o)
                0x00000000204040aa                metal_lc8_interrupt_vector_handler
 .text.metal_lc9_interrupt_vector_handler
                0x0000000020404140       0x96 /mnt/sata_data/qemu/freedom_wb/qemu_sifive_e31_sifive_welcome/bsp/install/lib/debug//libmetal.a(riscv_cpu.o)
                0x0000000020404140                metal_lc9_interrupt_vector_handler
 .text.metal_lc10_interrupt_vector_handler
                0x00000000204041d6       0x96 /mnt/sata_data/qemu/freedom_wb/qemu_sifive_e31_sifive_welcome/bsp/install/lib/debug//libmetal.a(riscv_cpu.o)
                0x00000000204041d6                metal_lc10_interrupt_vector_handler
 .text.metal_lc11_interrupt_vector_handler
                0x000000002040426c       0x96 /mnt/sata_data/qemu/freedom_wb/qemu_sifive_e31_sifive_welcome/bsp/install/lib/debug//libmetal.a(riscv_cpu.o)
                0x000000002040426c                metal_lc11_interrupt_vector_handler
 .text.metal_lc12_interrupt_vector_handler
                0x0000000020404302       0x96 /mnt/sata_data/qemu/freedom_wb/qemu_sifive_e31_sifive_welcome/bsp/install/lib/debug//libmetal.a(riscv_cpu.o)
                0x0000000020404302                metal_lc12_interrupt_vector_handler
 .text.metal_lc13_interrupt_vector_handler
                0x0000000020404398       0x96 /mnt/sata_data/qemu/freedom_wb/qemu_sifive_e31_sifive_welcome/bsp/install/lib/debug//libmetal.a(riscv_cpu.o)
                0x0000000020404398                metal_lc13_interrupt_vector_handler
 .text.metal_lc14_interrupt_vector_handler
                0x000000002040442e       0x96 /mnt/sata_data/qemu/freedom_wb/qemu_sifive_e31_sifive_welcome/bsp/install/lib/debug//libmetal.a(riscv_cpu.o)
                0x000000002040442e                metal_lc14_interrupt_vector_handler
 .text.metal_lc15_interrupt_vector_handler
                0x00000000204044c4       0x96 /mnt/sata_data/qemu/freedom_wb/qemu_sifive_e31_sifive_welcome/bsp/install/lib/debug//libmetal.a(riscv_cpu.o)
                0x00000000204044c4                metal_lc15_interrupt_vector_handler
 .text.__metal_controller_interrupt_vector_mode
                0x000000002040455a       0x58 /mnt/sata_data/qemu/freedom_wb/qemu_sifive_e31_sifive_welcome/bsp/install/lib/debug//libmetal.a(riscv_cpu.o)
                0x000000002040455a                __metal_controller_interrupt_vector_mode
 .text.__metal_controller_interrupt_vector
                0x00000000204045b2       0xb2 /mnt/sata_data/qemu/freedom_wb/qemu_sifive_e31_sifive_welcome/bsp/install/lib/debug//libmetal.a(riscv_cpu.o)
                0x00000000204045b2                __metal_controller_interrupt_vector
 .text.__metal_valid_interrupt_id
                0x0000000020404664       0x58 /mnt/sata_data/qemu/freedom_wb/qemu_sifive_e31_sifive_welcome/bsp/install/lib/debug//libmetal.a(riscv_cpu.o)
                0x0000000020404664                __metal_valid_interrupt_id
 .text.__metal_local_interrupt_enable
                0x00000000204046bc       0xbc /mnt/sata_data/qemu/freedom_wb/qemu_sifive_e31_sifive_welcome/bsp/install/lib/debug//libmetal.a(riscv_cpu.o)
                0x00000000204046bc                __metal_local_interrupt_enable
 .text.__metal_exception_register
                0x0000000020404778       0x4e /mnt/sata_data/qemu/freedom_wb/qemu_sifive_e31_sifive_welcome/bsp/install/lib/debug//libmetal.a(riscv_cpu.o)
                0x0000000020404778                __metal_exception_register
 .text.__metal_driver_riscv_cpu_controller_interrupt_init
                0x00000000204047c6       0xe2 /mnt/sata_data/qemu/freedom_wb/qemu_sifive_e31_sifive_welcome/bsp/install/lib/debug//libmetal.a(riscv_cpu.o)
                0x00000000204047c6                __metal_driver_riscv_cpu_controller_interrupt_init
 .text.__metal_driver_riscv_cpu_controller_interrupt_register
                0x00000000204048a8      0x1e2 /mnt/sata_data/qemu/freedom_wb/qemu_sifive_e31_sifive_welcome/bsp/install/lib/debug//libmetal.a(riscv_cpu.o)
                0x00000000204048a8                __metal_driver_riscv_cpu_controller_interrupt_register
 .text.__metal_driver_riscv_cpu_controller_interrupt_enable
                0x0000000020404a8a       0x2c /mnt/sata_data/qemu/freedom_wb/qemu_sifive_e31_sifive_welcome/bsp/install/lib/debug//libmetal.a(riscv_cpu.o)
                0x0000000020404a8a                __metal_driver_riscv_cpu_controller_interrupt_enable
 .text.__metal_driver_riscv_cpu_controller_interrupt_disable
                0x0000000020404ab6       0x2c /mnt/sata_data/qemu/freedom_wb/qemu_sifive_e31_sifive_welcome/bsp/install/lib/debug//libmetal.a(riscv_cpu.o)
                0x0000000020404ab6                __metal_driver_riscv_cpu_controller_interrupt_disable
 .text.__metal_driver_riscv_cpu_controller_get_vector_mode
                0x0000000020404ae2       0x1c /mnt/sata_data/qemu/freedom_wb/qemu_sifive_e31_sifive_welcome/bsp/install/lib/debug//libmetal.a(riscv_cpu.o)
                0x0000000020404ae2                __metal_driver_riscv_cpu_controller_get_vector_mode
 .text.__metal_driver_riscv_cpu_controller_set_vector_mode
                0x0000000020404afe       0x54 /mnt/sata_data/qemu/freedom_wb/qemu_sifive_e31_sifive_welcome/bsp/install/lib/debug//libmetal.a(riscv_cpu.o)
                0x0000000020404afe                __metal_driver_riscv_cpu_controller_set_vector_mode
 .text.__metal_driver_riscv_cpu_controller_command_request
                0x0000000020404b52       0x1c /mnt/sata_data/qemu/freedom_wb/qemu_sifive_e31_sifive_welcome/bsp/install/lib/debug//libmetal.a(riscv_cpu.o)
                0x0000000020404b52                __metal_driver_riscv_cpu_controller_command_request
 .text.__metal_driver_cpu_mcycle_get
                0x0000000020404b6e       0x70 /mnt/sata_data/qemu/freedom_wb/qemu_sifive_e31_sifive_welcome/bsp/install/lib/debug//libmetal.a(riscv_cpu.o)
                0x0000000020404b6e                __metal_driver_cpu_mcycle_get
 .text.__metal_driver_cpu_timebase_get
                0x0000000020404bde       0x46 /mnt/sata_data/qemu/freedom_wb/qemu_sifive_e31_sifive_welcome/bsp/install/lib/debug//libmetal.a(riscv_cpu.o)
                0x0000000020404bde                __metal_driver_cpu_timebase_get
 .text.__metal_driver_cpu_mtime_get
                0x0000000020404c24       0x66 /mnt/sata_data/qemu/freedom_wb/qemu_sifive_e31_sifive_welcome/bsp/install/lib/debug//libmetal.a(riscv_cpu.o)
                0x0000000020404c24                __metal_driver_cpu_mtime_get
 .text.__metal_driver_cpu_mtimecmp_set
                0x0000000020404c8a       0x76 /mnt/sata_data/qemu/freedom_wb/qemu_sifive_e31_sifive_welcome/bsp/install/lib/debug//libmetal.a(riscv_cpu.o)
                0x0000000020404c8a                __metal_driver_cpu_mtimecmp_set
 .text.__metal_driver_cpu_timer_controller_interrupt
                0x0000000020404d00       0x1a /mnt/sata_data/qemu/freedom_wb/qemu_sifive_e31_sifive_welcome/bsp/install/lib/debug//libmetal.a(riscv_cpu.o)
                0x0000000020404d00                __metal_driver_cpu_timer_controller_interrupt
 .text.__metal_driver_cpu_get_timer_interrupt_id
                0x0000000020404d1a       0x14 /mnt/sata_data/qemu/freedom_wb/qemu_sifive_e31_sifive_welcome/bsp/install/lib/debug//libmetal.a(riscv_cpu.o)
                0x0000000020404d1a                __metal_driver_cpu_get_timer_interrupt_id
 .text.__metal_driver_cpu_sw_controller_interrupt
                0x0000000020404d2e       0x1a /mnt/sata_data/qemu/freedom_wb/qemu_sifive_e31_sifive_welcome/bsp/install/lib/debug//libmetal.a(riscv_cpu.o)
                0x0000000020404d2e                __metal_driver_cpu_sw_controller_interrupt
 .text.__metal_driver_cpu_get_sw_interrupt_id
                0x0000000020404d48       0x14 /mnt/sata_data/qemu/freedom_wb/qemu_sifive_e31_sifive_welcome/bsp/install/lib/debug//libmetal.a(riscv_cpu.o)
                0x0000000020404d48                __metal_driver_cpu_get_sw_interrupt_id
 .text.__metal_driver_cpu_set_sw_ipi
                0x0000000020404d5c       0x62 /mnt/sata_data/qemu/freedom_wb/qemu_sifive_e31_sifive_welcome/bsp/install/lib/debug//libmetal.a(riscv_cpu.o)
                0x0000000020404d5c                __metal_driver_cpu_set_sw_ipi
 .text.__metal_driver_cpu_clear_sw_ipi
                0x0000000020404dbe       0x62 /mnt/sata_data/qemu/freedom_wb/qemu_sifive_e31_sifive_welcome/bsp/install/lib/debug//libmetal.a(riscv_cpu.o)
                0x0000000020404dbe                __metal_driver_cpu_clear_sw_ipi
 .text.__metal_driver_cpu_get_msip
                0x0000000020404e20       0x60 /mnt/sata_data/qemu/freedom_wb/qemu_sifive_e31_sifive_welcome/bsp/install/lib/debug//libmetal.a(riscv_cpu.o)
                0x0000000020404e20                __metal_driver_cpu_get_msip
 .text.__metal_driver_cpu_controller_interrupt
                0x0000000020404e80       0x20 /mnt/sata_data/qemu/freedom_wb/qemu_sifive_e31_sifive_welcome/bsp/install/lib/debug//libmetal.a(riscv_cpu.o)
                0x0000000020404e80                __metal_driver_cpu_controller_interrupt
 .text.__metal_driver_cpu_exception_register
                0x0000000020404ea0       0x46 /mnt/sata_data/qemu/freedom_wb/qemu_sifive_e31_sifive_welcome/bsp/install/lib/debug//libmetal.a(riscv_cpu.o)
                0x0000000020404ea0                __metal_driver_cpu_exception_register
 .text.__metal_driver_cpu_get_instruction_length
                0x0000000020404ee6       0x2e /mnt/sata_data/qemu/freedom_wb/qemu_sifive_e31_sifive_welcome/bsp/install/lib/debug//libmetal.a(riscv_cpu.o)
                0x0000000020404ee6                __metal_driver_cpu_get_instruction_length
 .text.__metal_driver_cpu_get_exception_pc
                0x0000000020404f14       0x1e /mnt/sata_data/qemu/freedom_wb/qemu_sifive_e31_sifive_welcome/bsp/install/lib/debug//libmetal.a(riscv_cpu.o)
                0x0000000020404f14                __metal_driver_cpu_get_exception_pc
 .text.__metal_driver_cpu_set_exception_pc
                0x0000000020404f32       0x20 /mnt/sata_data/qemu/freedom_wb/qemu_sifive_e31_sifive_welcome/bsp/install/lib/debug//libmetal.a(riscv_cpu.o)
                0x0000000020404f32                __metal_driver_cpu_set_exception_pc
 .text.__metal_driver_cpu_get_buserror
                0x0000000020404f52       0x20 /mnt/sata_data/qemu/freedom_wb/qemu_sifive_e31_sifive_welcome/bsp/install/lib/debug//libmetal.a(riscv_cpu.o)
                0x0000000020404f52                __metal_driver_cpu_get_buserror
 .text.__metal_driver_sifive_plic0_control_base
                0x0000000020404f72       0x2a /mnt/sata_data/qemu/freedom_wb/qemu_sifive_e31_sifive_welcome/bsp/install/lib/debug//libmetal.a(riscv_plic0.o)
 .text.__metal_driver_sifive_plic0_num_interrupts
                0x0000000020404f9c       0x28 /mnt/sata_data/qemu/freedom_wb/qemu_sifive_e31_sifive_welcome/bsp/install/lib/debug//libmetal.a(riscv_plic0.o)
 .text.__metal_driver_sifive_plic0_max_priority
                0x0000000020404fc4       0x28 /mnt/sata_data/qemu/freedom_wb/qemu_sifive_e31_sifive_welcome/bsp/install/lib/debug//libmetal.a(riscv_plic0.o)
 .text.__metal_driver_sifive_plic0_interrupt_parents
                0x0000000020404fec       0x28 /mnt/sata_data/qemu/freedom_wb/qemu_sifive_e31_sifive_welcome/bsp/install/lib/debug//libmetal.a(riscv_plic0.o)
 .text.__metal_driver_sifive_plic0_interrupt_lines
                0x0000000020405014       0x22 /mnt/sata_data/qemu/freedom_wb/qemu_sifive_e31_sifive_welcome/bsp/install/lib/debug//libmetal.a(riscv_plic0.o)
 .text.__metal_driver_sifive_plic0_context_ids
                0x0000000020405036       0x1e /mnt/sata_data/qemu/freedom_wb/qemu_sifive_e31_sifive_welcome/bsp/install/lib/debug//libmetal.a(riscv_plic0.o)
 .text.__metal_plic0_claim_interrupt
                0x0000000020405054       0x3c /mnt/sata_data/qemu/freedom_wb/qemu_sifive_e31_sifive_welcome/bsp/install/lib/debug//libmetal.a(riscv_plic0.o)
                0x0000000020405054                __metal_plic0_claim_interrupt
 .text.__metal_plic0_complete_interrupt
                0x0000000020405090       0x46 /mnt/sata_data/qemu/freedom_wb/qemu_sifive_e31_sifive_welcome/bsp/install/lib/debug//libmetal.a(riscv_plic0.o)
                0x0000000020405090                __metal_plic0_complete_interrupt
 .text.__metal_plic0_set_threshold
                0x00000000204050d6       0x46 /mnt/sata_data/qemu/freedom_wb/qemu_sifive_e31_sifive_welcome/bsp/install/lib/debug//libmetal.a(riscv_plic0.o)
                0x00000000204050d6                __metal_plic0_set_threshold
 .text.__metal_plic0_get_threshold
                0x000000002040511c       0x3a /mnt/sata_data/qemu/freedom_wb/qemu_sifive_e31_sifive_welcome/bsp/install/lib/debug//libmetal.a(riscv_plic0.o)
                0x000000002040511c                __metal_plic0_get_threshold
 .text.__metal_driver_riscv_plic0_set_priority
                0x0000000020405156       0x62 /mnt/sata_data/qemu/freedom_wb/qemu_sifive_e31_sifive_welcome/bsp/install/lib/debug//libmetal.a(riscv_plic0.o)
                0x0000000020405156                __metal_driver_riscv_plic0_set_priority
 .text.__metal_driver_riscv_plic0_get_priority
                0x00000000204051b8       0x34 /mnt/sata_data/qemu/freedom_wb/qemu_sifive_e31_sifive_welcome/bsp/install/lib/debug//libmetal.a(riscv_plic0.o)
                0x00000000204051b8                __metal_driver_riscv_plic0_get_priority
 .text.__metal_plic0_enable
                0x00000000204051ec       0xa2 /mnt/sata_data/qemu/freedom_wb/qemu_sifive_e31_sifive_welcome/bsp/install/lib/debug//libmetal.a(riscv_plic0.o)
                0x00000000204051ec                __metal_plic0_enable
 .text.__metal_plic0_default_handler
                0x000000002040528e       0x18 /mnt/sata_data/qemu/freedom_wb/qemu_sifive_e31_sifive_welcome/bsp/install/lib/debug//libmetal.a(riscv_plic0.o)
                0x000000002040528e                __metal_plic0_default_handler
 .text.__metal_plic0_handler
                0x00000000204052a6       0xa6 /mnt/sata_data/qemu/freedom_wb/qemu_sifive_e31_sifive_welcome/bsp/install/lib/debug//libmetal.a(riscv_plic0.o)
                0x00000000204052a6                __metal_plic0_handler
 .text.__metal_driver_riscv_plic0_init
                0x000000002040534c      0x158 /mnt/sata_data/qemu/freedom_wb/qemu_sifive_e31_sifive_welcome/bsp/install/lib/debug//libmetal.a(riscv_plic0.o)
                0x000000002040534c                __metal_driver_riscv_plic0_init
 .text.__metal_driver_riscv_plic0_register
                0x00000000204054a4       0xc2 /mnt/sata_data/qemu/freedom_wb/qemu_sifive_e31_sifive_welcome/bsp/install/lib/debug//libmetal.a(riscv_plic0.o)
                0x00000000204054a4                __metal_driver_riscv_plic0_register
 .text.__metal_driver_riscv_plic0_enable
                0x0000000020405566       0x50 /mnt/sata_data/qemu/freedom_wb/qemu_sifive_e31_sifive_welcome/bsp/install/lib/debug//libmetal.a(riscv_plic0.o)
                0x0000000020405566                __metal_driver_riscv_plic0_enable
 .text.__metal_driver_riscv_plic0_disable
                0x00000000204055b6       0x50 /mnt/sata_data/qemu/freedom_wb/qemu_sifive_e31_sifive_welcome/bsp/install/lib/debug//libmetal.a(riscv_plic0.o)
                0x00000000204055b6                __metal_driver_riscv_plic0_disable
 .text.__metal_driver_riscv_plic0_set_threshold
                0x0000000020405606       0x30 /mnt/sata_data/qemu/freedom_wb/qemu_sifive_e31_sifive_welcome/bsp/install/lib/debug//libmetal.a(riscv_plic0.o)
                0x0000000020405606                __metal_driver_riscv_plic0_set_threshold
 .text.__metal_driver_riscv_plic0_get_threshold
                0x0000000020405636       0x28 /mnt/sata_data/qemu/freedom_wb/qemu_sifive_e31_sifive_welcome/bsp/install/lib/debug//libmetal.a(riscv_plic0.o)
                0x0000000020405636                __metal_driver_riscv_plic0_get_threshold
 .text.__metal_driver_riscv_plic0_affinity_enable
                0x000000002040565e       0x9c /mnt/sata_data/qemu/freedom_wb/qemu_sifive_e31_sifive_welcome/bsp/install/lib/debug//libmetal.a(riscv_plic0.o)
                0x000000002040565e                __metal_driver_riscv_plic0_affinity_enable
 .text.__metal_driver_riscv_plic0_affinity_disable
                0x00000000204056fa       0x9c /mnt/sata_data/qemu/freedom_wb/qemu_sifive_e31_sifive_welcome/bsp/install/lib/debug//libmetal.a(riscv_plic0.o)
                0x00000000204056fa                __metal_driver_riscv_plic0_affinity_disable
 .text.__metal_driver_riscv_plic0_affinity_set_threshold
                0x0000000020405796       0x74 /mnt/sata_data/qemu/freedom_wb/qemu_sifive_e31_sifive_welcome/bsp/install/lib/debug//libmetal.a(riscv_plic0.o)
                0x0000000020405796                __metal_driver_riscv_plic0_affinity_set_threshold
 .text.__metal_driver_riscv_plic0_affinity_get_threshold
                0x000000002040580a       0x28 /mnt/sata_data/qemu/freedom_wb/qemu_sifive_e31_sifive_welcome/bsp/install/lib/debug//libmetal.a(riscv_plic0.o)
                0x000000002040580a                __metal_driver_riscv_plic0_affinity_get_threshold
 .text.__metal_driver_sifive_fe310_g000_hfrosc_ref
                0x0000000020405832       0x1a /mnt/sata_data/qemu/freedom_wb/qemu_sifive_e31_sifive_welcome/bsp/install/lib/debug//libmetal.a(sifive_fe310-g000_hfrosc.o)
 .text.__metal_driver_sifive_fe310_g000_hfrosc_config_base
                0x000000002040584c       0x16 /mnt/sata_data/qemu/freedom_wb/qemu_sifive_e31_sifive_welcome/bsp/install/lib/debug//libmetal.a(sifive_fe310-g000_hfrosc.o)
 .text.__metal_driver_sifive_fe310_g000_hfrosc_config_offset
                0x0000000020405862       0x14 /mnt/sata_data/qemu/freedom_wb/qemu_sifive_e31_sifive_welcome/bsp/install/lib/debug//libmetal.a(sifive_fe310-g000_hfrosc.o)
 .text.__metal_driver_sifive_fe310_g000_prci_vtable
                0x0000000020405876       0x16 /mnt/sata_data/qemu/freedom_wb/qemu_sifive_e31_sifive_welcome/bsp/install/lib/debug//libmetal.a(sifive_fe310-g000_hfrosc.o)
 .text.__metal_driver_sifive_fe310_g000_hfrosc_get_rate_hz
                0x000000002040588c       0x84 /mnt/sata_data/qemu/freedom_wb/qemu_sifive_e31_sifive_welcome/bsp/install/lib/debug//libmetal.a(sifive_fe310-g000_hfrosc.o)
                0x000000002040588c                __metal_driver_sifive_fe310_g000_hfrosc_get_rate_hz
 .text.__metal_driver_sifive_fe310_g000_hfrosc_set_rate_hz
                0x0000000020405910       0x22 /mnt/sata_data/qemu/freedom_wb/qemu_sifive_e31_sifive_welcome/bsp/install/lib/debug//libmetal.a(sifive_fe310-g000_hfrosc.o)
                0x0000000020405910                __metal_driver_sifive_fe310_g000_hfrosc_set_rate_hz
 .text.__metal_driver_sifive_fe310_g000_hfxosc_ref
                0x0000000020405932       0x1a /mnt/sata_data/qemu/freedom_wb/qemu_sifive_e31_sifive_welcome/bsp/install/lib/debug//libmetal.a(sifive_fe310-g000_hfxosc.o)
 .text.__metal_driver_sifive_fe310_g000_hfxosc_config_base
                0x000000002040594c       0x16 /mnt/sata_data/qemu/freedom_wb/qemu_sifive_e31_sifive_welcome/bsp/install/lib/debug//libmetal.a(sifive_fe310-g000_hfxosc.o)
 .text.__metal_driver_sifive_fe310_g000_hfxosc_config_offset
                0x0000000020405962       0x14 /mnt/sata_data/qemu/freedom_wb/qemu_sifive_e31_sifive_welcome/bsp/install/lib/debug//libmetal.a(sifive_fe310-g000_hfxosc.o)
 .text.__metal_driver_sifive_fe310_g000_prci_vtable
                0x0000000020405976       0x16 /mnt/sata_data/qemu/freedom_wb/qemu_sifive_e31_sifive_welcome/bsp/install/lib/debug//libmetal.a(sifive_fe310-g000_hfxosc.o)
 .text.__metal_driver_sifive_fe310_g000_hfxosc_get_rate_hz
                0x000000002040598c       0x74 /mnt/sata_data/qemu/freedom_wb/qemu_sifive_e31_sifive_welcome/bsp/install/lib/debug//libmetal.a(sifive_fe310-g000_hfxosc.o)
                0x000000002040598c                __metal_driver_sifive_fe310_g000_hfxosc_get_rate_hz
 .text.__metal_driver_sifive_fe310_g000_hfxosc_set_rate_hz
                0x0000000020405a00       0x22 /mnt/sata_data/qemu/freedom_wb/qemu_sifive_e31_sifive_welcome/bsp/install/lib/debug//libmetal.a(sifive_fe310-g000_hfxosc.o)
                0x0000000020405a00                __metal_driver_sifive_fe310_g000_hfxosc_set_rate_hz
 .text.__metal_driver_sifive_fe310_g000_pll_pllsel0
                0x0000000020405a22       0x1a /mnt/sata_data/qemu/freedom_wb/qemu_sifive_e31_sifive_welcome/bsp/install/lib/debug//libmetal.a(sifive_fe310-g000_pll.o)
 .text.__metal_driver_sifive_fe310_g000_pll_pllref
                0x0000000020405a3c       0x1a /mnt/sata_data/qemu/freedom_wb/qemu_sifive_e31_sifive_welcome/bsp/install/lib/debug//libmetal.a(sifive_fe310-g000_pll.o)
 .text.__metal_driver_sifive_fe310_g000_pll_divider_base
                0x0000000020405a56       0x16 /mnt/sata_data/qemu/freedom_wb/qemu_sifive_e31_sifive_welcome/bsp/install/lib/debug//libmetal.a(sifive_fe310-g000_pll.o)
 .text.__metal_driver_sifive_fe310_g000_pll_divider_offset
                0x0000000020405a6c       0x14 /mnt/sata_data/qemu/freedom_wb/qemu_sifive_e31_sifive_welcome/bsp/install/lib/debug//libmetal.a(sifive_fe310-g000_pll.o)
 .text.__metal_driver_sifive_fe310_g000_pll_config_base
                0x0000000020405a80       0x12 /mnt/sata_data/qemu/freedom_wb/qemu_sifive_e31_sifive_welcome/bsp/install/lib/debug//libmetal.a(sifive_fe310-g000_pll.o)
 .text.__metal_driver_sifive_fe310_g000_pll_config_offset
                0x0000000020405a92       0x10 /mnt/sata_data/qemu/freedom_wb/qemu_sifive_e31_sifive_welcome/bsp/install/lib/debug//libmetal.a(sifive_fe310-g000_pll.o)
 .text.__metal_driver_sifive_fe310_g000_pll_init_rate
                0x0000000020405aa2       0x16 /mnt/sata_data/qemu/freedom_wb/qemu_sifive_e31_sifive_welcome/bsp/install/lib/debug//libmetal.a(sifive_fe310-g000_pll.o)
 .text.__metal_driver_sifive_fe310_g000_prci_base
                0x0000000020405ab8       0x12 /mnt/sata_data/qemu/freedom_wb/qemu_sifive_e31_sifive_welcome/bsp/install/lib/debug//libmetal.a(sifive_fe310-g000_pll.o)
 .text.__metal_driver_sifive_fe310_g000_prci_vtable
                0x0000000020405aca       0x16 /mnt/sata_data/qemu/freedom_wb/qemu_sifive_e31_sifive_welcome/bsp/install/lib/debug//libmetal.a(sifive_fe310-g000_pll.o)
 .text.get_pll_config_freq
                0x0000000020405ae0       0x4e /mnt/sata_data/qemu/freedom_wb/qemu_sifive_e31_sifive_welcome/bsp/install/lib/debug//libmetal.a(sifive_fe310-g000_pll.o)
 .text.__metal_driver_sifive_fe310_g000_pll_init
                0x0000000020405b2e       0xa4 /mnt/sata_data/qemu/freedom_wb/qemu_sifive_e31_sifive_welcome/bsp/install/lib/debug//libmetal.a(sifive_fe310-g000_pll.o)
                0x0000000020405b2e                __metal_driver_sifive_fe310_g000_pll_init
 .text.__metal_driver_sifive_fe310_g000_pll_get_rate_hz
                0x0000000020405bd2      0x170 /mnt/sata_data/qemu/freedom_wb/qemu_sifive_e31_sifive_welcome/bsp/install/lib/debug//libmetal.a(sifive_fe310-g000_pll.o)
                0x0000000020405bd2                __metal_driver_sifive_fe310_g000_pll_get_rate_hz
 .text.find_closest_config
                0x0000000020405d42       0xac /mnt/sata_data/qemu/freedom_wb/qemu_sifive_e31_sifive_welcome/bsp/install/lib/debug//libmetal.a(sifive_fe310-g000_pll.o)
 .text.configure_pll
                0x0000000020405dee      0x1b0 /mnt/sata_data/qemu/freedom_wb/qemu_sifive_e31_sifive_welcome/bsp/install/lib/debug//libmetal.a(sifive_fe310-g000_pll.o)
 .text.__metal_driver_sifive_fe310_g000_pll_set_rate_hz
                0x0000000020405f9e      0x166 /mnt/sata_data/qemu/freedom_wb/qemu_sifive_e31_sifive_welcome/bsp/install/lib/debug//libmetal.a(sifive_fe310-g000_pll.o)
                0x0000000020405f9e                __metal_driver_sifive_fe310_g000_pll_set_rate_hz
 .text.__metal_driver_sifive_fe310_g000_prci_base
                0x0000000020406104       0x12 /mnt/sata_data/qemu/freedom_wb/qemu_sifive_e31_sifive_welcome/bsp/install/lib/debug//libmetal.a(sifive_fe310-g000_prci.o)
 .text.__metal_driver_sifive_fe310_g000_prci_get_reg
                0x0000000020406116       0x2e /mnt/sata_data/qemu/freedom_wb/qemu_sifive_e31_sifive_welcome/bsp/install/lib/debug//libmetal.a(sifive_fe310-g000_prci.o)
                0x0000000020406116                __metal_driver_sifive_fe310_g000_prci_get_reg
 .text.__metal_driver_sifive_fe310_g000_prci_set_reg
                0x0000000020406144       0x38 /mnt/sata_data/qemu/freedom_wb/qemu_sifive_e31_sifive_welcome/bsp/install/lib/debug//libmetal.a(sifive_fe310-g000_prci.o)
                0x0000000020406144                __metal_driver_sifive_fe310_g000_prci_set_reg
 .text.__metal_driver_sifive_gpio0_base
                0x000000002040617c       0x26 /mnt/sata_data/qemu/freedom_wb/qemu_sifive_e31_sifive_welcome/bsp/install/lib/debug//libmetal.a(sifive_gpio0.o)
 .text.__metal_driver_sifive_gpio0_interrupt_parent
                0x00000000204061a2       0x2a /mnt/sata_data/qemu/freedom_wb/qemu_sifive_e31_sifive_welcome/bsp/install/lib/debug//libmetal.a(sifive_gpio0.o)
 .text.__metal_driver_sifive_gpio0_interrupt_lines
                0x00000000204061cc      0x1b4 /mnt/sata_data/qemu/freedom_wb/qemu_sifive_e31_sifive_welcome/bsp/install/lib/debug//libmetal.a(sifive_gpio0.o)
 .text.__metal_driver_sifive_gpio0_enable_input
                0x0000000020406380       0x40 /mnt/sata_data/qemu/freedom_wb/qemu_sifive_e31_sifive_welcome/bsp/install/lib/debug//libmetal.a(sifive_gpio0.o)
                0x0000000020406380                __metal_driver_sifive_gpio0_enable_input
 .text.__metal_driver_sifive_gpio0_disable_input
                0x00000000204063c0       0x46 /mnt/sata_data/qemu/freedom_wb/qemu_sifive_e31_sifive_welcome/bsp/install/lib/debug//libmetal.a(sifive_gpio0.o)
                0x00000000204063c0                __metal_driver_sifive_gpio0_disable_input
 .text.__metal_driver_sifive_gpio0_input
                0x0000000020406406       0x2a /mnt/sata_data/qemu/freedom_wb/qemu_sifive_e31_sifive_welcome/bsp/install/lib/debug//libmetal.a(sifive_gpio0.o)
                0x0000000020406406                __metal_driver_sifive_gpio0_input
 .text.__metal_driver_sifive_gpio0_output
                0x0000000020406430       0x2c /mnt/sata_data/qemu/freedom_wb/qemu_sifive_e31_sifive_welcome/bsp/install/lib/debug//libmetal.a(sifive_gpio0.o)
                0x0000000020406430                __metal_driver_sifive_gpio0_output
 .text.__metal_driver_sifive_gpio0_disable_output
                0x000000002040645c       0x46 /mnt/sata_data/qemu/freedom_wb/qemu_sifive_e31_sifive_welcome/bsp/install/lib/debug//libmetal.a(sifive_gpio0.o)
                0x000000002040645c                __metal_driver_sifive_gpio0_disable_output
 .text.__metal_driver_sifive_gpio0_enable_output
                0x00000000204064a2       0x40 /mnt/sata_data/qemu/freedom_wb/qemu_sifive_e31_sifive_welcome/bsp/install/lib/debug//libmetal.a(sifive_gpio0.o)
                0x00000000204064a2                __metal_driver_sifive_gpio0_enable_output
 .text.__metal_driver_sifive_gpio0_output_set
                0x00000000204064e2       0x40 /mnt/sata_data/qemu/freedom_wb/qemu_sifive_e31_sifive_welcome/bsp/install/lib/debug//libmetal.a(sifive_gpio0.o)
                0x00000000204064e2                __metal_driver_sifive_gpio0_output_set
 .text.__metal_driver_sifive_gpio0_output_clear
                0x0000000020406522       0x46 /mnt/sata_data/qemu/freedom_wb/qemu_sifive_e31_sifive_welcome/bsp/install/lib/debug//libmetal.a(sifive_gpio0.o)
                0x0000000020406522                __metal_driver_sifive_gpio0_output_clear
 .text.__metal_driver_sifive_gpio0_output_toggle
                0x0000000020406568       0x40 /mnt/sata_data/qemu/freedom_wb/qemu_sifive_e31_sifive_welcome/bsp/install/lib/debug//libmetal.a(sifive_gpio0.o)
                0x0000000020406568                __metal_driver_sifive_gpio0_output_toggle
 .text.__metal_driver_sifive_gpio0_enable_io
                0x00000000204065a8       0x62 /mnt/sata_data/qemu/freedom_wb/qemu_sifive_e31_sifive_welcome/bsp/install/lib/debug//libmetal.a(sifive_gpio0.o)
                0x00000000204065a8                __metal_driver_sifive_gpio0_enable_io
 .text.__metal_driver_sifive_gpio0_disable_io
                0x000000002040660a       0x4a /mnt/sata_data/qemu/freedom_wb/qemu_sifive_e31_sifive_welcome/bsp/install/lib/debug//libmetal.a(sifive_gpio0.o)
                0x000000002040660a                __metal_driver_sifive_gpio0_disable_io
 .text.__metal_driver_sifive_gpio0_config_int
                0x0000000020406654      0x206 /mnt/sata_data/qemu/freedom_wb/qemu_sifive_e31_sifive_welcome/bsp/install/lib/debug//libmetal.a(sifive_gpio0.o)
                0x0000000020406654                __metal_driver_sifive_gpio0_config_int
 .text.__metal_driver_sifive_gpio0_clear_int
                0x000000002040685a      0x188 /mnt/sata_data/qemu/freedom_wb/qemu_sifive_e31_sifive_welcome/bsp/install/lib/debug//libmetal.a(sifive_gpio0.o)
                0x000000002040685a                __metal_driver_sifive_gpio0_clear_int
 .text.__metal_driver_gpio_interrupt_controller
                0x00000000204069e2       0x20 /mnt/sata_data/qemu/freedom_wb/qemu_sifive_e31_sifive_welcome/bsp/install/lib/debug//libmetal.a(sifive_gpio0.o)
                0x00000000204069e2                __metal_driver_gpio_interrupt_controller
 .text.__metal_driver_gpio_get_interrupt_id
                0x0000000020406a02       0x2e /mnt/sata_data/qemu/freedom_wb/qemu_sifive_e31_sifive_welcome/bsp/install/lib/debug//libmetal.a(sifive_gpio0.o)
                0x0000000020406a02                __metal_driver_gpio_get_interrupt_id
 .text.__metal_driver_sifive_test0_base
                0x0000000020406a30       0x26 /mnt/sata_data/qemu/freedom_wb/qemu_sifive_e31_sifive_welcome/bsp/install/lib/debug//libmetal.a(sifive_test0.o)
 .text.__metal_driver_sifive_test0_exit
                0x0000000020406a56       0x4a /mnt/sata_data/qemu/freedom_wb/qemu_sifive_e31_sifive_welcome/bsp/install/lib/debug//libmetal.a(sifive_test0.o)
                0x0000000020406a56                __metal_driver_sifive_test0_exit
 .text.__metal_driver_sifive_uart0_control_base
                0x0000000020406aa0       0x2a /mnt/sata_data/qemu/freedom_wb/qemu_sifive_e31_sifive_welcome/bsp/install/lib/debug//libmetal.a(sifive_uart0.o)
 .text.__metal_driver_sifive_uart0_interrupt_parent
                0x0000000020406aca       0x2e /mnt/sata_data/qemu/freedom_wb/qemu_sifive_e31_sifive_welcome/bsp/install/lib/debug//libmetal.a(sifive_uart0.o)
 .text.__metal_driver_sifive_uart0_interrupt_line
                0x0000000020406af8       0x28 /mnt/sata_data/qemu/freedom_wb/qemu_sifive_e31_sifive_welcome/bsp/install/lib/debug//libmetal.a(sifive_uart0.o)
 .text.__metal_driver_sifive_uart0_clock
                0x0000000020406b20       0x2e /mnt/sata_data/qemu/freedom_wb/qemu_sifive_e31_sifive_welcome/bsp/install/lib/debug//libmetal.a(sifive_uart0.o)
 .text.__metal_driver_sifive_uart0_pinmux
                0x0000000020406b4e       0x2a /mnt/sata_data/qemu/freedom_wb/qemu_sifive_e31_sifive_welcome/bsp/install/lib/debug//libmetal.a(sifive_uart0.o)
 .text.__metal_driver_sifive_uart0_pinmux_output_selector
                0x0000000020406b78       0x28 /mnt/sata_data/qemu/freedom_wb/qemu_sifive_e31_sifive_welcome/bsp/install/lib/debug//libmetal.a(sifive_uart0.o)
 .text.__metal_driver_sifive_uart0_pinmux_source_selector
                0x0000000020406ba0       0x2a /mnt/sata_data/qemu/freedom_wb/qemu_sifive_e31_sifive_welcome/bsp/install/lib/debug//libmetal.a(sifive_uart0.o)
 .text.__metal_driver_sifive_uart0_interrupt_controller
                0x0000000020406bca       0x20 /mnt/sata_data/qemu/freedom_wb/qemu_sifive_e31_sifive_welcome/bsp/install/lib/debug//libmetal.a(sifive_uart0.o)
                0x0000000020406bca                __metal_driver_sifive_uart0_interrupt_controller
 .text.__metal_driver_sifive_uart0_get_interrupt_id
                0x0000000020406bea       0x20 /mnt/sata_data/qemu/freedom_wb/qemu_sifive_e31_sifive_welcome/bsp/install/lib/debug//libmetal.a(sifive_uart0.o)
                0x0000000020406bea                __metal_driver_sifive_uart0_get_interrupt_id
 .text.__metal_driver_sifive_uart0_tx_interrupt_enable
                0x0000000020406c0a       0x3a /mnt/sata_data/qemu/freedom_wb/qemu_sifive_e31_sifive_welcome/bsp/install/lib/debug//libmetal.a(sifive_uart0.o)
                0x0000000020406c0a                __metal_driver_sifive_uart0_tx_interrupt_enable
 .text.__metal_driver_sifive_uart0_tx_interrupt_disable
                0x0000000020406c44       0x38 /mnt/sata_data/qemu/freedom_wb/qemu_sifive_e31_sifive_welcome/bsp/install/lib/debug//libmetal.a(sifive_uart0.o)
                0x0000000020406c44                __metal_driver_sifive_uart0_tx_interrupt_disable
 .text.__metal_driver_sifive_uart0_rx_interrupt_enable
                0x0000000020406c7c       0x3a /mnt/sata_data/qemu/freedom_wb/qemu_sifive_e31_sifive_welcome/bsp/install/lib/debug//libmetal.a(sifive_uart0.o)
                0x0000000020406c7c                __metal_driver_sifive_uart0_rx_interrupt_enable
 .text.__metal_driver_sifive_uart0_rx_interrupt_disable
                0x0000000020406cb6       0x38 /mnt/sata_data/qemu/freedom_wb/qemu_sifive_e31_sifive_welcome/bsp/install/lib/debug//libmetal.a(sifive_uart0.o)
                0x0000000020406cb6                __metal_driver_sifive_uart0_rx_interrupt_disable
 .text.__metal_driver_sifive_uart0_txready
                0x0000000020406cee       0x30 /mnt/sata_data/qemu/freedom_wb/qemu_sifive_e31_sifive_welcome/bsp/install/lib/debug//libmetal.a(sifive_uart0.o)
                0x0000000020406cee                __metal_driver_sifive_uart0_txready
 .text.__metal_driver_sifive_uart0_set_tx_watermark
                0x0000000020406d1e       0x4a /mnt/sata_data/qemu/freedom_wb/qemu_sifive_e31_sifive_welcome/bsp/install/lib/debug//libmetal.a(sifive_uart0.o)
                0x0000000020406d1e                __metal_driver_sifive_uart0_set_tx_watermark
 .text.__metal_driver_sifive_uart0_get_tx_watermark
                0x0000000020406d68       0x30 /mnt/sata_data/qemu/freedom_wb/qemu_sifive_e31_sifive_welcome/bsp/install/lib/debug//libmetal.a(sifive_uart0.o)
                0x0000000020406d68                __metal_driver_sifive_uart0_get_tx_watermark
 .text.__metal_driver_sifive_uart0_set_rx_watermark
                0x0000000020406d98       0x4a /mnt/sata_data/qemu/freedom_wb/qemu_sifive_e31_sifive_welcome/bsp/install/lib/debug//libmetal.a(sifive_uart0.o)
                0x0000000020406d98                __metal_driver_sifive_uart0_set_rx_watermark
 .text.__metal_driver_sifive_uart0_get_rx_watermark
                0x0000000020406de2       0x30 /mnt/sata_data/qemu/freedom_wb/qemu_sifive_e31_sifive_welcome/bsp/install/lib/debug//libmetal.a(sifive_uart0.o)
                0x0000000020406de2                __metal_driver_sifive_uart0_get_rx_watermark
 .text.__metal_driver_sifive_uart0_putc
                0x0000000020406e12       0x42 /mnt/sata_data/qemu/freedom_wb/qemu_sifive_e31_sifive_welcome/bsp/install/lib/debug//libmetal.a(sifive_uart0.o)
                0x0000000020406e12                __metal_driver_sifive_uart0_putc
 .text.__metal_driver_sifive_uart0_getc
                0x0000000020406e54       0x56 /mnt/sata_data/qemu/freedom_wb/qemu_sifive_e31_sifive_welcome/bsp/install/lib/debug//libmetal.a(sifive_uart0.o)
                0x0000000020406e54                __metal_driver_sifive_uart0_getc
 .text.__metal_driver_sifive_uart0_get_baud_rate
                0x0000000020406eaa       0x20 /mnt/sata_data/qemu/freedom_wb/qemu_sifive_e31_sifive_welcome/bsp/install/lib/debug//libmetal.a(sifive_uart0.o)
                0x0000000020406eaa                __metal_driver_sifive_uart0_get_baud_rate
 .text.__metal_driver_sifive_uart0_set_baud_rate
                0x0000000020406eca       0xa0 /mnt/sata_data/qemu/freedom_wb/qemu_sifive_e31_sifive_welcome/bsp/install/lib/debug//libmetal.a(sifive_uart0.o)
                0x0000000020406eca                __metal_driver_sifive_uart0_set_baud_rate
 .text.pre_rate_change_callback_func
                0x0000000020406f6a       0xda /mnt/sata_data/qemu/freedom_wb/qemu_sifive_e31_sifive_welcome/bsp/install/lib/debug//libmetal.a(sifive_uart0.o)
 .text.post_rate_change_callback_func
                0x0000000020407044       0x30 /mnt/sata_data/qemu/freedom_wb/qemu_sifive_e31_sifive_welcome/bsp/install/lib/debug//libmetal.a(sifive_uart0.o)
 .text.__metal_driver_sifive_uart0_init
                0x0000000020407074       0xd2 /mnt/sata_data/qemu/freedom_wb/qemu_sifive_e31_sifive_welcome/bsp/install/lib/debug//libmetal.a(sifive_uart0.o)
                0x0000000020407074                __metal_driver_sifive_uart0_init
 .text._metal_clock_call_all_callbacks
                0x0000000020407146       0x42 /mnt/sata_data/qemu/freedom_wb/qemu_sifive_e31_sifive_welcome/bsp/install/lib/debug//libmetal.a(clock.o)
                0x0000000020407146                _metal_clock_call_all_callbacks
 .text._metal_clock_append_to_callbacks
                0x0000000020407188       0x54 /mnt/sata_data/qemu/freedom_wb/qemu_sifive_e31_sifive_welcome/bsp/install/lib/debug//libmetal.a(clock.o)
                0x0000000020407188                _metal_clock_append_to_callbacks
 .text.metal_clock_get_rate_hz
                0x00000000204071dc       0x26 /mnt/sata_data/qemu/freedom_wb/qemu_sifive_e31_sifive_welcome/bsp/install/lib/debug//libmetal.a(clock.o)
                0x00000000204071dc                metal_clock_get_rate_hz
 .text.metal_clock_set_rate_hz
                0x0000000020407202       0x4c /mnt/sata_data/qemu/freedom_wb/qemu_sifive_e31_sifive_welcome/bsp/install/lib/debug//libmetal.a(clock.o)
                0x0000000020407202                metal_clock_set_rate_hz
 .text.metal_clock_register_pre_rate_change_callback
                0x000000002040724e       0x32 /mnt/sata_data/qemu/freedom_wb/qemu_sifive_e31_sifive_welcome/bsp/install/lib/debug//libmetal.a(clock.o)
                0x000000002040724e                metal_clock_register_pre_rate_change_callback
 .text.metal_clock_register_post_rate_change_callback
                0x0000000020407280       0x32 /mnt/sata_data/qemu/freedom_wb/qemu_sifive_e31_sifive_welcome/bsp/install/lib/debug//libmetal.a(clock.o)
                0x0000000020407280                metal_clock_register_post_rate_change_callback
 .text.metal_cpu_interrupt_controller
                0x00000000204072b2       0x26 /mnt/sata_data/qemu/freedom_wb/qemu_sifive_e31_sifive_welcome/bsp/install/lib/debug//libmetal.a(cpu.o)
                0x00000000204072b2                metal_cpu_interrupt_controller
 .text.metal_cpu_get
                0x00000000204072d8       0x2e /mnt/sata_data/qemu/freedom_wb/qemu_sifive_e31_sifive_welcome/bsp/install/lib/debug//libmetal.a(cpu.o)
                0x00000000204072d8                metal_cpu_get
 .text.metal_cpu_get_current_hartid
                0x0000000020407306       0x1a /mnt/sata_data/qemu/freedom_wb/qemu_sifive_e31_sifive_welcome/bsp/install/lib/debug//libmetal.a(cpu.o)
                0x0000000020407306                metal_cpu_get_current_hartid
 *fill*         0x0000000020407320       0x60 
 .text          0x0000000020407380       0x80 /mnt/sata_data/qemu/freedom_wb/qemu_sifive_e31_sifive_welcome/bsp/install/lib/debug//libmetal.a(vector.o)
                0x0000000020407380                __metal_vector_table
 .text.__metal_driver_fixed_clock_rate
                0x0000000020407400       0x62 /mnt/sata_data/qemu/freedom_wb/qemu_sifive_e31_sifive_welcome/bsp/install/lib/debug//libmetal.a(fixed-clock.o)
 .text.__metal_driver_fixed_clock_get_rate_hz
                0x0000000020407462       0x1e /mnt/sata_data/qemu/freedom_wb/qemu_sifive_e31_sifive_welcome/bsp/install/lib/debug//libmetal.a(fixed-clock.o)
                0x0000000020407462                __metal_driver_fixed_clock_get_rate_hz
 .text.__metal_driver_fixed_clock_set_rate_hz
                0x0000000020407480       0x22 /mnt/sata_data/qemu/freedom_wb/qemu_sifive_e31_sifive_welcome/bsp/install/lib/debug//libmetal.a(fixed-clock.o)
                0x0000000020407480                __metal_driver_fixed_clock_set_rate_hz
 *(.gnu.linkonce.t.*)

.rela.dyn       0x00000000204074a4        0x0
 .rela.text.test_checksum
                0x00000000204074a4        0x0 /tmp/ccxOjBqK.o
 .rela.text._vfprintf_r
                0x00000000204074a4        0x0 /tmp/ccxOjBqK.o