Archive member included to satisfy reference by file (symbol)

/mnt/sata_data/qemu/FreedomStudio-4.18.0.2021-04-1-x86_64-linux-ubuntu14/SiFive/riscv64-unknown-elf-toolchain-10.2.0-2020.12.8/bin/../lib/gcc/riscv64-unknown-elf/10.2.0/../../../../riscv64-unknown-elf/lib/rv32imac/ilp32/libc_nano.a(lib_a-assert.o)
                              /tmp/cce8sIY4.o (__assert_func)
/mnt/sata_data/qemu/FreedomStudio-4.18.0.2021-04-1-x86_64-linux-ubuntu14/SiFive/riscv64-unknown-elf-toolchain-10.2.0-2020.12.8/bin/../lib/gcc/riscv64-unknown-elf/10.2.0/../../../../riscv64-unknown-elf/lib/rv32imac/ilp32/libc_nano.a(lib_a-fprintf.o)
                              /mnt/sata_data/qemu/FreedomStudio-4.18.0.2021-04-1-x86_64-linux-ubuntu14/SiFive/riscv64-unknown-elf-toolchain-10.2.0-2020.12.8/bin/../lib/gcc/riscv64-unknown-elf/10.2.0/../../../../riscv64-unknown-elf/lib/rv32imac/ilp32/libc_nano.a(lib_a-assert.o) (fiprintf)
/mnt/sata_data/qemu/FreedomStudio-4.18.0.2021-04-1-x86_64-linux-ubuntu14/SiFive/riscv64-unknown-elf-toolchain-10.2.0-2020.12.8/bin/../lib/gcc/riscv64-unknown-elf/10.2.0/../../../../riscv64-unknown-elf/lib/rv32imac/ilp32/libc_nano.a(lib_a-impure.o)
                              /mnt/sata_data/qemu/FreedomStudio-4.18.0.2021-04-1-x86_64-linux-ubuntu14/SiFive/riscv64-unknown-elf-toolchain-10.2.0-2020.12.8/bin/../lib/gcc/riscv64-unknown-elf/10.2.0/../../../../riscv64-unknown-elf/lib/rv32imac/ilp32/libc_nano.a(lib_a-assert.o) (_impure_ptr)
/mnt/sata_data/qemu/FreedomStudio-4.18.0.2021-04-1-x86_64-linux-ubuntu14/SiFive/riscv64-unknown-elf-toolchain-10.2.0-2020.12.8/bin/../lib/gcc/riscv64-unknown-elf/10.2.0/../../../../riscv64-unknown-elf/lib/rv32imac/ilp32/libc_nano.a(lib_a-nano-vfprintf.o)
                              /mnt/sata_data/qemu/FreedomStudio-4.18.0.2021-04-1-x86_64-linux-ubuntu14/SiFive/riscv64-unknown-elf-toolchain-10.2.0-2020.12.8/bin/../lib/gcc/riscv64-unknown-elf/10.2.0/../../../../riscv64-unknown-elf/lib/rv32imac/ilp32/libc_nano.a(lib_a-fprintf.o) (_vfprintf_r)
/mnt/sata_data/qemu/FreedomStudio-4.18.0.2021-04-1-x86_64-linux-ubuntu14/SiFive/riscv64-unknown-elf-toolchain-10.2.0-2020.12.8/bin/../lib/gcc/riscv64-unknown-elf/10.2.0/../../../../riscv64-unknown-elf/lib/rv32imac/ilp32/libc_nano.a(lib_a-printf.o)
                              /tmp/ccaXlss8.o (printf)
/mnt/sata_data/qemu/FreedomStudio-4.18.0.2021-04-1-x86_64-linux-ubuntu14/SiFive/riscv64-unknown-elf-toolchain-10.2.0-2020.12.8/bin/../lib/gcc/riscv64-unknown-elf/10.2.0/../../../../riscv64-unknown-elf/lib/rv32imac/ilp32/libc_nano.a(lib_a-wbuf.o)
                              /mnt/sata_data/qemu/FreedomStudio-4.18.0.2021-04-1-x86_64-linux-ubuntu14/SiFive/riscv64-unknown-elf-toolchain-10.2.0-2020.12.8/bin/../lib/gcc/riscv64-unknown-elf/10.2.0/../../../../riscv64-unknown-elf/lib/rv32imac/ilp32/libc_nano.a(lib_a-nano-vfprintf.o) (__swbuf_r)
/mnt/sata_data/qemu/FreedomStudio-4.18.0.2021-04-1-x86_64-linux-ubuntu14/SiFive/riscv64-unknown-elf-toolchain-10.2.0-2020.12.8/bin/../lib/gcc/riscv64-unknown-elf/10.2.0/../../../../riscv64-unknown-elf/lib/rv32imac/ilp32/libc_nano.a(lib_a-wsetup.o)
                              /mnt/sata_data/qemu/FreedomStudio-4.18.0.2021-04-1-x86_64-linux-ubuntu14/SiFive/riscv64-unknown-elf-toolchain-10.2.0-2020.12.8/bin/../lib/gcc/riscv64-unknown-elf/10.2.0/../../../../riscv64-unknown-elf/lib/rv32imac/ilp32/libc_nano.a(lib_a-nano-vfprintf.o) (__swsetup_r)
/mnt/sata_data/qemu/FreedomStudio-4.18.0.2021-04-1-x86_64-linux-ubuntu14/SiFive/riscv64-unknown-elf-toolchain-10.2.0-2020.12.8/bin/../lib/gcc/riscv64-unknown-elf/10.2.0/../../../../riscv64-unknown-elf/lib/rv32imac/ilp32/libc_nano.a(lib_a-abort.o)
                              /mnt/sata_data/qemu/FreedomStudio-4.18.0.2021-04-1-x86_64-linux-ubuntu14/SiFive/riscv64-unknown-elf-toolchain-10.2.0-2020.12.8/bin/../lib/gcc/riscv64-unknown-elf/10.2.0/../../../../riscv64-unknown-elf/lib/rv32imac/ilp32/libc_nano.a(lib_a-assert.o) (abort)
/mnt/sata_data/qemu/FreedomStudio-4.18.0.2021-04-1-x86_64-linux-ubuntu14/SiFive/riscv64-unknown-elf-toolchain-10.2.0-2020.12.8/bin/../lib/gcc/riscv64-unknown-elf/10.2.0/../../../../riscv64-unknown-elf/lib/rv32imac/ilp32/libc_nano.a(lib_a-fflush.o)
                              /mnt/sata_data/qemu/FreedomStudio-4.18.0.2021-04-1-x86_64-linux-ubuntu14/SiFive/riscv64-unknown-elf-toolchain-10.2.0-2020.12.8/bin/../lib/gcc/riscv64-unknown-elf/10.2.0/../../../../riscv64-unknown-elf/lib/rv32imac/ilp32/libc_nano.a(lib_a-wbuf.o) (_fflush_r)
/mnt/sata_data/qemu/FreedomStudio-4.18.0.2021-04-1-x86_64-linux-ubuntu14/SiFive/riscv64-unknown-elf-toolchain-10.2.0-2020.12.8/bin/../lib/gcc/riscv64-unknown-elf/10.2.0/../../../../riscv64-unknown-elf/lib/rv32imac/ilp32/libc_nano.a(lib_a-findfp.o)
[...]
Memory Configuration

Name             Origin             Length             Attributes
ram              0x0000000080000000 0x0000000000400000 axrwl
rom              0x0000000020400000 0x000000001fc00000 xrl !aw
*default*        0x0000000000000000 0xffffffffffffffff

Linker script and memory map

LOAD /tmp/ccaXlss8.o
LOAD /tmp/cce8sIY4.o
LOAD /tmp/ccjLp7y1.o
LOAD /tmp/ccl4QefY.o
START GROUP
LOAD /mnt/sata_data/qemu/FreedomStudio-4.18.0.2021-04-1-x86_64-linux-ubuntu14/SiFive/riscv64-unknown-elf-toolchain-10.2.0-2020.12.8/bin/../lib/gcc/riscv64-unknown-elf/10.2.0/../../../../riscv64-unknown-elf/lib/rv32imac/ilp32/libc_nano.a
LOAD /mnt/sata_data/qemu/FreedomStudio-4.18.0.2021-04-1-x86_64-linux-ubuntu14/SiFive/riscv64-unknown-elf-toolchain-10.2.0-2020.12.8/bin/../lib/gcc/riscv64-unknown-elf/10.2.0/rv32imac/ilp32/libgcc.a
LOAD /mnt/sata_data/qemu/FreedomStudio-4.18.0.2021-04-1-x86_64-linux-ubuntu14/SiFive/riscv64-unknown-elf-toolchain-10.2.0-2020.12.8/bin/../lib/gcc/riscv64-unknown-elf/10.2.0/../../../../riscv64-unknown-elf/lib/rv32imac/ilp32/libm_nano.a
LOAD /mnt/sata_data/qemu/freedom_wb/qemu_sifive_e31_sifive_welcome/bsp/install/lib/debug//libmetal.a
LOAD /mnt/sata_data/qemu/freedom_wb/qemu_sifive_e31_sifive_welcome/bsp/install/lib/debug//libmetal-gloss.a
END GROUP
                0x0000000000000400                __stack_size = DEFINED (__stack_size)?__stack_size:0x400
                [!provide]                        PROVIDE (__stack_size = __stack_size)
                0x0000000000000800                __heap_size = DEFINED (__heap_size)?__heap_size:0x800
                0x0000000000000000                PROVIDE (__metal_boot_hart = 0x0)
                0x0000000000000001                PROVIDE (__metal_chicken_bit = 0x1)
                0x0000000000000000                PROVIDE (__metal_eccscrub_bit = 0x0)
                [!provide]                        PROVIDE (metal_dtim_0_memory_start = 0x80000000)
                [!provide]                        PROVIDE (metal_dtim_0_memory_end = 0x80010000)

.init           0x0000000020400000      0x2dc
 *(.text.metal.init.enter)
 .text.metal.init.enter
                0x0000000020400000       0x88 /mnt/sata_data/qemu/freedom_wb/qemu_sifive_e31_sifive_welcome/bsp/install/lib/debug//libmetal.a(entry.o)
                0x0000000020400000                _enter
 *(.text.metal.init.*)
 .text.metal.init.__register_frame_info
                0x0000000020400088        0x2 /mnt/sata_data/qemu/freedom_wb/qemu_sifive_e31_sifive_welcome/bsp/install/lib/debug//libmetal.a(entry.o)
                0x0000000020400088                __register_frame_info
 .text.metal.init.scrub
                0x000000002040008a       0xa8 /mnt/sata_data/qemu/freedom_wb/qemu_sifive_e31_sifive_welcome/bsp/install/lib/debug//libmetal.a(scrub.o)
                0x000000002040008a                metal_mem_scrub
                0x00000000204000cc                __metal_before_start
 *fill*         0x0000000020400132        0x2 
 .text.metal.init.trapvec
                0x0000000020400134        0xe /mnt/sata_data/qemu/freedom_wb/qemu_sifive_e31_sifive_welcome/bsp/install/lib/debug//libmetal.a(trap.o)
                0x0000000020400134                early_trap_vector
 *(SORT_NONE(.init))
 .init          0x0000000020400142        0xe /mnt/sata_data/qemu/freedom_wb/qemu_sifive_e31_sifive_welcome/bsp/install/lib/debug//libmetal.a(synchronize_harts.o)
                0x0000000020400142                __metal_synchronize_harts
 *(.text.libgloss.start)
 .text.libgloss.start
                0x0000000020400150      0x18c /mnt/sata_data/qemu/freedom_wb/qemu_sifive_e31_sifive_welcome/bsp/install/lib/debug//libmetal-gloss.a(crt0.o)
                0x0000000020400150                _start
                0x00000000204002ba                _init
                0x00000000204002ba                _fini
                0x00000000204002bc                secondary_main

.fini
 *(SORT_NONE(.fini))

.preinit_array  0x00000000204002e0        0x0
                0x00000000204002e0                PROVIDE (__preinit_array_start = .)
 *(.preinit_array)
                0x00000000204002e0                PROVIDE (__preinit_array_end = .)

.init_array     0x00000000204002e0        0xc
                0x00000000204002e0                PROVIDE (__init_array_start = .)
 *(SORT_BY_INIT_PRIORITY(.init_array.*) SORT_BY_INIT_PRIORITY(.ctors.*))
 *(.init_array EXCLUDE_FILE(*crtend?.o *crtend.o *crtbegin?.o *crtbegin.o) .ctors)
                0x00000000204002e0                PROVIDE (__init_array_end = .)
                0x00000000204002e0                PROVIDE (metal_constructors_start = .)
 *(SORT_BY_INIT_PRIORITY(.metal.init_array.*))
 .metal.init_array.5000
                0x00000000204002e0        0x4 /mnt/sata_data/qemu/freedom_wb/qemu_sifive_e31_sifive_welcome/bsp/install/lib/debug//libmetal.a(tty.o)
                0x00000000204002e0                _metal_tty_init_ptr
 .metal.init_array.5000
                0x00000000204002e4        0x8 /mnt/sata_data/qemu/freedom_wb/qemu_sifive_e31_sifive_welcome/bsp/install/lib/debug//libmetal.a(sifive_fe310-g000_pll.o)
                0x00000000204002e4                _metal_sifive_fe310_g000_pll_init_ptr
                0x00000000204002e8                _use_hfxosc_ptr
 *(.metal.init_array)
                0x00000000204002ec                PROVIDE (metal_constructors_end = .)

.fini_array     0x00000000204002f0        0x0
                0x00000000204002f0                PROVIDE (__fini_array_start = .)
 *(SORT_BY_INIT_PRIORITY(.fini_array.*) SORT_BY_INIT_PRIORITY(.dtors.*))
 *(.fini_array EXCLUDE_FILE(*crtend?.o *crtend.o *crtbegin?.o *crtbegin.o) .dtors)
                0x00000000204002f0                PROVIDE (__fini_array_end = .)
                0x00000000204002f0                PROVIDE (metal_destructors_start = .)
 *(SORT_BY_INIT_PRIORITY(.metal.fini_array.*))
 *(.metal.fini_array)
                0x00000000204002f0                PROVIDE (metal_destructors_end = .)

.ctors          0x00000000204002ec       0x7a
 *crtbegin.o(.ctors)
 *crtbegin?.o(.ctors)
 *(EXCLUDE_FILE(*crtend?.o *crtend.o) .ctors)
 *(SORT_BY_NAME(.ctors.*))
 *(.ctors)
 *(.metal.ctors .metal.ctors.*)
 .metal.ctors   0x00000000204002ec       0x24 /mnt/sata_data/qemu/freedom_wb/qemu_sifive_e31_sifive_welcome/bsp/install/lib/debug//libmetal.a(tty.o)
                0x00000000204002ec                metal_tty_init
 .metal.ctors   0x0000000020400310       0x56 /mnt/sata_data/qemu/freedom_wb/qemu_sifive_e31_sifive_welcome/bsp/install/lib/debug//libmetal.a(sifive_fe310-g000_pll.o)
                0x0000000020400310                metal_sifive_fe310_g000_pll_init
                0x000000002040033c                use_hfxosc

.dtors
 *crtbegin.o(.dtors)
 *crtbegin?.o(.dtors)
 *(EXCLUDE_FILE(*crtend?.o *crtend.o) .dtors)
 *(SORT_BY_NAME(.dtors.*))
 *(.dtors)
 *(.metal.dtors .metal.dtors.*)

.rodata         0x0000000020400368     0x1260
 *(.rdata)
 *(.rodata .rodata.*)
 .rodata        0x0000000020400368        0x5 /tmp/ccaXlss8.o
 *fill*         0x000000002040036d        0x3 
 .rodata.correct_ping_packet
                0x0000000020400370       0x66 /tmp/cce8sIY4.o
                0x0000000020400370                correct_ping_packet
 *fill*         0x00000000204003d6        0x2 
 .rodata.incorrect_ping_packet
                0x00000000204003d8       0x66 /tmp/cce8sIY4.o
                0x00000000204003d8                incorrect_ping_packet
 *fill*         0x000000002040043e        0x2 
 .rodata        0x0000000020400440       0xc9 /tmp/cce8sIY4.o
 *fill*         0x0000000020400509        0x3 
 .rodata.__func__.0
                0x000000002040050c        0xe /tmp/cce8sIY4.o
 *fill*         0x000000002040051a        0x2 
 .rodata.crc32_table
                0x000000002040051c      0x400 /tmp/ccl4QefY.o
 .rodata.__assert_func.str1.4
                0x000000002040091c       0x3f /mnt/sata_data/qemu/FreedomStudio-4.18.0.2021-04-1-x86_64-linux-ubuntu14/SiFive/riscv64-unknown-elf-toolchain-10.2.0-2020.12.8/bin/../lib/gcc/riscv64-unknown-elf/10.2.0/../../../../riscv64-unknown-elf/lib/rv32imac/ilp32/libc_nano.a(lib_a-assert.o)
                                         0x43 (size before relaxing)
 *fill*         0x000000002040095b        0x1 
 .rodata._vfprintf_r.str1.4
                0x000000002040095c       0x13 /mnt/sata_data/qemu/FreedomStudio-4.18.0.2021-04-1-x86_64-linux-ubuntu14/SiFive/riscv64-unknown-elf-toolchain-10.2.0-2020.12.8/bin/../lib/gcc/riscv64-unknown-elf/10.2.0/../../../../riscv64-unknown-elf/lib/rv32imac/ilp32/libc_nano.a(lib_a-nano-vfprintf.o)
 *fill*         0x000000002040096f        0x1 
 .rodata.__sf_fake_stderr
                0x0000000020400970       0x20 /mnt/sata_data/qemu/FreedomStudio-4.18.0.2021-04-1-x86_64-linux-ubuntu14/SiFive/riscv64-unknown-elf-toolchain-10.2.0-2020.12.8/bin/../lib/gcc/riscv64-unknown-elf/10.2.0/../../../../riscv64-unknown-elf/lib/rv32imac/ilp32/libc_nano.a(lib_a-findfp.o)
                0x0000000020400970                __sf_fake_stderr
 .rodata.__sf_fake_stdin
                0x0000000020400990       0x20 /mnt/sata_data/qemu/FreedomStudio-4.18.0.2021-04-1-x86_64-linux-ubuntu14/SiFive/riscv64-unknown-elf-toolchain-10.2.0-2020.12.8/bin/../lib/gcc/riscv64-unknown-elf/10.2.0/../../../../riscv64-unknown-elf/lib/rv32imac/ilp32/libc_nano.a(lib_a-findfp.o)
                0x0000000020400990                __sf_fake_stdin
 .rodata.__sf_fake_stdout
                0x00000000204009b0       0x20 /mnt/sata_data/qemu/FreedomStudio-4.18.0.2021-04-1-x86_64-linux-ubuntu14/SiFive/riscv64-unknown-elf-toolchain-10.2.0-2020.12.8/bin/../lib/gcc/riscv64-unknown-elf/10.2.0/../../../../riscv64-unknown-elf/lib/rv32imac/ilp32/libc_nano.a(lib_a-findfp.o)
                0x00000000204009b0                __sf_fake_stdout
 .rodata._printf_i.str1.4
                0x00000000204009d0       0x25 /mnt/sata_data/qemu/FreedomStudio-4.18.0.2021-04-1-x86_64-linux-ubuntu14/SiFive/riscv64-unknown-elf-toolchain-10.2.0-2020.12.8/bin/../lib/gcc/riscv64-unknown-elf/10.2.0/../../../../riscv64-unknown-elf/lib/rv32imac/ilp32/libc_nano.a(lib_a-nano-vfprintf_i.o)
 *fill*         0x00000000204009f5        0x3 
 .rodata._printf_i
                0x00000000204009f8       0x58 /mnt/sata_data/qemu/FreedomStudio-4.18.0.2021-04-1-x86_64-linux-ubuntu14/SiFive/riscv64-unknown-elf-toolchain-10.2.0-2020.12.8/bin/../lib/gcc/riscv64-unknown-elf/10.2.0/../../../../riscv64-unknown-elf/lib/rv32imac/ilp32/libc_nano.a(lib_a-nano-vfprintf_i.o)
 .rodata.libgloss.start
                0x0000000020400a50       0x11 /mnt/sata_data/qemu/freedom_wb/qemu_sifive_e31_sifive_welcome/bsp/install/lib/debug//libmetal-gloss.a(crt0.o)
 *fill*         0x0000000020400a61        0x3 
 .rodata.__metal_driver_vtable_riscv_clint0
                0x0000000020400a64       0x64 /mnt/sata_data/qemu/freedom_wb/qemu_sifive_e31_sifive_welcome/bsp/install/lib/debug//libmetal.a(riscv_clint0.o)
                0x0000000020400a64                __metal_driver_vtable_riscv_clint0
 .rodata.__metal_local_interrupt_enable
                0x0000000020400ac8       0x80 /mnt/sata_data/qemu/freedom_wb/qemu_sifive_e31_sifive_welcome/bsp/install/lib/debug//libmetal.a(riscv_cpu.o)
 .rodata.__metal_driver_vtable_riscv_cpu_intc
                0x0000000020400b48       0x64 /mnt/sata_data/qemu/freedom_wb/qemu_sifive_e31_sifive_welcome/bsp/install/lib/debug//libmetal.a(riscv_cpu.o)
                0x0000000020400b48                __metal_driver_vtable_riscv_cpu_intc
 .rodata.__metal_driver_vtable_cpu
                0x0000000020400bac       0x44 /mnt/sata_data/qemu/freedom_wb/qemu_sifive_e31_sifive_welcome/bsp/install/lib/debug//libmetal.a(riscv_cpu.o)
                0x0000000020400bac                __metal_driver_vtable_cpu
 .rodata.__metal_driver_vtable_riscv_plic0
                0x0000000020400bf0       0x64 /mnt/sata_data/qemu/freedom_wb/qemu_sifive_e31_sifive_welcome/bsp/install/lib/debug//libmetal.a(riscv_plic0.o)
                0x0000000020400bf0                __metal_driver_vtable_riscv_plic0
 .rodata.pll_configs
                0x0000000020400c54      0x880 /mnt/sata_data/qemu/freedom_wb/qemu_sifive_e31_sifive_welcome/bsp/install/lib/debug//libmetal.a(sifive_fe310-g000_pll.o)
 .rodata.__metal_driver_vtable_sifive_fe310_g000_pll
                0x00000000204014d4        0xc /mnt/sata_data/qemu/freedom_wb/qemu_sifive_e31_sifive_welcome/bsp/install/lib/debug//libmetal.a(sifive_fe310-g000_pll.o)
                0x00000000204014d4                __metal_driver_vtable_sifive_fe310_g000_pll
 .rodata.__metal_driver_sifive_gpio0_config_int
                0x00000000204014e0       0x20 /mnt/sata_data/qemu/freedom_wb/qemu_sifive_e31_sifive_welcome/bsp/install/lib/debug//libmetal.a(sifive_gpio0.o)
 .rodata.__metal_driver_sifive_gpio0_clear_int
                0x0000000020401500       0x20 /mnt/sata_data/qemu/freedom_wb/qemu_sifive_e31_sifive_welcome/bsp/install/lib/debug//libmetal.a(sifive_gpio0.o)
 .rodata.__metal_driver_vtable_sifive_gpio0
                0x0000000020401520       0x3c /mnt/sata_data/qemu/freedom_wb/qemu_sifive_e31_sifive_welcome/bsp/install/lib/debug//libmetal.a(sifive_gpio0.o)
                0x0000000020401520                __metal_driver_vtable_sifive_gpio0
 .rodata.__metal_driver_vtable_sifive_uart0
                0x000000002040155c       0x40 /mnt/sata_data/qemu/freedom_wb/qemu_sifive_e31_sifive_welcome/bsp/install/lib/debug//libmetal.a(sifive_uart0.o)
                0x000000002040155c                __metal_driver_vtable_sifive_uart0
 *(.gnu.linkonce.r.*)
                0x00000000204015a0                . = ALIGN (0x8)
 *fill*         0x000000002040159c        0x4 
 *(.srodata.cst16)
 *(.srodata.cst8)
 *(.srodata.cst4)
 *(.srodata.cst2)
 *(.srodata .srodata.*)
 .srodata._global_impure_ptr
                0x00000000204015a0        0x4 /mnt/sata_data/qemu/FreedomStudio-4.18.0.2021-04-1-x86_64-linux-ubuntu14/SiFive/riscv64-unknown-elf-toolchain-10.2.0-2020.12.8/bin/../lib/gcc/riscv64-unknown-elf/10.2.0/../../../../riscv64-unknown-elf/lib/rv32imac/ilp32/libc_nano.a(lib_a-impure.o)
                0x00000000204015a0                _global_impure_ptr
 .srodata.__metal_driver_vtable_sifive_fe310_g000_hfrosc
                0x00000000204015a4        0x8 /mnt/sata_data/qemu/freedom_wb/qemu_sifive_e31_sifive_welcome/bsp/install/lib/debug//libmetal.a(sifive_fe310-g000_hfrosc.o)
                0x00000000204015a4                __metal_driver_vtable_sifive_fe310_g000_hfrosc
 .srodata.__metal_driver_vtable_sifive_fe310_g000_hfxosc
                0x00000000204015ac        0x8 /mnt/sata_data/qemu/freedom_wb/qemu_sifive_e31_sifive_welcome/bsp/install/lib/debug//libmetal.a(sifive_fe310-g000_hfxosc.o)
                0x00000000204015ac                __metal_driver_vtable_sifive_fe310_g000_hfxosc
 .srodata.__metal_driver_vtable_sifive_fe310_g000_prci
                0x00000000204015b4        0x8 /mnt/sata_data/qemu/freedom_wb/qemu_sifive_e31_sifive_welcome/bsp/install/lib/debug//libmetal.a(sifive_fe310-g000_prci.o)
                0x00000000204015b4                __metal_driver_vtable_sifive_fe310_g000_prci
 .srodata.__metal_driver_vtable_sifive_test0
                0x00000000204015bc        0x4 /mnt/sata_data/qemu/freedom_wb/qemu_sifive_e31_sifive_welcome/bsp/install/lib/debug//libmetal.a(sifive_test0.o)
                0x00000000204015bc                __metal_driver_vtable_sifive_test0
 .srodata.__metal_driver_vtable_fixed_clock
                0x00000000204015c0        0x8 /mnt/sata_data/qemu/freedom_wb/qemu_sifive_e31_sifive_welcome/bsp/install/lib/debug//libmetal.a(fixed-clock.o)
                0x00000000204015c0                __metal_driver_vtable_fixed_clock

.itim           0x0000000080000000        0x0 load address 0x00000000204015c8
 *(.itim .itim.*)
                0x00000000204015c8                PROVIDE (metal_segment_itim_source_start = LOADADDR (.itim))
                0x0000000080000000                PROVIDE (metal_segment_itim_target_start = ADDR (.itim))
                0x0000000080000000                PROVIDE (metal_segment_itim_target_end = (ADDR (.itim) + SIZEOF (.itim)))

.lim            0x0000000080000000        0x0 load address 0x00000000204015c8
 *(.lim .lim.*)
                0x00000000204015c8                PROVIDE (metal_segment_lim_source_start = LOADADDR (.lim))
                0x0000000080000000                PROVIDE (metal_segment_lim_target_start = ADDR (.lim))
                0x0000000080000000                PROVIDE (metal_segment_lim_target_end = (ADDR (.lim) + SIZEOF (.lim)))

.text           0x0000000020401600     0x61a2
 *(.text.unlikely .text.unlikely.*)
 *(.text.startup .text.startup.*)
 *(.text .text.*)
 .text.main     0x0000000020401600       0x20 /tmp/ccaXlss8.o
                0x0000000020401600                main
 .text.check_proprietary_crc
                0x0000000020401620       0xaa /tmp/cce8sIY4.o
                0x0000000020401620                check_proprietary_crc
 .text.test_checksum
                0x00000000204016ca       0x82 /tmp/cce8sIY4.o
                0x00000000204016ca                test_checksum
 .text.htons    0x000000002040174c       0x38 /tmp/ccjLp7y1.o
                0x000000002040174c                htons
 .text.htonl    0x0000000020401784       0x3e /tmp/ccjLp7y1.o
                0x0000000020401784                htonl
 .text.ntohs    0x00000000204017c2       0x22 /tmp/ccjLp7y1.o
                0x00000000204017c2                ntohs
 .text.xcrc32   0x00000000204017e4       0x70 /tmp/ccl4QefY.o
                0x00000000204017e4                xcrc32
 .text.__assert_func
                0x0000000020401854       0x3a /mnt/sata_data/qemu/FreedomStudio-4.18.0.2021-04-1-x86_64-linux-ubuntu14/SiFive/riscv64-unknown-elf-toolchain-10.2.0-2020.12.8/bin/../lib/gcc/riscv64-unknown-elf/10.2.0/../../../../riscv64-unknown-elf/lib/rv32imac/ilp32/libc_nano.a(lib_a-assert.o)
                0x0000000020401854                __assert_func
 .text.fprintf  0x000000002040188e       0x28 /mnt/sata_data/qemu/FreedomStudio-4.18.0.2021-04-1-x86_64-linux-ubuntu14/SiFive/riscv64-unknown-elf-toolchain-10.2.0-2020.12.8/bin/../lib/gcc/riscv64-unknown-elf/10.2.0/../../../../riscv64-unknown-elf/lib/rv32imac/ilp32/libc_nano.a(lib_a-fprintf.o)
                0x000000002040188e                fprintf
                0x000000002040188e                fiprintf
 .text.__sfputc_r
                0x00000000204018b6       0x28 /mnt/sata_data/qemu/FreedomStudio-4.18.0.2021-04-1-x86_64-linux-ubuntu14/SiFive/riscv64-unknown-elf-toolchain-10.2.0-2020.12.8/bin/../lib/gcc/riscv64-unknown-elf/10.2.0/../../../../riscv64-unknown-elf/lib/rv32imac/ilp32/libc_nano.a(lib_a-nano-vfprintf.o)
 .text.__sfputs_r
                0x00000000204018de       0x42 /mnt/sata_data/qemu/FreedomStudio-4.18.0.2021-04-1-x86_64-linux-ubuntu14/SiFive/riscv64-unknown-elf-toolchain-10.2.0-2020.12.8/bin/../lib/gcc/riscv64-unknown-elf/10.2.0/../../../../riscv64-unknown-elf/lib/rv32imac/ilp32/libc_nano.a(lib_a-nano-vfprintf.o)
                0x00000000204018de                __sfputs_r
 .text._vfprintf_r
                0x0000000020401920      0x29a /mnt/sata_data/qemu/FreedomStudio-4.18.0.2021-04-1-x86_64-linux-ubuntu14/SiFive/riscv64-unknown-elf-toolchain-10.2.0-2020.12.8/bin/../lib/gcc/riscv64-unknown-elf/10.2.0/../../../../riscv64-unknown-elf/lib/rv32imac/ilp32/libc_nano.a(lib_a-nano-vfprintf.o)
                0x0000000020401920                _vfiprintf_r
                0x0000000020401920                _vfprintf_r
 .text.printf   0x0000000020401bba       0x3c /mnt/sata_data/qemu/FreedomStudio-4.18.0.2021-04-1-x86_64-linux-ubuntu14/SiFive/riscv64-unknown-elf-toolchain-10.2.0-2020.12.8/bin/../lib/gcc/riscv64-unknown-elf/10.2.0/../../../../riscv64-unknown-elf/lib/rv32imac/ilp32/libc_nano.a(lib_a-printf.o)
                0x0000000020401bba                printf
                0x0000000020401bba                iprintf
 .text.__swbuf_r
                0x0000000020401bf6       0xc0 /mnt/sata_data/qemu/FreedomStudio-4.18.0.2021-04-1-x86_64-linux-ubuntu14/SiFive/riscv64-unknown-elf-toolchain-10.2.0-2020.12.8/bin/../lib/gcc/riscv64-unknown-elf/10.2.0/../../../../riscv64-unknown-elf/lib/rv32imac/ilp32/libc_nano.a(lib_a-wbuf.o)
                0x0000000020401bf6                __swbuf_r
 .text.__swsetup_r
                0x0000000020401cb6      0x10a /mnt/sata_data/qemu/FreedomStudio-4.18.0.2021-04-1-x86_64-linux-ubuntu14/SiFive/riscv64-unknown-elf-toolchain-10.2.0-2020.12.8/bin/../lib/gcc/riscv64-unknown-elf/10.2.0/../../../../riscv64-unknown-elf/lib/rv32imac/ilp32/libc_nano.a(lib_a-wsetup.o)
                0x0000000020401cb6                __swsetup_r
 .text.abort    0x0000000020401dc0       0x10 /mnt/sata_data/qemu/FreedomStudio-4.18.0.2021-04-1-x86_64-linux-ubuntu14/SiFive/riscv64-unknown-elf-toolchain-10.2.0-2020.12.8/bin/../lib/gcc/riscv64-unknown-elf/10.2.0/../../../../riscv64-unknown-elf/lib/rv32imac/ilp32/libc_nano.a(lib_a-abort.o)
                0x0000000020401dc0                abort
 .text.__sflush_r
                0x0000000020401dd0      0x146 /mnt/sata_data/qemu/FreedomStudio-4.18.0.2021-04-1-x86_64-linux-ubuntu14/SiFive/riscv64-unknown-elf-toolchain-10.2.0-2020.12.8/bin/../lib/gcc/riscv64-unknown-elf/10.2.0/../../../../riscv64-unknown-elf/lib/rv32imac/ilp32/libc_nano.a(lib_a-fflush.o)
                0x0000000020401dd0                __sflush_r
 .text._fflush_r
                0x0000000020401f16       0x64 /mnt/sata_data/qemu/FreedomStudio-4.18.0.2021-04-1-x86_64-linux-ubuntu14/SiFive/riscv64-unknown-elf-toolchain-10.2.0-2020.12.8/bin/../lib/gcc/riscv64-unknown-elf/10.2.0/../../../../riscv64-unknown-elf/lib/rv32imac/ilp32/libc_nano.a(lib_a-fflush.o)
                0x0000000020401f16                _fflush_r
 .text.std      0x0000000020401f7a       0x68 /mnt/sata_data/qemu/FreedomStudio-4.18.0.2021-04-1-x86_64-linux-ubuntu14/SiFive/riscv64-unknown-elf-toolchain-10.2.0-2020.12.8/bin/../lib/gcc/riscv64-unknown-elf/10.2.0/../../../../riscv64-unknown-elf/lib/rv32imac/ilp32/libc_nano.a(lib_a-findfp.o)
 .text._cleanup_r
                0x0000000020401fe2        0xa /mnt/sata_data/qemu/FreedomStudio-4.18.0.2021-04-1-x86_64-linux-ubuntu14/SiFive/riscv64-unknown-elf-toolchain-10.2.0-2020.12.8/bin/../lib/gcc/riscv64-unknown-elf/10.2.0/../../../../riscv64-unknown-elf/lib/rv32imac/ilp32/libc_nano.a(lib_a-findfp.o)
                0x0000000020401fe2                _cleanup_r
 .text.__sfmoreglue
                0x0000000020401fec       0x44 /mnt/sata_data/qemu/FreedomStudio-4.18.0.2021-04-1-x86_64-linux-ubuntu14/SiFive/riscv64-unknown-elf-toolchain-10.2.0-2020.12.8/bin/../lib/gcc/riscv64-unknown-elf/10.2.0/../../../../riscv64-unknown-elf/lib/rv32imac/ilp32/libc_nano.a(lib_a-findfp.o)
                0x0000000020401fec                __sfmoreglue
 .text.__sinit  0x0000000020402030       0x6a /mnt/sata_data/qemu/FreedomStudio-4.18.0.2021-04-1-x86_64-linux-ubuntu14/SiFive/riscv64-unknown-elf-toolchain-10.2.0-2020.12.8/bin/../lib/gcc/riscv64-unknown-elf/10.2.0/../../../../riscv64-unknown-elf/lib/rv32imac/ilp32/libc_nano.a(lib_a-findfp.o)
                0x0000000020402030                __sinit
 .text.__sfp    0x000000002040209a       0x9c /mnt/sata_data/qemu/FreedomStudio-4.18.0.2021-04-1-x86_64-linux-ubuntu14/SiFive/riscv64-unknown-elf-toolchain-10.2.0-2020.12.8/bin/../lib/gcc/riscv64-unknown-elf/10.2.0/../../../../riscv64-unknown-elf/lib/rv32imac/ilp32/libc_nano.a(lib_a-findfp.o)
                0x000000002040209a                __sfp
 .text._fwalk_reent
                0x0000000020402136       0x6a /mnt/sata_data/qemu/FreedomStudio-4.18.0.2021-04-1-x86_64-linux-ubuntu14/SiFive/riscv64-unknown-elf-toolchain-10.2.0-2020.12.8/bin/../lib/gcc/riscv64-unknown-elf/10.2.0/../../../../riscv64-unknown-elf/lib/rv32imac/ilp32/libc_nano.a(lib_a-fwalk.o)
                0x0000000020402136                _fwalk_reent
 .text.__swhatbuf_r
                0x00000000204021a0       0x5c /mnt/sata_data/qemu/FreedomStudio-4.18.0.2021-04-1-x86_64-linux-ubuntu14/SiFive/riscv64-unknown-elf-toolchain-10.2.0-2020.12.8/bin/../lib/gcc/riscv64-unknown-elf/10.2.0/../../../../riscv64-unknown-elf/lib/rv32imac/ilp32/libc_nano.a(lib_a-makebuf.o)
                0x00000000204021a0                __swhatbuf_r
 .text.__smakebuf_r
                0x00000000204021fc       0x9e /mnt/sata_data/qemu/FreedomStudio-4.18.0.2021-04-1-x86_64-linux-ubuntu14/SiFive/riscv64-unknown-elf-toolchain-10.2.0-2020.12.8/bin/../lib/gcc/riscv64-unknown-elf/10.2.0/../../../../riscv64-unknown-elf/lib/rv32imac/ilp32/libc_nano.a(lib_a-makebuf.o)
                0x00000000204021fc                __smakebuf_r
 .text.memchr   0x000000002040229a       0x1a /mnt/sata_data/qemu/FreedomStudio-4.18.0.2021-04-1-x86_64-linux-ubuntu14/SiFive/riscv64-unknown-elf-toolchain-10.2.0-2020.12.8/bin/../lib/gcc/riscv64-unknown-elf/10.2.0/../../../../riscv64-unknown-elf/lib/rv32imac/ilp32/libc_nano.a(lib_a-memchr.o)
                0x000000002040229a                memchr
 .text          0x00000000204022b4       0xa8 /mnt/sata_data/qemu/FreedomStudio-4.18.0.2021-04-1-x86_64-linux-ubuntu14/SiFive/riscv64-unknown-elf-toolchain-10.2.0-2020.12.8/bin/../lib/gcc/riscv64-unknown-elf/10.2.0/../../../../riscv64-unknown-elf/lib/rv32imac/ilp32/libc_nano.a(lib_a-memset.o)
                0x00000000204022b4                memset
 .text._free_r  0x000000002040235c       0xa6 /mnt/sata_data/qemu/FreedomStudio-4.18.0.2021-04-1-x86_64-linux-ubuntu14/SiFive/riscv64-unknown-elf-toolchain-10.2.0-2020.12.8/bin/../lib/gcc/riscv64-unknown-elf/10.2.0/../../../../riscv64-unknown-elf/lib/rv32imac/ilp32/libc_nano.a(lib_a-nano-freer.o)
                0x000000002040235c                _free_r
 .text._malloc_r
                0x0000000020402402       0xd8 /mnt/sata_data/qemu/FreedomStudio-4.18.0.2021-04-1-x86_64-linux-ubuntu14/SiFive/riscv64-unknown-elf-toolchain-10.2.0-2020.12.8/bin/../lib/gcc/riscv64-unknown-elf/10.2.0/../../../../riscv64-unknown-elf/lib/rv32imac/ilp32/libc_nano.a(lib_a-nano-mallocr.o)
                0x0000000020402402                _malloc_r
 .text._printf_common
                0x00000000204024da      0x10c /mnt/sata_data/qemu/FreedomStudio-4.18.0.2021-04-1-x86_64-linux-ubuntu14/SiFive/riscv64-unknown-elf-toolchain-10.2.0-2020.12.8/bin/../lib/gcc/riscv64-unknown-elf/10.2.0/../../../../riscv64-unknown-elf/lib/rv32imac/ilp32/libc_nano.a(lib_a-nano-vfprintf_i.o)
                0x00000000204024da                _printf_common
 .text._printf_i
                0x00000000204025e6      0x270 /mnt/sata_data/qemu/FreedomStudio-4.18.0.2021-04-1-x86_64-linux-ubuntu14/SiFive/riscv64-unknown-elf-toolchain-10.2.0-2020.12.8/bin/../lib/gcc/riscv64-unknown-elf/10.2.0/../../../../riscv64-unknown-elf/lib/rv32imac/ilp32/libc_nano.a(lib_a-nano-vfprintf_i.o)
                0x00000000204025e6                _printf_i
 .text._sbrk_r  0x0000000020402856       0x2e /mnt/sata_data/qemu/FreedomStudio-4.18.0.2021-04-1-x86_64-linux-ubuntu14/SiFive/riscv64-unknown-elf-toolchain-10.2.0-2020.12.8/bin/../lib/gcc/riscv64-unknown-elf/10.2.0/../../../../riscv64-unknown-elf/lib/rv32imac/ilp32/libc_nano.a(lib_a-sbrkr.o)
                0x0000000020402856                _sbrk_r
 .text._raise_r
                0x0000000020402884       0x62 /mnt/sata_data/qemu/FreedomStudio-4.18.0.2021-04-1-x86_64-linux-ubuntu14/SiFive/riscv64-unknown-elf-toolchain-10.2.0-2020.12.8/bin/../lib/gcc/riscv64-unknown-elf/10.2.0/../../../../riscv64-unknown-elf/lib/rv32imac/ilp32/libc_nano.a(lib_a-signal.o)
                0x0000000020402884                _raise_r
 .text.raise    0x00000000204028e6        0xc /mnt/sata_data/qemu/FreedomStudio-4.18.0.2021-04-1-x86_64-linux-ubuntu14/SiFive/riscv64-unknown-elf-toolchain-10.2.0-2020.12.8/bin/../lib/gcc/riscv64-unknown-elf/10.2.0/../../../../riscv64-unknown-elf/lib/rv32imac/ilp32/libc_nano.a(lib_a-signal.o)
                0x00000000204028e6                raise
 .text._kill_r  0x00000000204028f2       0x30 /mnt/sata_data/qemu/FreedomStudio-4.18.0.2021-04-1-x86_64-linux-ubuntu14/SiFive/riscv64-unknown-elf-toolchain-10.2.0-2020.12.8/bin/../lib/gcc/riscv64-unknown-elf/10.2.0/../../../../riscv64-unknown-elf/lib/rv32imac/ilp32/libc_nano.a(lib_a-signalr.o)
                0x00000000204028f2                _kill_r
 .text._getpid_r
                0x0000000020402922        0x2 /mnt/sata_data/qemu/FreedomStudio-4.18.0.2021-04-1-x86_64-linux-ubuntu14/SiFive/riscv64-unknown-elf-toolchain-10.2.0-2020.12.8/bin/../lib/gcc/riscv64-unknown-elf/10.2.0/../../../../riscv64-unknown-elf/lib/rv32imac/ilp32/libc_nano.a(lib_a-signalr.o)
                0x0000000020402922                _getpid_r
 .text.__sread  0x0000000020402924       0x30 /mnt/sata_data/qemu/FreedomStudio-4.18.0.2021-04-1-x86_64-linux-ubuntu14/SiFive/riscv64-unknown-elf-toolchain-10.2.0-2020.12.8/bin/../lib/gcc/riscv64-unknown-elf/10.2.0/../../../../riscv64-unknown-elf/lib/rv32imac/ilp32/libc_nano.a(lib_a-stdio.o)
                0x0000000020402924                __sread
 .text.__swrite
                0x0000000020402954       0x4e /mnt/sata_data/qemu/FreedomStudio-4.18.0.2021-04-1-x86_64-linux-ubuntu14/SiFive/riscv64-unknown-elf-toolchain-10.2.0-2020.12.8/bin/../lib/gcc/riscv64-unknown-elf/10.2.0/../../../../riscv64-unknown-elf/lib/rv32imac/ilp32/libc_nano.a(lib_a-stdio.o)
                0x0000000020402954                __swrite
 .text.__sseek  0x00000000204029a2       0x36 /mnt/sata_data/qemu/FreedomStudio-4.18.0.2021-04-1-x86_64-linux-ubuntu14/SiFive/riscv64-unknown-elf-toolchain-10.2.0-2020.12.8/bin/../lib/gcc/riscv64-unknown-elf/10.2.0/../../../../riscv64-unknown-elf/lib/rv32imac/ilp32/libc_nano.a(lib_a-stdio.o)
                0x00000000204029a2                __sseek
 .text.__sclose
                0x00000000204029d8        0x6 /mnt/sata_data/qemu/FreedomStudio-4.18.0.2021-04-1-x86_64-linux-ubuntu14/SiFive/riscv64-unknown-elf-toolchain-10.2.0-2020.12.8/bin/../lib/gcc/riscv64-unknown-elf/10.2.0/../../../../riscv64-unknown-elf/lib/rv32imac/ilp32/libc_nano.a(lib_a-stdio.o)
                0x00000000204029d8                __sclose
 .text._write_r
                0x00000000204029de       0x32 /mnt/sata_data/qemu/FreedomStudio-4.18.0.2021-04-1-x86_64-linux-ubuntu14/SiFive/riscv64-unknown-elf-toolchain-10.2.0-2020.12.8/bin/../lib/gcc/riscv64-unknown-elf/10.2.0/../../../../riscv64-unknown-elf/lib/rv32imac/ilp32/libc_nano.a(lib_a-writer.o)
                0x00000000204029de                _write_r
 .text._close_r
                0x0000000020402a10       0x2e /mnt/sata_data/qemu/FreedomStudio-4.18.0.2021-04-1-x86_64-linux-ubuntu14/SiFive/riscv64-unknown-elf-toolchain-10.2.0-2020.12.8/bin/../lib/gcc/riscv64-unknown-elf/10.2.0/../../../../riscv64-unknown-elf/lib/rv32imac/ilp32/libc_nano.a(lib_a-closer.o)
                0x0000000020402a10                _close_r
 .text._fstat_r
                0x0000000020402a3e       0x30 /mnt/sata_data/qemu/FreedomStudio-4.18.0.2021-04-1-x86_64-linux-ubuntu14/SiFive/riscv64-unknown-elf-toolchain-10.2.0-2020.12.8/bin/../lib/gcc/riscv64-unknown-elf/10.2.0/../../../../riscv64-unknown-elf/lib/rv32imac/ilp32/libc_nano.a(lib_a-fstatr.o)
                0x0000000020402a3e                _fstat_r
 .text._isatty_r
                0x0000000020402a6e       0x2e /mnt/sata_data/qemu/FreedomStudio-4.18.0.2021-04-1-x86_64-linux-ubuntu14/SiFive/riscv64-unknown-elf-toolchain-10.2.0-2020.12.8/bin/../lib/gcc/riscv64-unknown-elf/10.2.0/../../../../riscv64-unknown-elf/lib/rv32imac/ilp32/libc_nano.a(lib_a-isattyr.o)
                0x0000000020402a6e                _isatty_r
 .text._lseek_r
                0x0000000020402a9c       0x32 /mnt/sata_data/qemu/FreedomStudio-4.18.0.2021-04-1-x86_64-linux-ubuntu14/SiFive/riscv64-unknown-elf-toolchain-10.2.0-2020.12.8/bin/../lib/gcc/riscv64-unknown-elf/10.2.0/../../../../riscv64-unknown-elf/lib/rv32imac/ilp32/libc_nano.a(lib_a-lseekr.o)
                0x0000000020402a9c                _lseek_r
 .text.__malloc_lock
                0x0000000020402ace        0x2 /mnt/sata_data/qemu/FreedomStudio-4.18.0.2021-04-1-x86_64-linux-ubuntu14/SiFive/riscv64-unknown-elf-toolchain-10.2.0-2020.12.8/bin/../lib/gcc/riscv64-unknown-elf/10.2.0/../../../../riscv64-unknown-elf/lib/rv32imac/ilp32/libc_nano.a(lib_a-mlock.o)
                0x0000000020402ace                __malloc_lock
 .text.__malloc_unlock
                0x0000000020402ad0        0x2 /mnt/sata_data/qemu/FreedomStudio-4.18.0.2021-04-1-x86_64-linux-ubuntu14/SiFive/riscv64-unknown-elf-toolchain-10.2.0-2020.12.8/bin/../lib/gcc/riscv64-unknown-elf/10.2.0/../../../../riscv64-unknown-elf/lib/rv32imac/ilp32/libc_nano.a(lib_a-mlock.o)
                0x0000000020402ad0                __malloc_unlock
 .text._read_r  0x0000000020402ad2       0x32 /mnt/sata_data/qemu/FreedomStudio-4.18.0.2021-04-1-x86_64-linux-ubuntu14/SiFive/riscv64-unknown-elf-toolchain-10.2.0-2020.12.8/bin/../lib/gcc/riscv64-unknown-elf/10.2.0/../../../../riscv64-unknown-elf/lib/rv32imac/ilp32/libc_nano.a(lib_a-readr.o)
                0x0000000020402ad2                _read_r
 .text._close   0x0000000020402b04       0x22 /mnt/sata_data/qemu/freedom_wb/qemu_sifive_e31_sifive_welcome/bsp/install/lib/debug//libmetal-gloss.a(sys_close.o)
                0x0000000020402b04                _close
 .text._exit    0x0000000020402b26       0x12 /mnt/sata_data/qemu/freedom_wb/qemu_sifive_e31_sifive_welcome/bsp/install/lib/debug//libmetal-gloss.a(sys_exit.o)
                0x0000000020402b26                _exit
 .text._fstat   0x0000000020402b38       0x26 /mnt/sata_data/qemu/freedom_wb/qemu_sifive_e31_sifive_welcome/bsp/install/lib/debug//libmetal-gloss.a(sys_fstat.o)
                0x0000000020402b38                _fstat
 .text._getpid  0x0000000020402b5e       0x10 /mnt/sata_data/qemu/freedom_wb/qemu_sifive_e31_sifive_welcome/bsp/install/lib/debug//libmetal-gloss.a(sys_getpid.o)
                0x0000000020402b5e                _getpid
 .text._isatty  0x0000000020402b6e       0x20 /mnt/sata_data/qemu/freedom_wb/qemu_sifive_e31_sifive_welcome/bsp/install/lib/debug//libmetal-gloss.a(sys_isatty.o)
                0x0000000020402b6e                _isatty
 .text._kill    0x0000000020402b8e       0x26 /mnt/sata_data/qemu/freedom_wb/qemu_sifive_e31_sifive_welcome/bsp/install/lib/debug//libmetal-gloss.a(sys_kill.o)
                0x0000000020402b8e                _kill
 .text._lseek   0x0000000020402bb4       0x2a /mnt/sata_data/qemu/freedom_wb/qemu_sifive_e31_sifive_welcome/bsp/install/lib/debug//libmetal-gloss.a(sys_lseek.o)
                0x0000000020402bb4                _lseek
 .text._read    0x0000000020402bde       0x2a /mnt/sata_data/qemu/freedom_wb/qemu_sifive_e31_sifive_welcome/bsp/install/lib/debug//libmetal-gloss.a(sys_read.o)
                0x0000000020402bde                _read
 .text._sbrk    0x0000000020402c08       0x7e /mnt/sata_data/qemu/freedom_wb/qemu_sifive_e31_sifive_welcome/bsp/install/lib/debug//libmetal-gloss.a(sys_sbrk.o)
                0x0000000020402c08                _sbrk
 .text._write   0x0000000020402c86       0x6e /mnt/sata_data/qemu/freedom_wb/qemu_sifive_e31_sifive_welcome/bsp/install/lib/debug//libmetal-gloss.a(sys_write.o)
                0x0000000020402c86                write
                0x0000000020402c86                _write
 .text.atexit   0x0000000020402cf4        0xa /mnt/sata_data/qemu/FreedomStudio-4.18.0.2021-04-1-x86_64-linux-ubuntu14/SiFive/riscv64-unknown-elf-toolchain-10.2.0-2020.12.8/bin/../lib/gcc/riscv64-unknown-elf/10.2.0/../../../../riscv64-unknown-elf/lib/rv32imac/ilp32/libc_nano.a(lib_a-atexit.o)
                0x0000000020402cf4                atexit
 .text.__errno  0x0000000020402cfe        0xa /mnt/sata_data/qemu/FreedomStudio-4.18.0.2021-04-1-x86_64-linux-ubuntu14/SiFive/riscv64-unknown-elf-toolchain-10.2.0-2020.12.8/bin/../lib/gcc/riscv64-unknown-elf/10.2.0/../../../../riscv64-unknown-elf/lib/rv32imac/ilp32/libc_nano.a(lib_a-errno.o)
                0x0000000020402cfe                __errno
 .text.exit     0x0000000020402d08       0x28 /mnt/sata_data/qemu/FreedomStudio-4.18.0.2021-04-1-x86_64-linux-ubuntu14/SiFive/riscv64-unknown-elf-toolchain-10.2.0-2020.12.8/bin/../lib/gcc/riscv64-unknown-elf/10.2.0/../../../../riscv64-unknown-elf/lib/rv32imac/ilp32/libc_nano.a(lib_a-exit.o)
                0x0000000020402d08                exit
 .text.__libc_fini_array
                0x0000000020402d30       0x36 /mnt/sata_data/qemu/FreedomStudio-4.18.0.2021-04-1-x86_64-linux-ubuntu14/SiFive/riscv64-unknown-elf-toolchain-10.2.0-2020.12.8/bin/../lib/gcc/riscv64-unknown-elf/10.2.0/../../../../riscv64-unknown-elf/lib/rv32imac/ilp32/libc_nano.a(lib_a-fini.o)
                0x0000000020402d30                __libc_fini_array
 .text.__libc_init_array
                0x0000000020402d66       0x5e /mnt/sata_data/qemu/FreedomStudio-4.18.0.2021-04-1-x86_64-linux-ubuntu14/SiFive/riscv64-unknown-elf-toolchain-10.2.0-2020.12.8/bin/../lib/gcc/riscv64-unknown-elf/10.2.0/../../../../riscv64-unknown-elf/lib/rv32imac/ilp32/libc_nano.a(lib_a-init.o)
                0x0000000020402d66                __libc_init_array
 .text.__register_exitproc
                0x0000000020402dc4       0x7c /mnt/sata_data/qemu/FreedomStudio-4.18.0.2021-04-1-x86_64-linux-ubuntu14/SiFive/riscv64-unknown-elf-toolchain-10.2.0-2020.12.8/bin/../lib/gcc/riscv64-unknown-elf/10.2.0/../../../../riscv64-unknown-elf/lib/rv32imac/ilp32/libc_nano.a(lib_a-__atexit.o)
                0x0000000020402dc4                __register_exitproc
 .text.__call_exitprocs
                0x0000000020402e40       0xc8 /mnt/sata_data/qemu/FreedomStudio-4.18.0.2021-04-1-x86_64-linux-ubuntu14/SiFive/riscv64-unknown-elf-toolchain-10.2.0-2020.12.8/bin/../lib/gcc/riscv64-unknown-elf/10.2.0/../../../../riscv64-unknown-elf/lib/rv32imac/ilp32/libc_nano.a(lib_a-__call_atexit.o)
                0x0000000020402e40                __call_exitprocs
 .text.metal_init
                0x0000000020402f08       0x78 /mnt/sata_data/qemu/freedom_wb/qemu_sifive_e31_sifive_welcome/bsp/install/lib/debug//libmetal.a(init.o)
                0x0000000020402f08                metal_init
 .text.metal_fini
                0x0000000020402f80       0x78 /mnt/sata_data/qemu/freedom_wb/qemu_sifive_e31_sifive_welcome/bsp/install/lib/debug//libmetal.a(init.o)
                0x0000000020402f80                metal_fini
 .text.metal_init_run
                0x0000000020402ff8       0x14 /mnt/sata_data/qemu/freedom_wb/qemu_sifive_e31_sifive_welcome/bsp/install/lib/debug//libmetal.a(init.o)
                0x0000000020402ff8                metal_init_run
 .text.metal_fini_run
                0x000000002040300c       0x14 /mnt/sata_data/qemu/freedom_wb/qemu_sifive_e31_sifive_welcome/bsp/install/lib/debug//libmetal.a(init.o)
                0x000000002040300c                metal_fini_run
 .text.__metal_shutdown_exit
                0x0000000020403020       0x22 /mnt/sata_data/qemu/freedom_wb/qemu_sifive_e31_sifive_welcome/bsp/install/lib/debug//libmetal.a(shutdown.o)
                0x0000000020403020                __metal_shutdown_exit
 .text.metal_shutdown
                0x0000000020403042       0x16 /mnt/sata_data/qemu/freedom_wb/qemu_sifive_e31_sifive_welcome/bsp/install/lib/debug//libmetal.a(shutdown.o)
                0x0000000020403042                metal_shutdown
 .text.metal_tty_putc
                0x0000000020403058       0x26 /mnt/sata_data/qemu/freedom_wb/qemu_sifive_e31_sifive_welcome/bsp/install/lib/debug//libmetal.a(tty.o)
                0x0000000020403058                metal_tty_putc
 .text.metal_uart_init
                0x000000002040307e       0x2c /mnt/sata_data/qemu/freedom_wb/qemu_sifive_e31_sifive_welcome/bsp/install/lib/debug//libmetal.a(uart.o)
                0x000000002040307e                metal_uart_init
 .text.metal_uart_putc
                0x00000000204030aa       0x2e /mnt/sata_data/qemu/freedom_wb/qemu_sifive_e31_sifive_welcome/bsp/install/lib/debug//libmetal.a(uart.o)
                0x00000000204030aa                metal_uart_putc
 .text.metal_uart_set_baud_rate
                0x00000000204030d8       0x2e /mnt/sata_data/qemu/freedom_wb/qemu_sifive_e31_sifive_welcome/bsp/install/lib/debug//libmetal.a(uart.o)
                0x00000000204030d8                metal_uart_set_baud_rate
 .text.__metal_driver_sifive_clint0_control_base
                0x0000000020403106       0x2a /mnt/sata_data/qemu/freedom_wb/qemu_sifive_e31_sifive_welcome/bsp/install/lib/debug//libmetal.a(riscv_clint0.o)
 .text.__metal_driver_sifive_clint0_num_interrupts
                0x0000000020403130       0x28 /mnt/sata_data/qemu/freedom_wb/qemu_sifive_e31_sifive_welcome/bsp/install/lib/debug//libmetal.a(riscv_clint0.o)
 .text.__metal_driver_sifive_clint0_interrupt_parents
                0x0000000020403158       0x3c /mnt/sata_data/qemu/freedom_wb/qemu_sifive_e31_sifive_welcome/bsp/install/lib/debug//libmetal.a(riscv_clint0.o)
 .text.__metal_driver_sifive_clint0_interrupt_lines
                0x0000000020403194       0x30 /mnt/sata_data/qemu/freedom_wb/qemu_sifive_e31_sifive_welcome/bsp/install/lib/debug//libmetal.a(riscv_clint0.o)
 .text.__metal_clint0_mtime_get
                0x00000000204031c4       0x9a /mnt/sata_data/qemu/freedom_wb/qemu_sifive_e31_sifive_welcome/bsp/install/lib/debug//libmetal.a(riscv_clint0.o)
                0x00000000204031c4                __metal_clint0_mtime_get
 .text.__metal_driver_riscv_clint0_mtimecmp_set
                0x000000002040325e       0x96 /mnt/sata_data/qemu/freedom_wb/qemu_sifive_e31_sifive_welcome/bsp/install/lib/debug//libmetal.a(riscv_clint0.o)
                0x000000002040325e                __metal_driver_riscv_clint0_mtimecmp_set
 .text._get_cpu_intc
                0x00000000204032f4       0x36 /mnt/sata_data/qemu/freedom_wb/qemu_sifive_e31_sifive_welcome/bsp/install/lib/debug//libmetal.a(riscv_clint0.o)
 .text.__metal_driver_riscv_clint0_init
                0x000000002040332a       0x88 /mnt/sata_data/qemu/freedom_wb/qemu_sifive_e31_sifive_welcome/bsp/install/lib/debug//libmetal.a(riscv_clint0.o)
                0x000000002040332a                __metal_driver_riscv_clint0_init
 .text.__metal_driver_riscv_clint0_register
                0x00000000204033b2       0xda /mnt/sata_data/qemu/freedom_wb/qemu_sifive_e31_sifive_welcome/bsp/install/lib/debug//libmetal.a(riscv_clint0.o)
                0x00000000204033b2                __metal_driver_riscv_clint0_register
 .text.__metal_driver_riscv_clint0_vector_register
                0x000000002040348c       0x28 /mnt/sata_data/qemu/freedom_wb/qemu_sifive_e31_sifive_welcome/bsp/install/lib/debug//libmetal.a(riscv_clint0.o)
                0x000000002040348c                __metal_driver_riscv_clint0_vector_register
 .text.__metal_driver_riscv_clint0_get_vector_mode
                0x00000000204034b4       0x1c /mnt/sata_data/qemu/freedom_wb/qemu_sifive_e31_sifive_welcome/bsp/install/lib/debug//libmetal.a(riscv_clint0.o)
                0x00000000204034b4                __metal_driver_riscv_clint0_get_vector_mode
 .text.__metal_driver_riscv_clint0_set_vector_mode
                0x00000000204034d0       0x58 /mnt/sata_data/qemu/freedom_wb/qemu_sifive_e31_sifive_welcome/bsp/install/lib/debug//libmetal.a(riscv_clint0.o)
                0x00000000204034d0                __metal_driver_riscv_clint0_set_vector_mode
 .text.__metal_driver_riscv_clint0_enable
                0x0000000020403528       0xb2 /mnt/sata_data/qemu/freedom_wb/qemu_sifive_e31_sifive_welcome/bsp/install/lib/debug//libmetal.a(riscv_clint0.o)
                0x0000000020403528                __metal_driver_riscv_clint0_enable
 .text.__metal_driver_riscv_clint0_disable
                0x00000000204035da       0xb6 /mnt/sata_data/qemu/freedom_wb/qemu_sifive_e31_sifive_welcome/bsp/install/lib/debug//libmetal.a(riscv_clint0.o)
                0x00000000204035da                __metal_driver_riscv_clint0_disable
 .text.__metal_driver_riscv_clint0_command_request
                0x0000000020403690      0x140 /mnt/sata_data/qemu/freedom_wb/qemu_sifive_e31_sifive_welcome/bsp/install/lib/debug//libmetal.a(riscv_clint0.o)
                0x0000000020403690                __metal_driver_riscv_clint0_command_request
 .text.__metal_driver_riscv_clint0_clear_interrupt
                0x00000000204037d0       0x34 /mnt/sata_data/qemu/freedom_wb/qemu_sifive_e31_sifive_welcome/bsp/install/lib/debug//libmetal.a(riscv_clint0.o)
                0x00000000204037d0                __metal_driver_riscv_clint0_clear_interrupt
 .text.__metal_driver_riscv_clint0_set_interrupt
                0x0000000020403804       0x34 /mnt/sata_data/qemu/freedom_wb/qemu_sifive_e31_sifive_welcome/bsp/install/lib/debug//libmetal.a(riscv_clint0.o)
                0x0000000020403804                __metal_driver_riscv_clint0_set_interrupt
 .text.__metal_driver_cpu_hartid
                0x0000000020403838       0x24 /mnt/sata_data/qemu/freedom_wb/qemu_sifive_e31_sifive_welcome/bsp/install/lib/debug//libmetal.a(riscv_cpu.o)
 .text.__metal_driver_cpu_timebase
                0x000000002040385c       0x2a /mnt/sata_data/qemu/freedom_wb/qemu_sifive_e31_sifive_welcome/bsp/install/lib/debug//libmetal.a(riscv_cpu.o)
 .text.__metal_driver_cpu_interrupt_controller
                0x0000000020403886       0x2a /mnt/sata_data/qemu/freedom_wb/qemu_sifive_e31_sifive_welcome/bsp/install/lib/debug//libmetal.a(riscv_cpu.o)
 .text.__metal_driver_cpu_buserror
                0x00000000204038b0       0x24 /mnt/sata_data/qemu/freedom_wb/qemu_sifive_e31_sifive_welcome/bsp/install/lib/debug//libmetal.a(riscv_cpu.o)
 .text.__metal_driver_cpu_get
                0x00000000204038d4       0x30 /mnt/sata_data/qemu/freedom_wb/qemu_sifive_e31_sifive_welcome/bsp/install/lib/debug//libmetal.a(riscv_cpu.o)
                0x00000000204038d4                __metal_driver_cpu_get
 .text.__metal_myhart_id
                0x0000000020403904       0x1a /mnt/sata_data/qemu/freedom_wb/qemu_sifive_e31_sifive_welcome/bsp/install/lib/debug//libmetal.a(riscv_cpu.o)
                0x0000000020403904                __metal_myhart_id
 .text.__metal_interrupt_global_enable
                0x000000002040391e       0x18 /mnt/sata_data/qemu/freedom_wb/qemu_sifive_e31_sifive_welcome/bsp/install/lib/debug//libmetal.a(riscv_cpu.o)
                0x000000002040391e                __metal_interrupt_global_enable
 .text.__metal_interrupt_global_disable
                0x0000000020403936       0x18 /mnt/sata_data/qemu/freedom_wb/qemu_sifive_e31_sifive_welcome/bsp/install/lib/debug//libmetal.a(riscv_cpu.o)
                0x0000000020403936                __metal_interrupt_global_disable
 .text.__metal_interrupt_software_enable
                0x000000002040394e       0x18 /mnt/sata_data/qemu/freedom_wb/qemu_sifive_e31_sifive_welcome/bsp/install/lib/debug//libmetal.a(riscv_cpu.o)
                0x000000002040394e                __metal_interrupt_software_enable
 .text.__metal_interrupt_software_disable
                0x0000000020403966       0x18 /mnt/sata_data/qemu/freedom_wb/qemu_sifive_e31_sifive_welcome/bsp/install/lib/debug//libmetal.a(riscv_cpu.o)
                0x0000000020403966                __metal_interrupt_software_disable
 .text.__metal_interrupt_timer_enable
                0x000000002040397e       0x1a /mnt/sata_data/qemu/freedom_wb/qemu_sifive_e31_sifive_welcome/bsp/install/lib/debug//libmetal.a(riscv_cpu.o)
                0x000000002040397e                __metal_interrupt_timer_enable
 .text.__metal_interrupt_timer_disable
                0x0000000020403998       0x1a /mnt/sata_data/qemu/freedom_wb/qemu_sifive_e31_sifive_welcome/bsp/install/lib/debug//libmetal.a(riscv_cpu.o)
                0x0000000020403998                __metal_interrupt_timer_disable
 .text.__metal_interrupt_external_enable
                0x00000000204039b2       0x1c /mnt/sata_data/qemu/freedom_wb/qemu_sifive_e31_sifive_welcome/bsp/install/lib/debug//libmetal.a(riscv_cpu.o)
                0x00000000204039b2                __metal_interrupt_external_enable
 .text.__metal_interrupt_external_disable
                0x00000000204039ce       0x1c /mnt/sata_data/qemu/freedom_wb/qemu_sifive_e31_sifive_welcome/bsp/install/lib/debug//libmetal.a(riscv_cpu.o)
                0x00000000204039ce                __metal_interrupt_external_disable
 .text.__metal_interrupt_local_enable
                0x00000000204039ea       0x2c /mnt/sata_data/qemu/freedom_wb/qemu_sifive_e31_sifive_welcome/bsp/install/lib/debug//libmetal.a(riscv_cpu.o)
                0x00000000204039ea                __metal_interrupt_local_enable
 .text.__metal_interrupt_local_disable
                0x0000000020403a16       0x2c /mnt/sata_data/qemu/freedom_wb/qemu_sifive_e31_sifive_welcome/bsp/install/lib/debug//libmetal.a(riscv_cpu.o)
                0x0000000020403a16                __metal_interrupt_local_disable
 .text.__metal_default_exception_handler
                0x0000000020403a42       0x18 /mnt/sata_data/qemu/freedom_wb/qemu_sifive_e31_sifive_welcome/bsp/install/lib/debug//libmetal.a(riscv_cpu.o)
                0x0000000020403a42                __metal_default_exception_handler
 .text.__metal_default_interrupt_handler
                0x0000000020403a5a       0x18 /mnt/sata_data/qemu/freedom_wb/qemu_sifive_e31_sifive_welcome/bsp/install/lib/debug//libmetal.a(riscv_cpu.o)
                0x0000000020403a5a                __metal_default_interrupt_handler
 .text.metal_interrupt_vector_handler
                0x0000000020403a72       0x2e /mnt/sata_data/qemu/freedom_wb/qemu_sifive_e31_sifive_welcome/bsp/install/lib/debug//libmetal.a(riscv_cpu.o)
                0x0000000020403a72                metal_interrupt_vector_handler
 .text.metal_software_interrupt_vector_handler
                0x0000000020403aa0       0x92 /mnt/sata_data/qemu/freedom_wb/qemu_sifive_e31_sifive_welcome/bsp/install/lib/debug//libmetal.a(riscv_cpu.o)
                0x0000000020403aa0                metal_software_interrupt_vector_handler
 .text.__metal_default_sw_handler
                0x0000000020403b32       0x68 /mnt/sata_data/qemu/freedom_wb/qemu_sifive_e31_sifive_welcome/bsp/install/lib/debug//libmetal.a(riscv_cpu.o)
                0x0000000020403b32                __metal_default_sw_handler
 .text.metal_timer_interrupt_vector_handler
                0x0000000020403b9a       0x92 /mnt/sata_data/qemu/freedom_wb/qemu_sifive_e31_sifive_welcome/bsp/install/lib/debug//libmetal.a(riscv_cpu.o)
                0x0000000020403b9a                metal_timer_interrupt_vector_handler
 .text.__metal_default_beu_handler
                0x0000000020403c2c       0x16 /mnt/sata_data/qemu/freedom_wb/qemu_sifive_e31_sifive_welcome/bsp/install/lib/debug//libmetal.a(riscv_cpu.o)
                0x0000000020403c2c                __metal_default_beu_handler
 .text.__metal_default_timer_handler
                0x0000000020403c42       0x66 /mnt/sata_data/qemu/freedom_wb/qemu_sifive_e31_sifive_welcome/bsp/install/lib/debug//libmetal.a(riscv_cpu.o)
                0x0000000020403c42                __metal_default_timer_handler
 *fill*         0x0000000020403ca8       0x58 
 .text.__metal_exception_handler
                0x0000000020403d00      0x1fa /mnt/sata_data/qemu/freedom_wb/qemu_sifive_e31_sifive_welcome/bsp/install/lib/debug//libmetal.a(riscv_cpu.o)
                0x0000000020403d00                __metal_exception_handler
 .text.metal_lc0_interrupt_vector_handler
                0x0000000020403efa       0x96 /mnt/sata_data/qemu/freedom_wb/qemu_sifive_e31_sifive_welcome/bsp/install/lib/debug//libmetal.a(riscv_cpu.o)
                0x0000000020403efa                metal_lc0_interrupt_vector_handler
 .text.metal_lc1_interrupt_vector_handler
                0x0000000020403f90       0x96 /mnt/sata_data/qemu/freedom_wb/qemu_sifive_e31_sifive_welcome/bsp/install/lib/debug//libmetal.a(riscv_cpu.o)
                0x0000000020403f90                metal_lc1_interrupt_vector_handler
 .text.metal_lc2_interrupt_vector_handler
                0x0000000020404026       0x96 /mnt/sata_data/qemu/freedom_wb/qemu_sifive_e31_sifive_welcome/bsp/install/lib/debug//libmetal.a(riscv_cpu.o)
                0x0000000020404026                metal_lc2_interrupt_vector_handler
 .text.metal_lc3_interrupt_vector_handler
                0x00000000204040bc       0x96 /mnt/sata_data/qemu/freedom_wb/qemu_sifive_e31_sifive_welcome/bsp/install/lib/debug//libmetal.a(riscv_cpu.o)
                0x00000000204040bc                metal_lc3_interrupt_vector_handler
 .text.metal_lc4_interrupt_vector_handler
                0x0000000020404152       0x96 /mnt/sata_data/qemu/freedom_wb/qemu_sifive_e31_sifive_welcome/bsp/install/lib/debug//libmetal.a(riscv_cpu.o)
                0x0000000020404152                metal_lc4_interrupt_vector_handler
 .text.metal_lc5_interrupt_vector_handler
                0x00000000204041e8       0x96 /mnt/sata_data/qemu/freedom_wb/qemu_sifive_e31_sifive_welcome/bsp/install/lib/debug//libmetal.a(riscv_cpu.o)
                0x00000000204041e8                metal_lc5_interrupt_vector_handler
 .text.metal_lc6_interrupt_vector_handler
                0x000000002040427e       0x96 /mnt/sata_data/qemu/freedom_wb/qemu_sifive_e31_sifive_welcome/bsp/install/lib/debug//libmetal.a(riscv_cpu.o)
                0x000000002040427e                metal_lc6_interrupt_vector_handler
 .text.metal_lc7_interrupt_vector_handler
                0x0000000020404314       0x96 /mnt/sata_data/qemu/freedom_wb/qemu_sifive_e31_sifive_welcome/bsp/install/lib/debug//libmetal.a(riscv_cpu.o)
                0x0000000020404314                metal_lc7_interrupt_vector_handler
 .text.metal_lc8_interrupt_vector_handler
                0x00000000204043aa       0x96 /mnt/sata_data/qemu/freedom_wb/qemu_sifive_e31_sifive_welcome/bsp/install/lib/debug//libmetal.a(riscv_cpu.o)
                0x00000000204043aa                metal_lc8_interrupt_vector_handler
 .text.metal_lc9_interrupt_vector_handler
                0x0000000020404440       0x96 /mnt/sata_data/qemu/freedom_wb/qemu_sifive_e31_sifive_welcome/bsp/install/lib/debug//libmetal.a(riscv_cpu.o)
                0x0000000020404440                metal_lc9_interrupt_vector_handler
 .text.metal_lc10_interrupt_vector_handler
                0x00000000204044d6       0x96 /mnt/sata_data/qemu/freedom_wb/qemu_sifive_e31_sifive_welcome/bsp/install/lib/debug//libmetal.a(riscv_cpu.o)
                0x00000000204044d6                metal_lc10_interrupt_vector_handler
 .text.metal_lc11_interrupt_vector_handler
                0x000000002040456c       0x96 /mnt/sata_data/qemu/freedom_wb/qemu_sifive_e31_sifive_welcome/bsp/install/lib/debug//libmetal.a(riscv_cpu.o)
                0x000000002040456c                metal_lc11_interrupt_vector_handler
 .text.metal_lc12_interrupt_vector_handler
                0x0000000020404602       0x96 /mnt/sata_data/qemu/freedom_wb/qemu_sifive_e31_sifive_welcome/bsp/install/lib/debug//libmetal.a(riscv_cpu.o)
                0x0000000020404602                metal_lc12_interrupt_vector_handler
 .text.metal_lc13_interrupt_vector_handler
                0x0000000020404698       0x96 /mnt/sata_data/qemu/freedom_wb/qemu_sifive_e31_sifive_welcome/bsp/install/lib/debug//libmetal.a(riscv_cpu.o)
                0x0000000020404698                metal_lc13_interrupt_vector_handler
 .text.metal_lc14_interrupt_vector_handler
                0x000000002040472e       0x96 /mnt/sata_data/qemu/freedom_wb/qemu_sifive_e31_sifive_welcome/bsp/install/lib/debug//libmetal.a(riscv_cpu.o)
                0x000000002040472e                metal_lc14_interrupt_vector_handler
 .text.metal_lc15_interrupt_vector_handler
                0x00000000204047c4       0x96 /mnt/sata_data/qemu/freedom_wb/qemu_sifive_e31_sifive_welcome/bsp/install/lib/debug//libmetal.a(riscv_cpu.o)
                0x00000000204047c4                metal_lc15_interrupt_vector_handler
 .text.__metal_controller_interrupt_vector_mode
                0x000000002040485a       0x58 /mnt/sata_data/qemu/freedom_wb/qemu_sifive_e31_sifive_welcome/bsp/install/lib/debug//libmetal.a(riscv_cpu.o)
                0x000000002040485a                __metal_controller_interrupt_vector_mode
 .text.__metal_controller_interrupt_vector
                0x00000000204048b2       0xb2 /mnt/sata_data/qemu/freedom_wb/qemu_sifive_e31_sifive_welcome/bsp/install/lib/debug//libmetal.a(riscv_cpu.o)
                0x00000000204048b2                __metal_controller_interrupt_vector
 .text.__metal_valid_interrupt_id
                0x0000000020404964       0x58 /mnt/sata_data/qemu/freedom_wb/qemu_sifive_e31_sifive_welcome/bsp/install/lib/debug//libmetal.a(riscv_cpu.o)
                0x0000000020404964                __metal_valid_interrupt_id
 .text.__metal_local_interrupt_enable
                0x00000000204049bc       0xbc /mnt/sata_data/qemu/freedom_wb/qemu_sifive_e31_sifive_welcome/bsp/install/lib/debug//libmetal.a(riscv_cpu.o)
                0x00000000204049bc                __metal_local_interrupt_enable
 .text.__metal_exception_register
                0x0000000020404a78       0x4e /mnt/sata_data/qemu/freedom_wb/qemu_sifive_e31_sifive_welcome/bsp/install/lib/debug//libmetal.a(riscv_cpu.o)
                0x0000000020404a78                __metal_exception_register
 .text.__metal_driver_riscv_cpu_controller_interrupt_init
                0x0000000020404ac6       0xe2 /mnt/sata_data/qemu/freedom_wb/qemu_sifive_e31_sifive_welcome/bsp/install/lib/debug//libmetal.a(riscv_cpu.o)
                0x0000000020404ac6                __metal_driver_riscv_cpu_controller_interrupt_init
 .text.__metal_driver_riscv_cpu_controller_interrupt_register
                0x0000000020404ba8      0x1e0 /mnt/sata_data/qemu/freedom_wb/qemu_sifive_e31_sifive_welcome/bsp/install/lib/debug//libmetal.a(riscv_cpu.o)
                0x0000000020404ba8                __metal_driver_riscv_cpu_controller_interrupt_register
 .text.__metal_driver_riscv_cpu_controller_interrupt_enable
                0x0000000020404d88       0x2c /mnt/sata_data/qemu/freedom_wb/qemu_sifive_e31_sifive_welcome/bsp/install/lib/debug//libmetal.a(riscv_cpu.o)
                0x0000000020404d88                __metal_driver_riscv_cpu_controller_interrupt_enable
 .text.__metal_driver_riscv_cpu_controller_interrupt_disable
                0x0000000020404db4       0x2c /mnt/sata_data/qemu/freedom_wb/qemu_sifive_e31_sifive_welcome/bsp/install/lib/debug//libmetal.a(riscv_cpu.o)
                0x0000000020404db4                __metal_driver_riscv_cpu_controller_interrupt_disable
 .text.__metal_driver_riscv_cpu_controller_get_vector_mode
                0x0000000020404de0       0x1c /mnt/sata_data/qemu/freedom_wb/qemu_sifive_e31_sifive_welcome/bsp/install/lib/debug//libmetal.a(riscv_cpu.o)
                0x0000000020404de0                __metal_driver_riscv_cpu_controller_get_vector_mode
 .text.__metal_driver_riscv_cpu_controller_set_vector_mode
                0x0000000020404dfc       0x54 /mnt/sata_data/qemu/freedom_wb/qemu_sifive_e31_sifive_welcome/bsp/install/lib/debug//libmetal.a(riscv_cpu.o)
                0x0000000020404dfc                __metal_driver_riscv_cpu_controller_set_vector_mode
 .text.__metal_driver_riscv_cpu_controller_command_request
                0x0000000020404e50       0x1c /mnt/sata_data/qemu/freedom_wb/qemu_sifive_e31_sifive_welcome/bsp/install/lib/debug//libmetal.a(riscv_cpu.o)
                0x0000000020404e50                __metal_driver_riscv_cpu_controller_command_request
 .text.__metal_driver_cpu_mcycle_get
                0x0000000020404e6c       0x70 /mnt/sata_data/qemu/freedom_wb/qemu_sifive_e31_sifive_welcome/bsp/install/lib/debug//libmetal.a(riscv_cpu.o)
                0x0000000020404e6c                __metal_driver_cpu_mcycle_get
 .text.__metal_driver_cpu_timebase_get
                0x0000000020404edc       0x46 /mnt/sata_data/qemu/freedom_wb/qemu_sifive_e31_sifive_welcome/bsp/install/lib/debug//libmetal.a(riscv_cpu.o)
                0x0000000020404edc                __metal_driver_cpu_timebase_get
 .text.__metal_driver_cpu_mtime_get
                0x0000000020404f22       0x66 /mnt/sata_data/qemu/freedom_wb/qemu_sifive_e31_sifive_welcome/bsp/install/lib/debug//libmetal.a(riscv_cpu.o)
                0x0000000020404f22                __metal_driver_cpu_mtime_get
 .text.__metal_driver_cpu_mtimecmp_set
                0x0000000020404f88       0x76 /mnt/sata_data/qemu/freedom_wb/qemu_sifive_e31_sifive_welcome/bsp/install/lib/debug//libmetal.a(riscv_cpu.o)
                0x0000000020404f88                __metal_driver_cpu_mtimecmp_set
 .text.__metal_driver_cpu_timer_controller_interrupt
                0x0000000020404ffe       0x1a /mnt/sata_data/qemu/freedom_wb/qemu_sifive_e31_sifive_welcome/bsp/install/lib/debug//libmetal.a(riscv_cpu.o)
                0x0000000020404ffe                __metal_driver_cpu_timer_controller_interrupt
 .text.__metal_driver_cpu_get_timer_interrupt_id
                0x0000000020405018       0x14 /mnt/sata_data/qemu/freedom_wb/qemu_sifive_e31_sifive_welcome/bsp/install/lib/debug//libmetal.a(riscv_cpu.o)
                0x0000000020405018                __metal_driver_cpu_get_timer_interrupt_id
 .text.__metal_driver_cpu_sw_controller_interrupt
                0x000000002040502c       0x1a /mnt/sata_data/qemu/freedom_wb/qemu_sifive_e31_sifive_welcome/bsp/install/lib/debug//libmetal.a(riscv_cpu.o)
                0x000000002040502c                __metal_driver_cpu_sw_controller_interrupt
 .text.__metal_driver_cpu_get_sw_interrupt_id
                0x0000000020405046       0x14 /mnt/sata_data/qemu/freedom_wb/qemu_sifive_e31_sifive_welcome/bsp/install/lib/debug//libmetal.a(riscv_cpu.o)
                0x0000000020405046                __metal_driver_cpu_get_sw_interrupt_id
 .text.__metal_driver_cpu_set_sw_ipi
                0x000000002040505a       0x62 /mnt/sata_data/qemu/freedom_wb/qemu_sifive_e31_sifive_welcome/bsp/install/lib/debug//libmetal.a(riscv_cpu.o)
                0x000000002040505a                __metal_driver_cpu_set_sw_ipi
 .text.__metal_driver_cpu_clear_sw_ipi
                0x00000000204050bc       0x62 /mnt/sata_data/qemu/freedom_wb/qemu_sifive_e31_sifive_welcome/bsp/install/lib/debug//libmetal.a(riscv_cpu.o)
                0x00000000204050bc                __metal_driver_cpu_clear_sw_ipi
 .text.__metal_driver_cpu_get_msip
                0x000000002040511e       0x60 /mnt/sata_data/qemu/freedom_wb/qemu_sifive_e31_sifive_welcome/bsp/install/lib/debug//libmetal.a(riscv_cpu.o)
                0x000000002040511e                __metal_driver_cpu_get_msip
 .text.__metal_driver_cpu_controller_interrupt
                0x000000002040517e       0x20 /mnt/sata_data/qemu/freedom_wb/qemu_sifive_e31_sifive_welcome/bsp/install/lib/debug//libmetal.a(riscv_cpu.o)
                0x000000002040517e                __metal_driver_cpu_controller_interrupt
 .text.__metal_driver_cpu_exception_register
                0x000000002040519e       0x46 /mnt/sata_data/qemu/freedom_wb/qemu_sifive_e31_sifive_welcome/bsp/install/lib/debug//libmetal.a(riscv_cpu.o)
                0x000000002040519e                __metal_driver_cpu_exception_register
 .text.__metal_driver_cpu_get_instruction_length
                0x00000000204051e4       0x2e /mnt/sata_data/qemu/freedom_wb/qemu_sifive_e31_sifive_welcome/bsp/install/lib/debug//libmetal.a(riscv_cpu.o)
                0x00000000204051e4                __metal_driver_cpu_get_instruction_length
 .text.__metal_driver_cpu_get_exception_pc
                0x0000000020405212       0x1e /mnt/sata_data/qemu/freedom_wb/qemu_sifive_e31_sifive_welcome/bsp/install/lib/debug//libmetal.a(riscv_cpu.o)
                0x0000000020405212                __metal_driver_cpu_get_exception_pc
 .text.__metal_driver_cpu_set_exception_pc
                0x0000000020405230       0x20 /mnt/sata_data/qemu/freedom_wb/qemu_sifive_e31_sifive_welcome/bsp/install/lib/debug//libmetal.a(riscv_cpu.o)
                0x0000000020405230                __metal_driver_cpu_set_exception_pc
 .text.__metal_driver_cpu_get_buserror
                0x0000000020405250       0x20 /mnt/sata_data/qemu/freedom_wb/qemu_sifive_e31_sifive_welcome/bsp/install/lib/debug//libmetal.a(riscv_cpu.o)
                0x0000000020405250                __metal_driver_cpu_get_buserror
 .text.__metal_driver_sifive_plic0_control_base
                0x0000000020405270       0x2a /mnt/sata_data/qemu/freedom_wb/qemu_sifive_e31_sifive_welcome/bsp/install/lib/debug//libmetal.a(riscv_plic0.o)
 .text.__metal_driver_sifive_plic0_num_interrupts
                0x000000002040529a       0x28 /mnt/sata_data/qemu/freedom_wb/qemu_sifive_e31_sifive_welcome/bsp/install/lib/debug//libmetal.a(riscv_plic0.o)
 .text.__metal_driver_sifive_plic0_max_priority
                0x00000000204052c2       0x28 /mnt/sata_data/qemu/freedom_wb/qemu_sifive_e31_sifive_welcome/bsp/install/lib/debug//libmetal.a(riscv_plic0.o)
 .text.__metal_driver_sifive_plic0_interrupt_parents
                0x00000000204052ea       0x28 /mnt/sata_data/qemu/freedom_wb/qemu_sifive_e31_sifive_welcome/bsp/install/lib/debug//libmetal.a(riscv_plic0.o)
 .text.__metal_driver_sifive_plic0_interrupt_lines
                0x0000000020405312       0x22 /mnt/sata_data/qemu/freedom_wb/qemu_sifive_e31_sifive_welcome/bsp/install/lib/debug//libmetal.a(riscv_plic0.o)
 .text.__metal_driver_sifive_plic0_context_ids
                0x0000000020405334       0x1e /mnt/sata_data/qemu/freedom_wb/qemu_sifive_e31_sifive_welcome/bsp/install/lib/debug//libmetal.a(riscv_plic0.o)
 .text.__metal_plic0_claim_interrupt
                0x0000000020405352       0x3c /mnt/sata_data/qemu/freedom_wb/qemu_sifive_e31_sifive_welcome/bsp/install/lib/debug//libmetal.a(riscv_plic0.o)
                0x0000000020405352                __metal_plic0_claim_interrupt
 .text.__metal_plic0_complete_interrupt
                0x000000002040538e       0x46 /mnt/sata_data/qemu/freedom_wb/qemu_sifive_e31_sifive_welcome/bsp/install/lib/debug//libmetal.a(riscv_plic0.o)
                0x000000002040538e                __metal_plic0_complete_interrupt
 .text.__metal_plic0_set_threshold
                0x00000000204053d4       0x46 /mnt/sata_data/qemu/freedom_wb/qemu_sifive_e31_sifive_welcome/bsp/install/lib/debug//libmetal.a(riscv_plic0.o)
                0x00000000204053d4                __metal_plic0_set_threshold
 .text.__metal_plic0_get_threshold
                0x000000002040541a       0x3a /mnt/sata_data/qemu/freedom_wb/qemu_sifive_e31_sifive_welcome/bsp/install/lib/debug//libmetal.a(riscv_plic0.o)
                0x000000002040541a                __metal_plic0_get_threshold
 .text.__metal_driver_riscv_plic0_set_priority
                0x0000000020405454       0x62 /mnt/sata_data/qemu/freedom_wb/qemu_sifive_e31_sifive_welcome/bsp/install/lib/debug//libmetal.a(riscv_plic0.o)
                0x0000000020405454                __metal_driver_riscv_plic0_set_priority
 .text.__metal_driver_riscv_plic0_get_priority
                0x00000000204054b6       0x34 /mnt/sata_data/qemu/freedom_wb/qemu_sifive_e31_sifive_welcome/bsp/install/lib/debug//libmetal.a(riscv_plic0.o)
                0x00000000204054b6                __metal_driver_riscv_plic0_get_priority
 .text.__metal_plic0_enable
                0x00000000204054ea       0xa2 /mnt/sata_data/qemu/freedom_wb/qemu_sifive_e31_sifive_welcome/bsp/install/lib/debug//libmetal.a(riscv_plic0.o)
                0x00000000204054ea                __metal_plic0_enable
 .text.__metal_plic0_default_handler
                0x000000002040558c       0x18 /mnt/sata_data/qemu/freedom_wb/qemu_sifive_e31_sifive_welcome/bsp/install/lib/debug//libmetal.a(riscv_plic0.o)
                0x000000002040558c                __metal_plic0_default_handler
 .text.__metal_plic0_handler
                0x00000000204055a4       0xa4 /mnt/sata_data/qemu/freedom_wb/qemu_sifive_e31_sifive_welcome/bsp/install/lib/debug//libmetal.a(riscv_plic0.o)
                0x00000000204055a4                __metal_plic0_handler
 .text.__metal_driver_riscv_plic0_init
                0x0000000020405648      0x158 /mnt/sata_data/qemu/freedom_wb/qemu_sifive_e31_sifive_welcome/bsp/install/lib/debug//libmetal.a(riscv_plic0.o)
                0x0000000020405648                __metal_driver_riscv_plic0_init
 .text.__metal_driver_riscv_plic0_register
                0x00000000204057a0       0xc2 /mnt/sata_data/qemu/freedom_wb/qemu_sifive_e31_sifive_welcome/bsp/install/lib/debug//libmetal.a(riscv_plic0.o)
                0x00000000204057a0                __metal_driver_riscv_plic0_register
 .text.__metal_driver_riscv_plic0_enable
                0x0000000020405862       0x50 /mnt/sata_data/qemu/freedom_wb/qemu_sifive_e31_sifive_welcome/bsp/install/lib/debug//libmetal.a(riscv_plic0.o)
                0x0000000020405862                __metal_driver_riscv_plic0_enable
 .text.__metal_driver_riscv_plic0_disable
                0x00000000204058b2       0x50 /mnt/sata_data/qemu/freedom_wb/qemu_sifive_e31_sifive_welcome/bsp/install/lib/debug//libmetal.a(riscv_plic0.o)
                0x00000000204058b2                __metal_driver_riscv_plic0_disable
 .text.__metal_driver_riscv_plic0_set_threshold
                0x0000000020405902       0x30 /mnt/sata_data/qemu/freedom_wb/qemu_sifive_e31_sifive_welcome/bsp/install/lib/debug//libmetal.a(riscv_plic0.o)
                0x0000000020405902                __metal_driver_riscv_plic0_set_threshold
 .text.__metal_driver_riscv_plic0_get_threshold
                0x0000000020405932       0x28 /mnt/sata_data/qemu/freedom_wb/qemu_sifive_e31_sifive_welcome/bsp/install/lib/debug//libmetal.a(riscv_plic0.o)
                0x0000000020405932                __metal_driver_riscv_plic0_get_threshold
 .text.__metal_driver_riscv_plic0_affinity_enable
                0x000000002040595a       0x9c /mnt/sata_data/qemu/freedom_wb/qemu_sifive_e31_sifive_welcome/bsp/install/lib/debug//libmetal.a(riscv_plic0.o)
                0x000000002040595a                __metal_driver_riscv_plic0_affinity_enable
 .text.__metal_driver_riscv_plic0_affinity_disable
                0x00000000204059f6       0x9c /mnt/sata_data/qemu/freedom_wb/qemu_sifive_e31_sifive_welcome/bsp/install/lib/debug//libmetal.a(riscv_plic0.o)
                0x00000000204059f6                __metal_driver_riscv_plic0_affinity_disable
 .text.__metal_driver_riscv_plic0_affinity_set_threshold
                0x0000000020405a92       0x74 /mnt/sata_data/qemu/freedom_wb/qemu_sifive_e31_sifive_welcome/bsp/install/lib/debug//libmetal.a(riscv_plic0.o)
                0x0000000020405a92                __metal_driver_riscv_plic0_affinity_set_threshold
 .text.__metal_driver_riscv_plic0_affinity_get_threshold
                0x0000000020405b06       0x28 /mnt/sata_data/qemu/freedom_wb/qemu_sifive_e31_sifive_welcome/bsp/install/lib/debug//libmetal.a(riscv_plic0.o)
                0x0000000020405b06                __metal_driver_riscv_plic0_affinity_get_threshold
 .text.__metal_driver_sifive_fe310_g000_hfrosc_ref
                0x0000000020405b2e       0x1a /mnt/sata_data/qemu/freedom_wb/qemu_sifive_e31_sifive_welcome/bsp/install/lib/debug//libmetal.a(sifive_fe310-g000_hfrosc.o)
 .text.__metal_driver_sifive_fe310_g000_hfrosc_config_base
                0x0000000020405b48       0x16 /mnt/sata_data/qemu/freedom_wb/qemu_sifive_e31_sifive_welcome/bsp/install/lib/debug//libmetal.a(sifive_fe310-g000_hfrosc.o)
 .text.__metal_driver_sifive_fe310_g000_hfrosc_config_offset
                0x0000000020405b5e       0x14 /mnt/sata_data/qemu/freedom_wb/qemu_sifive_e31_sifive_welcome/bsp/install/lib/debug//libmetal.a(sifive_fe310-g000_hfrosc.o)
 .text.__metal_driver_sifive_fe310_g000_prci_vtable
                0x0000000020405b72       0x16 /mnt/sata_data/qemu/freedom_wb/qemu_sifive_e31_sifive_welcome/bsp/install/lib/debug//libmetal.a(sifive_fe310-g000_hfrosc.o)
 .text.__metal_driver_sifive_fe310_g000_hfrosc_get_rate_hz
                0x0000000020405b88       0x84 /mnt/sata_data/qemu/freedom_wb/qemu_sifive_e31_sifive_welcome/bsp/install/lib/debug//libmetal.a(sifive_fe310-g000_hfrosc.o)
                0x0000000020405b88                __metal_driver_sifive_fe310_g000_hfrosc_get_rate_hz
 .text.__metal_driver_sifive_fe310_g000_hfrosc_set_rate_hz
                0x0000000020405c0c       0x22 /mnt/sata_data/qemu/freedom_wb/qemu_sifive_e31_sifive_welcome/bsp/install/lib/debug//libmetal.a(sifive_fe310-g000_hfrosc.o)
                0x0000000020405c0c                __metal_driver_sifive_fe310_g000_hfrosc_set_rate_hz
 .text.__metal_driver_sifive_fe310_g000_hfxosc_ref
                0x0000000020405c2e       0x1a /mnt/sata_data/qemu/freedom_wb/qemu_sifive_e31_sifive_welcome/bsp/install/lib/debug//libmetal.a(sifive_fe310-g000_hfxosc.o)
 .text.__metal_driver_sifive_fe310_g000_hfxosc_config_base
                0x0000000020405c48       0x16 /mnt/sata_data/qemu/freedom_wb/qemu_sifive_e31_sifive_welcome/bsp/install/lib/debug//libmetal.a(sifive_fe310-g000_hfxosc.o)
 .text.__metal_driver_sifive_fe310_g000_hfxosc_config_offset
                0x0000000020405c5e       0x14 /mnt/sata_data/qemu/freedom_wb/qemu_sifive_e31_sifive_welcome/bsp/install/lib/debug//libmetal.a(sifive_fe310-g000_hfxosc.o)
 .text.__metal_driver_sifive_fe310_g000_prci_vtable
                0x0000000020405c72       0x16 /mnt/sata_data/qemu/freedom_wb/qemu_sifive_e31_sifive_welcome/bsp/install/lib/debug//libmetal.a(sifive_fe310-g000_hfxosc.o)
 .text.__metal_driver_sifive_fe310_g000_hfxosc_get_rate_hz
                0x0000000020405c88       0x74 /mnt/sata_data/qemu/freedom_wb/qemu_sifive_e31_sifive_welcome/bsp/install/lib/debug//libmetal.a(sifive_fe310-g000_hfxosc.o)
                0x0000000020405c88                __metal_driver_sifive_fe310_g000_hfxosc_get_rate_hz
 .text.__metal_driver_sifive_fe310_g000_hfxosc_set_rate_hz
                0x0000000020405cfc       0x22 /mnt/sata_data/qemu/freedom_wb/qemu_sifive_e31_sifive_welcome/bsp/install/lib/debug//libmetal.a(sifive_fe310-g000_hfxosc.o)
                0x0000000020405cfc                __metal_driver_sifive_fe310_g000_hfxosc_set_rate_hz
 .text.__metal_driver_sifive_fe310_g000_pll_pllsel0
                0x0000000020405d1e       0x1a /mnt/sata_data/qemu/freedom_wb/qemu_sifive_e31_sifive_welcome/bsp/install/lib/debug//libmetal.a(sifive_fe310-g000_pll.o)
 .text.__metal_driver_sifive_fe310_g000_pll_pllref
                0x0000000020405d38       0x1a /mnt/sata_data/qemu/freedom_wb/qemu_sifive_e31_sifive_welcome/bsp/install/lib/debug//libmetal.a(sifive_fe310-g000_pll.o)
 .text.__metal_driver_sifive_fe310_g000_pll_divider_base
                0x0000000020405d52       0x16 /mnt/sata_data/qemu/freedom_wb/qemu_sifive_e31_sifive_welcome/bsp/install/lib/debug//libmetal.a(sifive_fe310-g000_pll.o)
 .text.__metal_driver_sifive_fe310_g000_pll_divider_offset
                0x0000000020405d68       0x14 /mnt/sata_data/qemu/freedom_wb/qemu_sifive_e31_sifive_welcome/bsp/install/lib/debug//libmetal.a(sifive_fe310-g000_pll.o)
 .text.__metal_driver_sifive_fe310_g000_pll_config_base
                0x0000000020405d7c       0x12 /mnt/sata_data/qemu/freedom_wb/qemu_sifive_e31_sifive_welcome/bsp/install/lib/debug//libmetal.a(sifive_fe310-g000_pll.o)
 .text.__metal_driver_sifive_fe310_g000_pll_config_offset
                0x0000000020405d8e       0x10 /mnt/sata_data/qemu/freedom_wb/qemu_sifive_e31_sifive_welcome/bsp/install/lib/debug//libmetal.a(sifive_fe310-g000_pll.o)
 .text.__metal_driver_sifive_fe310_g000_pll_init_rate
                0x0000000020405d9e       0x16 /mnt/sata_data/qemu/freedom_wb/qemu_sifive_e31_sifive_welcome/bsp/install/lib/debug//libmetal.a(sifive_fe310-g000_pll.o)
 .text.__metal_driver_sifive_fe310_g000_prci_base
                0x0000000020405db4       0x12 /mnt/sata_data/qemu/freedom_wb/qemu_sifive_e31_sifive_welcome/bsp/install/lib/debug//libmetal.a(sifive_fe310-g000_pll.o)
 .text.__metal_driver_sifive_fe310_g000_prci_vtable
                0x0000000020405dc6       0x16 /mnt/sata_data/qemu/freedom_wb/qemu_sifive_e31_sifive_welcome/bsp/install/lib/debug//libmetal.a(sifive_fe310-g000_pll.o)
 .text.get_pll_config_freq
                0x0000000020405ddc       0x4e /mnt/sata_data/qemu/freedom_wb/qemu_sifive_e31_sifive_welcome/bsp/install/lib/debug//libmetal.a(sifive_fe310-g000_pll.o)
 .text.__metal_driver_sifive_fe310_g000_pll_init
                0x0000000020405e2a       0xa4 /mnt/sata_data/qemu/freedom_wb/qemu_sifive_e31_sifive_welcome/bsp/install/lib/debug//libmetal.a(sifive_fe310-g000_pll.o)
                0x0000000020405e2a                __metal_driver_sifive_fe310_g000_pll_init
 .text.__metal_driver_sifive_fe310_g000_pll_get_rate_hz
                0x0000000020405ece      0x170 /mnt/sata_data/qemu/freedom_wb/qemu_sifive_e31_sifive_welcome/bsp/install/lib/debug//libmetal.a(sifive_fe310-g000_pll.o)
                0x0000000020405ece                __metal_driver_sifive_fe310_g000_pll_get_rate_hz
 .text.find_closest_config
                0x000000002040603e       0xac /mnt/sata_data/qemu/freedom_wb/qemu_sifive_e31_sifive_welcome/bsp/install/lib/debug//libmetal.a(sifive_fe310-g000_pll.o)
 .text.configure_pll
                0x00000000204060ea      0x1b0 /mnt/sata_data/qemu/freedom_wb/qemu_sifive_e31_sifive_welcome/bsp/install/lib/debug//libmetal.a(sifive_fe310-g000_pll.o)
 .text.__metal_driver_sifive_fe310_g000_pll_set_rate_hz
                0x000000002040629a      0x166 /mnt/sata_data/qemu/freedom_wb/qemu_sifive_e31_sifive_welcome/bsp/install/lib/debug//libmetal.a(sifive_fe310-g000_pll.o)
                0x000000002040629a                __metal_driver_sifive_fe310_g000_pll_set_rate_hz
 .text.__metal_driver_sifive_fe310_g000_prci_base
                0x0000000020406400       0x12 /mnt/sata_data/qemu/freedom_wb/qemu_sifive_e31_sifive_welcome/bsp/install/lib/debug//libmetal.a(sifive_fe310-g000_prci.o)
 .text.__metal_driver_sifive_fe310_g000_prci_get_reg
                0x0000000020406412       0x2e /mnt/sata_data/qemu/freedom_wb/qemu_sifive_e31_sifive_welcome/bsp/install/lib/debug//libmetal.a(sifive_fe310-g000_prci.o)
                0x0000000020406412                __metal_driver_sifive_fe310_g000_prci_get_reg
 .text.__metal_driver_sifive_fe310_g000_prci_set_reg
                0x0000000020406440       0x38 /mnt/sata_data/qemu/freedom_wb/qemu_sifive_e31_sifive_welcome/bsp/install/lib/debug//libmetal.a(sifive_fe310-g000_prci.o)
                0x0000000020406440                __metal_driver_sifive_fe310_g000_prci_set_reg
 .text.__metal_driver_sifive_gpio0_base
                0x0000000020406478       0x26 /mnt/sata_data/qemu/freedom_wb/qemu_sifive_e31_sifive_welcome/bsp/install/lib/debug//libmetal.a(sifive_gpio0.o)
 .text.__metal_driver_sifive_gpio0_interrupt_parent
                0x000000002040649e       0x2a /mnt/sata_data/qemu/freedom_wb/qemu_sifive_e31_sifive_welcome/bsp/install/lib/debug//libmetal.a(sifive_gpio0.o)
 .text.__metal_driver_sifive_gpio0_interrupt_lines
                0x00000000204064c8      0x1b4 /mnt/sata_data/qemu/freedom_wb/qemu_sifive_e31_sifive_welcome/bsp/install/lib/debug//libmetal.a(sifive_gpio0.o)
 .text.__metal_driver_sifive_gpio0_enable_input
                0x000000002040667c       0x40 /mnt/sata_data/qemu/freedom_wb/qemu_sifive_e31_sifive_welcome/bsp/install/lib/debug//libmetal.a(sifive_gpio0.o)
                0x000000002040667c                __metal_driver_sifive_gpio0_enable_input
 .text.__metal_driver_sifive_gpio0_disable_input
                0x00000000204066bc       0x46 /mnt/sata_data/qemu/freedom_wb/qemu_sifive_e31_sifive_welcome/bsp/install/lib/debug//libmetal.a(sifive_gpio0.o)
                0x00000000204066bc                __metal_driver_sifive_gpio0_disable_input
 .text.__metal_driver_sifive_gpio0_input
                0x0000000020406702       0x2a /mnt/sata_data/qemu/freedom_wb/qemu_sifive_e31_sifive_welcome/bsp/install/lib/debug//libmetal.a(sifive_gpio0.o)
                0x0000000020406702                __metal_driver_sifive_gpio0_input
 .text.__metal_driver_sifive_gpio0_output
                0x000000002040672c       0x2c /mnt/sata_data/qemu/freedom_wb/qemu_sifive_e31_sifive_welcome/bsp/install/lib/debug//libmetal.a(sifive_gpio0.o)
                0x000000002040672c                __metal_driver_sifive_gpio0_output
 .text.__metal_driver_sifive_gpio0_disable_output
                0x0000000020406758       0x46 /mnt/sata_data/qemu/freedom_wb/qemu_sifive_e31_sifive_welcome/bsp/install/lib/debug//libmetal.a(sifive_gpio0.o)
                0x0000000020406758                __metal_driver_sifive_gpio0_disable_output
 .text.__metal_driver_sifive_gpio0_enable_output
                0x000000002040679e       0x40 /mnt/sata_data/qemu/freedom_wb/qemu_sifive_e31_sifive_welcome/bsp/install/lib/debug//libmetal.a(sifive_gpio0.o)
                0x000000002040679e                __metal_driver_sifive_gpio0_enable_output
 .text.__metal_driver_sifive_gpio0_output_set
                0x00000000204067de       0x40 /mnt/sata_data/qemu/freedom_wb/qemu_sifive_e31_sifive_welcome/bsp/install/lib/debug//libmetal.a(sifive_gpio0.o)
                0x00000000204067de                __metal_driver_sifive_gpio0_output_set
 .text.__metal_driver_sifive_gpio0_output_clear
                0x000000002040681e       0x46 /mnt/sata_data/qemu/freedom_wb/qemu_sifive_e31_sifive_welcome/bsp/install/lib/debug//libmetal.a(sifive_gpio0.o)
                0x000000002040681e                __metal_driver_sifive_gpio0_output_clear
 .text.__metal_driver_sifive_gpio0_output_toggle
                0x0000000020406864       0x40 /mnt/sata_data/qemu/freedom_wb/qemu_sifive_e31_sifive_welcome/bsp/install/lib/debug//libmetal.a(sifive_gpio0.o)
                0x0000000020406864                __metal_driver_sifive_gpio0_output_toggle
 .text.__metal_driver_sifive_gpio0_enable_io
                0x00000000204068a4       0x62 /mnt/sata_data/qemu/freedom_wb/qemu_sifive_e31_sifive_welcome/bsp/install/lib/debug//libmetal.a(sifive_gpio0.o)
                0x00000000204068a4                __metal_driver_sifive_gpio0_enable_io
 .text.__metal_driver_sifive_gpio0_disable_io
                0x0000000020406906       0x4a /mnt/sata_data/qemu/freedom_wb/qemu_sifive_e31_sifive_welcome/bsp/install/lib/debug//libmetal.a(sifive_gpio0.o)
                0x0000000020406906                __metal_driver_sifive_gpio0_disable_io
 .text.__metal_driver_sifive_gpio0_config_int
                0x0000000020406950      0x206 /mnt/sata_data/qemu/freedom_wb/qemu_sifive_e31_sifive_welcome/bsp/install/lib/debug//libmetal.a(sifive_gpio0.o)
                0x0000000020406950                __metal_driver_sifive_gpio0_config_int
 .text.__metal_driver_sifive_gpio0_clear_int
                0x0000000020406b56      0x188 /mnt/sata_data/qemu/freedom_wb/qemu_sifive_e31_sifive_welcome/bsp/install/lib/debug//libmetal.a(sifive_gpio0.o)
                0x0000000020406b56                __metal_driver_sifive_gpio0_clear_int
 .text.__metal_driver_gpio_interrupt_controller
                0x0000000020406cde       0x20 /mnt/sata_data/qemu/freedom_wb/qemu_sifive_e31_sifive_welcome/bsp/install/lib/debug//libmetal.a(sifive_gpio0.o)
                0x0000000020406cde                __metal_driver_gpio_interrupt_controller
 .text.__metal_driver_gpio_get_interrupt_id
                0x0000000020406cfe       0x2e /mnt/sata_data/qemu/freedom_wb/qemu_sifive_e31_sifive_welcome/bsp/install/lib/debug//libmetal.a(sifive_gpio0.o)
                0x0000000020406cfe                __metal_driver_gpio_get_interrupt_id
 .text.__metal_driver_sifive_test0_base
                0x0000000020406d2c       0x26 /mnt/sata_data/qemu/freedom_wb/qemu_sifive_e31_sifive_welcome/bsp/install/lib/debug//libmetal.a(sifive_test0.o)
 .text.__metal_driver_sifive_test0_exit
                0x0000000020406d52       0x4a /mnt/sata_data/qemu/freedom_wb/qemu_sifive_e31_sifive_welcome/bsp/install/lib/debug//libmetal.a(sifive_test0.o)
                0x0000000020406d52                __metal_driver_sifive_test0_exit
 .text.__metal_driver_sifive_uart0_control_base
                0x0000000020406d9c       0x2a /mnt/sata_data/qemu/freedom_wb/qemu_sifive_e31_sifive_welcome/bsp/install/lib/debug//libmetal.a(sifive_uart0.o)
 .text.__metal_driver_sifive_uart0_interrupt_parent
                0x0000000020406dc6       0x2e /mnt/sata_data/qemu/freedom_wb/qemu_sifive_e31_sifive_welcome/bsp/install/lib/debug//libmetal.a(sifive_uart0.o)
 .text.__metal_driver_sifive_uart0_interrupt_line
                0x0000000020406df4       0x28 /mnt/sata_data/qemu/freedom_wb/qemu_sifive_e31_sifive_welcome/bsp/install/lib/debug//libmetal.a(sifive_uart0.o)
 .text.__metal_driver_sifive_uart0_clock
                0x0000000020406e1c       0x2e /mnt/sata_data/qemu/freedom_wb/qemu_sifive_e31_sifive_welcome/bsp/install/lib/debug//libmetal.a(sifive_uart0.o)
 .text.__metal_driver_sifive_uart0_pinmux
                0x0000000020406e4a       0x2a /mnt/sata_data/qemu/freedom_wb/qemu_sifive_e31_sifive_welcome/bsp/install/lib/debug//libmetal.a(sifive_uart0.o)
 .text.__metal_driver_sifive_uart0_pinmux_output_selector
                0x0000000020406e74       0x28 /mnt/sata_data/qemu/freedom_wb/qemu_sifive_e31_sifive_welcome/bsp/install/lib/debug//libmetal.a(sifive_uart0.o)
 .text.__metal_driver_sifive_uart0_pinmux_source_selector
                0x0000000020406e9c       0x2a /mnt/sata_data/qemu/freedom_wb/qemu_sifive_e31_sifive_welcome/bsp/install/lib/debug//libmetal.a(sifive_uart0.o)
 .text.__metal_driver_sifive_uart0_interrupt_controller
                0x0000000020406ec6       0x1e /mnt/sata_data/qemu/freedom_wb/qemu_sifive_e31_sifive_welcome/bsp/install/lib/debug//libmetal.a(sifive_uart0.o)
                0x0000000020406ec6                __metal_driver_sifive_uart0_interrupt_controller
 .text.__metal_driver_sifive_uart0_get_interrupt_id
                0x0000000020406ee4       0x1e /mnt/sata_data/qemu/freedom_wb/qemu_sifive_e31_sifive_welcome/bsp/install/lib/debug//libmetal.a(sifive_uart0.o)
                0x0000000020406ee4                __metal_driver_sifive_uart0_get_interrupt_id
 .text.__metal_driver_sifive_uart0_tx_interrupt_enable
                0x0000000020406f02       0x3a /mnt/sata_data/qemu/freedom_wb/qemu_sifive_e31_sifive_welcome/bsp/install/lib/debug//libmetal.a(sifive_uart0.o)
                0x0000000020406f02                __metal_driver_sifive_uart0_tx_interrupt_enable
 .text.__metal_driver_sifive_uart0_tx_interrupt_disable
                0x0000000020406f3c       0x38 /mnt/sata_data/qemu/freedom_wb/qemu_sifive_e31_sifive_welcome/bsp/install/lib/debug//libmetal.a(sifive_uart0.o)
                0x0000000020406f3c                __metal_driver_sifive_uart0_tx_interrupt_disable
 .text.__metal_driver_sifive_uart0_rx_interrupt_enable
                0x0000000020406f74       0x3a /mnt/sata_data/qemu/freedom_wb/qemu_sifive_e31_sifive_welcome/bsp/install/lib/debug//libmetal.a(sifive_uart0.o)
                0x0000000020406f74                __metal_driver_sifive_uart0_rx_interrupt_enable
 .text.__metal_driver_sifive_uart0_rx_interrupt_disable
                0x0000000020406fae       0x38 /mnt/sata_data/qemu/freedom_wb/qemu_sifive_e31_sifive_welcome/bsp/install/lib/debug//libmetal.a(sifive_uart0.o)
                0x0000000020406fae                __metal_driver_sifive_uart0_rx_interrupt_disable
 .text.__metal_driver_sifive_uart0_txready
                0x0000000020406fe6       0x30 /mnt/sata_data/qemu/freedom_wb/qemu_sifive_e31_sifive_welcome/bsp/install/lib/debug//libmetal.a(sifive_uart0.o)
                0x0000000020406fe6                __metal_driver_sifive_uart0_txready
 .text.__metal_driver_sifive_uart0_set_tx_watermark
                0x0000000020407016       0x4a /mnt/sata_data/qemu/freedom_wb/qemu_sifive_e31_sifive_welcome/bsp/install/lib/debug//libmetal.a(sifive_uart0.o)
                0x0000000020407016                __metal_driver_sifive_uart0_set_tx_watermark
 .text.__metal_driver_sifive_uart0_get_tx_watermark
                0x0000000020407060       0x30 /mnt/sata_data/qemu/freedom_wb/qemu_sifive_e31_sifive_welcome/bsp/install/lib/debug//libmetal.a(sifive_uart0.o)
                0x0000000020407060                __metal_driver_sifive_uart0_get_tx_watermark
 .text.__metal_driver_sifive_uart0_set_rx_watermark
                0x0000000020407090       0x4a /mnt/sata_data/qemu/freedom_wb/qemu_sifive_e31_sifive_welcome/bsp/install/lib/debug//libmetal.a(sifive_uart0.o)
                0x0000000020407090                __metal_driver_sifive_uart0_set_rx_watermark
 .text.__metal_driver_sifive_uart0_get_rx_watermark
                0x00000000204070da       0x30 /mnt/sata_data/qemu/freedom_wb/qemu_sifive_e31_sifive_welcome/bsp/install/lib/debug//libmetal.a(sifive_uart0.o)
                0x00000000204070da                __metal_driver_sifive_uart0_get_rx_watermark
 .text.__metal_driver_sifive_uart0_putc
                0x000000002040710a       0x42 /mnt/sata_data/qemu/freedom_wb/qemu_sifive_e31_sifive_welcome/bsp/install/lib/debug//libmetal.a(sifive_uart0.o)
                0x000000002040710a                __metal_driver_sifive_uart0_putc
 .text.__metal_driver_sifive_uart0_getc
                0x000000002040714c       0x56 /mnt/sata_data/qemu/freedom_wb/qemu_sifive_e31_sifive_welcome/bsp/install/lib/debug//libmetal.a(sifive_uart0.o)
                0x000000002040714c                __metal_driver_sifive_uart0_getc
 .text.__metal_driver_sifive_uart0_get_baud_rate
                0x00000000204071a2       0x20 /mnt/sata_data/qemu/freedom_wb/qemu_sifive_e31_sifive_welcome/bsp/install/lib/debug//libmetal.a(sifive_uart0.o)
                0x00000000204071a2                __metal_driver_sifive_uart0_get_baud_rate
 .text.__metal_driver_sifive_uart0_set_baud_rate
                0x00000000204071c2       0xa0 /mnt/sata_data/qemu/freedom_wb/qemu_sifive_e31_sifive_welcome/bsp/install/lib/debug//libmetal.a(sifive_uart0.o)
                0x00000000204071c2                __metal_driver_sifive_uart0_set_baud_rate
 .text.pre_rate_change_callback_func
                0x0000000020407262       0xda /mnt/sata_data/qemu/freedom_wb/qemu_sifive_e31_sifive_welcome/bsp/install/lib/debug//libmetal.a(sifive_uart0.o)
 .text.post_rate_change_callback_func
                0x000000002040733c       0x30 /mnt/sata_data/qemu/freedom_wb/qemu_sifive_e31_sifive_welcome/bsp/install/lib/debug//libmetal.a(sifive_uart0.o)
 .text.__metal_driver_sifive_uart0_init
                0x000000002040736c       0xd2 /mnt/sata_data/qemu/freedom_wb/qemu_sifive_e31_sifive_welcome/bsp/install/lib/debug//libmetal.a(sifive_uart0.o)
                0x000000002040736c                __metal_driver_sifive_uart0_init
 .text._metal_clock_call_all_callbacks
                0x000000002040743e       0x42 /mnt/sata_data/qemu/freedom_wb/qemu_sifive_e31_sifive_welcome/bsp/install/lib/debug//libmetal.a(clock.o)
                0x000000002040743e                _metal_clock_call_all_callbacks
 .text._metal_clock_append_to_callbacks
                0x0000000020407480       0x54 /mnt/sata_data/qemu/freedom_wb/qemu_sifive_e31_sifive_welcome/bsp/install/lib/debug//libmetal.a(clock.o)
                0x0000000020407480                _metal_clock_append_to_callbacks
 .text.metal_clock_get_rate_hz
                0x00000000204074d4       0x26 /mnt/sata_data/qemu/freedom_wb/qemu_sifive_e31_sifive_welcome/bsp/install/lib/debug//libmetal.a(clock.o)
                0x00000000204074d4                metal_clock_get_rate_hz
 .text.metal_clock_set_rate_hz
                0x00000000204074fa       0x4a /mnt/sata_data/qemu/freedom_wb/qemu_sifive_e31_sifive_welcome/bsp/install/lib/debug//libmetal.a(clock.o)
                0x00000000204074fa                metal_clock_set_rate_hz
 .text.metal_clock_register_pre_rate_change_callback
                0x0000000020407544       0x32 /mnt/sata_data/qemu/freedom_wb/qemu_sifive_e31_sifive_welcome/bsp/install/lib/debug//libmetal.a(clock.o)
                0x0000000020407544                metal_clock_register_pre_rate_change_callback
 .text.metal_clock_register_post_rate_change_callback
                0x0000000020407576       0x32 /mnt/sata_data/qemu/freedom_wb/qemu_sifive_e31_sifive_welcome/bsp/install/lib/debug//libmetal.a(clock.o)
                0x0000000020407576                metal_clock_register_post_rate_change_callback
 .text.metal_cpu_interrupt_controller
                0x00000000204075a8       0x26 /mnt/sata_data/qemu/freedom_wb/qemu_sifive_e31_sifive_welcome/bsp/install/lib/debug//libmetal.a(cpu.o)
                0x00000000204075a8                metal_cpu_interrupt_controller
 .text.metal_cpu_get
                0x00000000204075ce       0x2e /mnt/sata_data/qemu/freedom_wb/qemu_sifive_e31_sifive_welcome/bsp/install/lib/debug//libmetal.a(cpu.o)
                0x00000000204075ce                metal_cpu_get
 .text.metal_cpu_get_current_hartid
                0x00000000204075fc       0x1a /mnt/sata_data/qemu/freedom_wb/qemu_sifive_e31_sifive_welcome/bsp/install/lib/debug//libmetal.a(cpu.o)
                0x00000000204075fc                metal_cpu_get_current_hartid
 *fill*         0x0000000020407616       0x6a 
 .text          0x0000000020407680       0x80 /mnt/sata_data/qemu/freedom_wb/qemu_sifive_e31_sifive_welcome/bsp/install/lib/debug//libmetal.a(vector.o)
                0x0000000020407680                __metal_vector_table
 .text.__metal_driver_fixed_clock_rate
                0x0000000020407700       0x62 /mnt/sata_data/qemu/freedom_wb/qemu_sifive_e31_sifive_welcome/bsp/install/lib/debug//libmetal.a(fixed-clock.o)
 .text.__metal_driver_fixed_clock_get_rate_hz
                0x0000000020407762       0x1e /mnt/sata_data/qemu/freedom_wb/qemu_sifive_e31_sifive_welcome/bsp/install/lib/debug//libmetal.a(fixed-clock.o)
                0x0000000020407762                __metal_driver_fixed_clock_get_rate_hz
 .text.__metal_driver_fixed_clock_set_rate_hz
                0x0000000020407780       0x22 /mnt/sata_data/qemu/freedom_wb/qemu_sifive_e31_sifive_welcome/bsp/install/lib/debug//libmetal.a(fixed-clock.o)
                0x0000000020407780                __metal_driver_fixed_clock_set_rate_hz
 *(.gnu.linkonce.t.*)

.rela.dyn       0x00000000204077a4        0x0
 .rela.text._vfprintf_r
                0x00000000204077a4        0x0 /tmp/ccaXlss8.o
 .rela.text.metal.init.enter
                0x00000000204077a4        0x0 /tmp/ccaXlss8.o
 .rela.text.metal.init.scrub
                0x00000000204077a4        0x0 /tmp/ccaXlss8.o
 .rela.text.libgloss.start
                0x00000000204077a4        0x0 /tmp/ccaXlss8.o
 .rela.sdata.__brk
                0x00000000204077a4        0x0 /tmp/ccaXlss8.o
 .rela.text._sbrk
                0x00000000204077a4        0x0 /tmp/ccaXlss8.o
 .rela.text.__libc_fini_array
                0x00000000204077a4        0x0 /tmp/ccaXlss8.o
 .rela.text.__libc_init_array
                0x00000000204077a4        0x0 /tmp/ccaXlss8.o
 .rela.text.__register_exitproc